<html>
<body>
<pre>
<h1>µVision Build Log</h1>
<h2>Project:</h2>
C:\Documents and Settings\Admin\Desktop\LPC1700_FatFs_Prj\LPC1700_FatFs.uvproj
Project File Date:  02/03/2010

<h2>Output:</h2>
Build target 'MCB1768_Flash'
compiling main.c...
Main\main.c(172): warning:  #177-D: variable "ptr" was declared but never referenced
Main\main.c(172): warning:  #177-D: variable "ptr2" was declared but never referenced
Main\main.c(173): warning:  #177-D: variable "p1" was declared but never referenced
Main\main.c(173): warning:  #177-D: variable "p2" was declared but never referenced
Main\main.c(173): warning:  #177-D: variable "p3" was declared but never referenced
Main\main.c(174): warning:  #177-D: variable "f_res" was declared but never referenced
Main\main.c(174): warning:  #550-D: variable "sonuc" was set but never used
Main\main.c(175): warning:  #177-D: variable "d_res" was declared but never referenced
Main\main.c(176): warning:  #177-D: variable "b1" was declared but never referenced
Main\main.c(177): warning:  #177-D: variable "w1" was declared but never referenced
Main\main.c(178): warning:  #177-D: variable "s1" was declared but never referenced
Main\main.c(178): warning:  #177-D: variable "cnt" was declared but never referenced
Main\main.c(179): warning:  #177-D: variable "ofs" was declared but never referenced
Main\main.c(179): warning:  #177-D: variable "sect" was declared but never referenced
Main\main.c(180): warning:  #177-D: variable "fs" was declared but never referenced
Main\main.c(181): warning:  #177-D: variable "rtc" was declared but never referenced
Main\main.c(182): warning:  #550-D: variable "durum" was set but never used
Main\main.c(30): warning:  #177-D: variable "Buff" was declared but never referenced
Main\main.c(31): warning:  #177-D: variable "blen" was declared but never referenced
Main\main.c(84): warning:  #177-D: function "put_rc" was declared but never referenced
linking...
Program Size: Code=17800 RO-data=2172 RW-data=32 ZI-data=3360  
FromELF: creating hex file...
".\Flash\LPC1700_FatFs.axf" - 0 Error(s), 20 Warning(s).
Build target 'MCB1768_Flash'
compiling main.c...
Main\main.c(172): warning:  #177-D: variable "ptr" was declared but never referenced
Main\main.c(172): warning:  #177-D: variable "ptr2" was declared but never referenced
Main\main.c(173): warning:  #177-D: variable "p1" was declared but never referenced
Main\main.c(173): warning:  #177-D: variable "p2" was declared but never referenced
Main\main.c(173): warning:  #177-D: variable "p3" was declared but never referenced
Main\main.c(174): warning:  #177-D: variable "f_res" was declared but never referenced
Main\main.c(174): warning:  #550-D: variable "sonuc" was set but never used
Main\main.c(175): warning:  #177-D: variable "d_res" was declared but never referenced
Main\main.c(176): warning:  #177-D: variable "b1" was declared but never referenced
Main\main.c(177): warning:  #177-D: variable "w1" was declared but never referenced
Main\main.c(178): warning:  #177-D: variable "s1" was declared but never referenced
Main\main.c(178): warning:  #177-D: variable "cnt" was declared but never referenced
Main\main.c(179): warning:  #177-D: variable "ofs" was declared but never referenced
Main\main.c(179): warning:  #177-D: variable "sect" was declared but never referenced
Main\main.c(180): warning:  #177-D: variable "fs" was declared but never referenced
Main\main.c(181): warning:  #177-D: variable "rtc" was declared but never referenced
Main\main.c(182): warning:  #550-D: variable "durum" was set but never used
Main\main.c(30): warning:  #177-D: variable "Buff" was declared but never referenced
Main\main.c(31): warning:  #177-D: variable "blen" was declared but never referenced
Main\main.c(84): warning:  #177-D: function "put_rc" was declared but never referenced
linking...
Program Size: Code=17884 RO-data=2212 RW-data=32 ZI-data=3360  
FromELF: creating hex file...
".\Flash\LPC1700_FatFs.axf" - 0 Error(s), 20 Warning(s).
Build target 'MCB1768_Flash'
compiling main.c...
Main\main.c(172): warning:  #177-D: variable "ptr" was declared but never referenced
Main\main.c(172): warning:  #177-D: variable "ptr2" was declared but never referenced
Main\main.c(173): warning:  #177-D: variable "p1" was declared but never referenced
Main\main.c(173): warning:  #177-D: variable "p2" was declared but never referenced
Main\main.c(173): warning:  #177-D: variable "p3" was declared but never referenced
Main\main.c(174): warning:  #177-D: variable "f_res" was declared but never referenced
Main\main.c(174): warning:  #550-D: variable "sonuc" was set but never used
Main\main.c(175): warning:  #177-D: variable "d_res" was declared but never referenced
Main\main.c(176): warning:  #177-D: variable "b1" was declared but never referenced
Main\main.c(177): warning:  #177-D: variable "w1" was declared but never referenced
Main\main.c(178): warning:  #177-D: variable "s1" was declared but never referenced
Main\main.c(178): warning:  #177-D: variable "cnt" was declared but never referenced
Main\main.c(179): warning:  #177-D: variable "ofs" was declared but never referenced
Main\main.c(179): warning:  #177-D: variable "sect" was declared but never referenced
Main\main.c(180): warning:  #177-D: variable "fs" was declared but never referenced
Main\main.c(181): warning:  #177-D: variable "rtc" was declared but never referenced
Main\main.c(182): warning:  #550-D: variable "durum" was set but never used
Main\main.c(30): warning:  #177-D: variable "Buff" was declared but never referenced
Main\main.c(31): warning:  #177-D: variable "blen" was declared but never referenced
Main\main.c(84): warning:  #177-D: function "put_rc" was declared but never referenced
linking...
Program Size: Code=17884 RO-data=2212 RW-data=32 ZI-data=3360  
FromELF: creating hex file...
".\Flash\LPC1700_FatFs.axf" - 0 Error(s), 20 Warning(s).
Build target 'MCB1768_Flash'
compiling main.c...
Main\main.c(172): warning:  #177-D: variable "ptr" was declared but never referenced
Main\main.c(172): warning:  #177-D: variable "ptr2" was declared but never referenced
Main\main.c(173): warning:  #177-D: variable "p1" was declared but never referenced
Main\main.c(173): warning:  #177-D: variable "p2" was declared but never referenced
Main\main.c(173): warning:  #177-D: variable "p3" was declared but never referenced
Main\main.c(174): warning:  #177-D: variable "f_res" was declared but never referenced
Main\main.c(174): warning:  #550-D: variable "sonuc" was set but never used
Main\main.c(175): warning:  #177-D: variable "d_res" was declared but never referenced
Main\main.c(176): warning:  #177-D: variable "b1" was declared but never referenced
Main\main.c(177): warning:  #177-D: variable "w1" was declared but never referenced
Main\main.c(178): warning:  #177-D: variable "s1" was declared but never referenced
Main\main.c(178): warning:  #177-D: variable "cnt" was declared but never referenced
Main\main.c(179): warning:  #177-D: variable "ofs" was declared but never referenced
Main\main.c(179): warning:  #177-D: variable "sect" was declared but never referenced
Main\main.c(180): warning:  #177-D: variable "fs" was declared but never referenced
Main\main.c(181): warning:  #177-D: variable "rtc" was declared but never referenced
Main\main.c(182): warning:  #550-D: variable "durum" was set but never used
Main\main.c(30): warning:  #177-D: variable "Buff" was declared but never referenced
Main\main.c(31): warning:  #177-D: variable "blen" was declared but never referenced
Main\main.c(84): warning:  #177-D: function "put_rc" was declared but never referenced
linking...
Program Size: Code=17900 RO-data=2212 RW-data=32 ZI-data=3360  
FromELF: creating hex file...
".\Flash\LPC1700_FatFs.axf" - 0 Error(s), 20 Warning(s).
Build target 'MCB1768_Flash'
compiling main.c...
Main\main.c(172): warning:  #177-D: variable "ptr" was declared but never referenced
Main\main.c(172): warning:  #177-D: variable "ptr2" was declared but never referenced
Main\main.c(173): warning:  #177-D: variable "p1" was declared but never referenced
Main\main.c(173): warning:  #177-D: variable "p2" was declared but never referenced
Main\main.c(173): warning:  #177-D: variable "p3" was declared but never referenced
Main\main.c(174): warning:  #177-D: variable "f_res" was declared but never referenced
Main\main.c(174): warning:  #550-D: variable "sonuc" was set but never used
Main\main.c(175): warning:  #177-D: variable "d_res" was declared but never referenced
Main\main.c(176): warning:  #177-D: variable "b1" was declared but never referenced
Main\main.c(177): warning:  #177-D: variable "w1" was declared but never referenced
Main\main.c(178): warning:  #177-D: variable "s1" was declared but never referenced
Main\main.c(178): warning:  #177-D: variable "cnt" was declared but never referenced
Main\main.c(179): warning:  #177-D: variable "ofs" was declared but never referenced
Main\main.c(179): warning:  #177-D: variable "sect" was declared but never referenced
Main\main.c(180): warning:  #177-D: variable "fs" was declared but never referenced
Main\main.c(181): warning:  #177-D: variable "rtc" was declared but never referenced
Main\main.c(182): warning:  #550-D: variable "durum" was set but never used
Main\main.c(30): warning:  #177-D: variable "Buff" was declared but never referenced
Main\main.c(31): warning:  #177-D: variable "blen" was declared but never referenced
Main\main.c(84): warning:  #177-D: function "put_rc" was declared but never referenced
linking...
Program Size: Code=17884 RO-data=2212 RW-data=32 ZI-data=3360  
FromELF: creating hex file...
".\Flash\LPC1700_FatFs.axf" - 0 Error(s), 20 Warning(s).
Build target 'MCB1768_Flash'
compiling main.c...
Main\main.c(172): warning:  #177-D: variable "ptr" was declared but never referenced
Main\main.c(172): warning:  #177-D: variable "ptr2" was declared but never referenced
Main\main.c(173): warning:  #177-D: variable "p1" was declared but never referenced
Main\main.c(173): warning:  #177-D: variable "p2" was declared but never referenced
Main\main.c(173): warning:  #177-D: variable "p3" was declared but never referenced
Main\main.c(174): warning:  #177-D: variable "f_res" was declared but never referenced
Main\main.c(174): warning:  #550-D: variable "sonuc" was set but never used
Main\main.c(175): warning:  #177-D: variable "d_res" was declared but never referenced
Main\main.c(176): warning:  #177-D: variable "b1" was declared but never referenced
Main\main.c(177): warning:  #177-D: variable "w1" was declared but never referenced
Main\main.c(178): warning:  #177-D: variable "s1" was declared but never referenced
Main\main.c(178): warning:  #177-D: variable "cnt" was declared but never referenced
Main\main.c(179): warning:  #177-D: variable "ofs" was declared but never referenced
Main\main.c(179): warning:  #177-D: variable "sect" was declared but never referenced
Main\main.c(180): warning:  #177-D: variable "fs" was declared but never referenced
Main\main.c(181): warning:  #177-D: variable "rtc" was declared but never referenced
Main\main.c(182): warning:  #550-D: variable "durum" was set but never used
Main\main.c(30): warning:  #177-D: variable "Buff" was declared but never referenced
Main\main.c(31): warning:  #177-D: variable "blen" was declared but never referenced
Main\main.c(84): warning:  #177-D: function "put_rc" was declared but never referenced
linking...
Program Size: Code=17896 RO-data=2212 RW-data=32 ZI-data=3360  
FromELF: creating hex file...
".\Flash\LPC1700_FatFs.axf" - 0 Error(s), 20 Warning(s).
Build target 'MCB1768_Flash'
compiling main.c...
Main\main.c(172): warning:  #177-D: variable "ptr" was declared but never referenced
Main\main.c(172): warning:  #177-D: variable "ptr2" was declared but never referenced
Main\main.c(173): warning:  #177-D: variable "p1" was declared but never referenced
Main\main.c(173): warning:  #177-D: variable "p2" was declared but never referenced
Main\main.c(173): warning:  #177-D: variable "p3" was declared but never referenced
Main\main.c(174): warning:  #177-D: variable "f_res" was declared but never referenced
Main\main.c(174): warning:  #550-D: variable "sonuc" was set but never used
Main\main.c(175): warning:  #177-D: variable "d_res" was declared but never referenced
Main\main.c(176): warning:  #177-D: variable "b1" was declared but never referenced
Main\main.c(177): warning:  #177-D: variable "w1" was declared but never referenced
Main\main.c(178): warning:  #177-D: variable "s1" was declared but never referenced
Main\main.c(178): warning:  #177-D: variable "cnt" was declared but never referenced
Main\main.c(179): warning:  #177-D: variable "ofs" was declared but never referenced
Main\main.c(179): warning:  #177-D: variable "sect" was declared but never referenced
Main\main.c(180): warning:  #177-D: variable "fs" was declared but never referenced
Main\main.c(181): warning:  #177-D: variable "rtc" was declared but never referenced
Main\main.c(182): warning:  #550-D: variable "durum" was set but never used
Main\main.c(30): warning:  #177-D: variable "Buff" was declared but never referenced
Main\main.c(31): warning:  #177-D: variable "blen" was declared but never referenced
Main\main.c(84): warning:  #177-D: function "put_rc" was declared but never referenced
linking...
Program Size: Code=17900 RO-data=2212 RW-data=32 ZI-data=3360  
FromELF: creating hex file...
".\Flash\LPC1700_FatFs.axf" - 0 Error(s), 20 Warning(s).
Build target 'MCB1768_Flash'
compiling main.c...
Main\main.c(172): warning:  #177-D: variable "ptr" was declared but never referenced
Main\main.c(172): warning:  #177-D: variable "ptr2" was declared but never referenced
Main\main.c(173): warning:  #177-D: variable "p1" was declared but never referenced
Main\main.c(173): warning:  #177-D: variable "p2" was declared but never referenced
Main\main.c(173): warning:  #177-D: variable "p3" was declared but never referenced
Main\main.c(174): warning:  #177-D: variable "f_res" was declared but never referenced
Main\main.c(174): warning:  #550-D: variable "sonuc" was set but never used
Main\main.c(175): warning:  #177-D: variable "d_res" was declared but never referenced
Main\main.c(176): warning:  #177-D: variable "b1" was declared but never referenced
Main\main.c(177): warning:  #177-D: variable "w1" was declared but never referenced
Main\main.c(178): warning:  #177-D: variable "s1" was declared but never referenced
Main\main.c(178): warning:  #177-D: variable "cnt" was declared but never referenced
Main\main.c(179): warning:  #177-D: variable "ofs" was declared but never referenced
Main\main.c(179): warning:  #177-D: variable "sect" was declared but never referenced
Main\main.c(180): warning:  #177-D: variable "fs" was declared but never referenced
Main\main.c(181): warning:  #177-D: variable "rtc" was declared but never referenced
Main\main.c(182): warning:  #550-D: variable "durum" was set but never used
Main\main.c(30): warning:  #177-D: variable "Buff" was declared but never referenced
Main\main.c(31): warning:  #177-D: variable "blen" was declared but never referenced
Main\main.c(84): warning:  #177-D: function "put_rc" was declared but never referenced
linking...
Program Size: Code=17900 RO-data=2212 RW-data=32 ZI-data=3360  
FromELF: creating hex file...
".\Flash\LPC1700_FatFs.axf" - 0 Error(s), 20 Warning(s).
Build target 'MCB1768_Flash'
compiling main.c...
Main\main.c(172): warning:  #177-D: variable "ptr" was declared but never referenced
Main\main.c(172): warning:  #177-D: variable "ptr2" was declared but never referenced
Main\main.c(173): warning:  #177-D: variable "p1" was declared but never referenced
Main\main.c(173): warning:  #177-D: variable "p2" was declared but never referenced
Main\main.c(173): warning:  #177-D: variable "p3" was declared but never referenced
Main\main.c(174): warning:  #177-D: variable "f_res" was declared but never referenced
Main\main.c(174): warning:  #550-D: variable "sonuc" was set but never used
Main\main.c(175): warning:  #177-D: variable "d_res" was declared but never referenced
Main\main.c(176): warning:  #177-D: variable "b1" was declared but never referenced
Main\main.c(177): warning:  #177-D: variable "w1" was declared but never referenced
Main\main.c(178): warning:  #177-D: variable "s1" was declared but never referenced
Main\main.c(178): warning:  #177-D: variable "cnt" was declared but never referenced
Main\main.c(179): warning:  #177-D: variable "ofs" was declared but never referenced
Main\main.c(179): warning:  #177-D: variable "sect" was declared but never referenced
Main\main.c(180): warning:  #177-D: variable "fs" was declared but never referenced
Main\main.c(181): warning:  #177-D: variable "rtc" was declared but never referenced
Main\main.c(182): warning:  #550-D: variable "durum" was set but never used
Main\main.c(30): warning:  #177-D: variable "Buff" was declared but never referenced
Main\main.c(31): warning:  #177-D: variable "blen" was declared but never referenced
Main\main.c(84): warning:  #177-D: function "put_rc" was declared but never referenced
linking...
Program Size: Code=17912 RO-data=2212 RW-data=32 ZI-data=3360  
FromELF: creating hex file...
".\Flash\LPC1700_FatFs.axf" - 0 Error(s), 20 Warning(s).
Build target 'MCB1768_Flash'
compiling main.c...
Main\main.c(172): warning:  #177-D: variable "ptr" was declared but never referenced
Main\main.c(172): warning:  #177-D: variable "ptr2" was declared but never referenced
Main\main.c(173): warning:  #177-D: variable "p1" was declared but never referenced
Main\main.c(173): warning:  #177-D: variable "p2" was declared but never referenced
Main\main.c(173): warning:  #177-D: variable "p3" was declared but never referenced
Main\main.c(174): warning:  #177-D: variable "f_res" was declared but never referenced
Main\main.c(174): warning:  #550-D: variable "sonuc" was set but never used
Main\main.c(175): warning:  #177-D: variable "d_res" was declared but never referenced
Main\main.c(176): warning:  #177-D: variable "b1" was declared but never referenced
Main\main.c(177): warning:  #177-D: variable "w1" was declared but never referenced
Main\main.c(178): warning:  #177-D: variable "s1" was declared but never referenced
Main\main.c(178): warning:  #177-D: variable "cnt" was declared but never referenced
Main\main.c(179): warning:  #177-D: variable "ofs" was declared but never referenced
Main\main.c(179): warning:  #177-D: variable "sect" was declared but never referenced
Main\main.c(180): warning:  #177-D: variable "fs" was declared but never referenced
Main\main.c(181): warning:  #177-D: variable "rtc" was declared but never referenced
Main\main.c(182): warning:  #550-D: variable "durum" was set but never used
Main\main.c(30): warning:  #177-D: variable "Buff" was declared but never referenced
Main\main.c(31): warning:  #177-D: variable "blen" was declared but never referenced
Main\main.c(84): warning:  #177-D: function "put_rc" was declared but never referenced
linking...
Program Size: Code=17912 RO-data=2212 RW-data=32 ZI-data=3360  
FromELF: creating hex file...
".\Flash\LPC1700_FatFs.axf" - 0 Error(s), 20 Warning(s).
Build target 'MCB1768_Flash'
compiling main.c...
Main\main.c(172): warning:  #177-D: variable "ptr" was declared but never referenced
Main\main.c(172): warning:  #177-D: variable "ptr2" was declared but never referenced
Main\main.c(173): warning:  #177-D: variable "p1" was declared but never referenced
Main\main.c(173): warning:  #177-D: variable "p2" was declared but never referenced
Main\main.c(173): warning:  #177-D: variable "p3" was declared but never referenced
Main\main.c(174): warning:  #177-D: variable "f_res" was declared but never referenced
Main\main.c(174): warning:  #550-D: variable "sonuc" was set but never used
Main\main.c(175): warning:  #177-D: variable "d_res" was declared but never referenced
Main\main.c(176): warning:  #177-D: variable "b1" was declared but never referenced
Main\main.c(177): warning:  #177-D: variable "w1" was declared but never referenced
Main\main.c(178): warning:  #177-D: variable "s1" was declared but never referenced
Main\main.c(178): warning:  #177-D: variable "cnt" was declared but never referenced
Main\main.c(179): warning:  #177-D: variable "ofs" was declared but never referenced
Main\main.c(179): warning:  #177-D: variable "sect" was declared but never referenced
Main\main.c(180): warning:  #177-D: variable "fs" was declared but never referenced
Main\main.c(181): warning:  #177-D: variable "rtc" was declared but never referenced
Main\main.c(182): warning:  #550-D: variable "durum" was set but never used
Main\main.c(30): warning:  #177-D: variable "Buff" was declared but never referenced
Main\main.c(31): warning:  #177-D: variable "blen" was declared but never referenced
Main\main.c(84): warning:  #177-D: function "put_rc" was declared but never referenced
linking...
Program Size: Code=17912 RO-data=2212 RW-data=32 ZI-data=3360  
FromELF: creating hex file...
".\Flash\LPC1700_FatFs.axf" - 0 Error(s), 20 Warning(s).
Build target 'MCB1768_Flash'
compiling main.c...
Main\main.c(172): warning:  #177-D: variable "ptr" was declared but never referenced
Main\main.c(172): warning:  #177-D: variable "ptr2" was declared but never referenced
Main\main.c(173): warning:  #177-D: variable "p1" was declared but never referenced
Main\main.c(173): warning:  #177-D: variable "p2" was declared but never referenced
Main\main.c(173): warning:  #177-D: variable "p3" was declared but never referenced
Main\main.c(174): warning:  #177-D: variable "f_res" was declared but never referenced
Main\main.c(174): warning:  #550-D: variable "sonuc" was set but never used
Main\main.c(175): warning:  #177-D: variable "d_res" was declared but never referenced
Main\main.c(176): warning:  #177-D: variable "b1" was declared but never referenced
Main\main.c(177): warning:  #177-D: variable "w1" was declared but never referenced
Main\main.c(178): warning:  #177-D: variable "s1" was declared but never referenced
Main\main.c(178): warning:  #177-D: variable "cnt" was declared but never referenced
Main\main.c(179): warning:  #177-D: variable "ofs" was declared but never referenced
Main\main.c(179): warning:  #177-D: variable "sect" was declared but never referenced
Main\main.c(180): warning:  #177-D: variable "fs" was declared but never referenced
Main\main.c(181): warning:  #177-D: variable "rtc" was declared but never referenced
Main\main.c(182): warning:  #550-D: variable "durum" was set but never used
Main\main.c(30): warning:  #177-D: variable "Buff" was declared but never referenced
Main\main.c(31): warning:  #177-D: variable "blen" was declared but never referenced
Main\main.c(84): warning:  #177-D: function "put_rc" was declared but never referenced
linking...
Program Size: Code=17912 RO-data=2212 RW-data=32 ZI-data=3360  
FromELF: creating hex file...
".\Flash\LPC1700_FatFs.axf" - 0 Error(s), 20 Warning(s).
Build target 'MCB1768_Flash'
compiling main.c...
Main\main.c(172): warning:  #177-D: variable "ptr" was declared but never referenced
Main\main.c(172): warning:  #177-D: variable "ptr2" was declared but never referenced
Main\main.c(173): warning:  #177-D: variable "p1" was declared but never referenced
Main\main.c(173): warning:  #177-D: variable "p2" was declared but never referenced
Main\main.c(173): warning:  #177-D: variable "p3" was declared but never referenced
Main\main.c(174): warning:  #177-D: variable "f_res" was declared but never referenced
Main\main.c(174): warning:  #550-D: variable "sonuc" was set but never used
Main\main.c(175): warning:  #177-D: variable "d_res" was declared but never referenced
Main\main.c(176): warning:  #177-D: variable "b1" was declared but never referenced
Main\main.c(177): warning:  #177-D: variable "w1" was declared but never referenced
Main\main.c(178): warning:  #177-D: variable "s1" was declared but never referenced
Main\main.c(178): warning:  #177-D: variable "cnt" was declared but never referenced
Main\main.c(179): warning:  #177-D: variable "ofs" was declared but never referenced
Main\main.c(179): warning:  #177-D: variable "sect" was declared but never referenced
Main\main.c(180): warning:  #177-D: variable "fs" was declared but never referenced
Main\main.c(181): warning:  #177-D: variable "rtc" was declared but never referenced
Main\main.c(182): warning:  #550-D: variable "durum" was set but never used
Main\main.c(30): warning:  #177-D: variable "Buff" was declared but never referenced
Main\main.c(31): warning:  #177-D: variable "blen" was declared but never referenced
Main\main.c(84): warning:  #177-D: function "put_rc" was declared but never referenced
linking...
Program Size: Code=17912 RO-data=2212 RW-data=32 ZI-data=3360  
FromELF: creating hex file...
".\Flash\LPC1700_FatFs.axf" - 0 Error(s), 20 Warning(s).
Build target 'MCB1768_Flash'
compiling main.c...
Main\main.c(172): warning:  #177-D: variable "ptr" was declared but never referenced
Main\main.c(172): warning:  #177-D: variable "ptr2" was declared but never referenced
Main\main.c(173): warning:  #177-D: variable "p1" was declared but never referenced
Main\main.c(173): warning:  #177-D: variable "p2" was declared but never referenced
Main\main.c(173): warning:  #177-D: variable "p3" was declared but never referenced
Main\main.c(174): warning:  #177-D: variable "f_res" was declared but never referenced
Main\main.c(174): warning:  #550-D: variable "sonuc" was set but never used
Main\main.c(175): warning:  #177-D: variable "d_res" was declared but never referenced
Main\main.c(176): warning:  #177-D: variable "b1" was declared but never referenced
Main\main.c(177): warning:  #177-D: variable "w1" was declared but never referenced
Main\main.c(178): warning:  #177-D: variable "s1" was declared but never referenced
Main\main.c(178): warning:  #177-D: variable "cnt" was declared but never referenced
Main\main.c(179): warning:  #177-D: variable "ofs" was declared but never referenced
Main\main.c(179): warning:  #177-D: variable "sect" was declared but never referenced
Main\main.c(180): warning:  #177-D: variable "fs" was declared but never referenced
Main\main.c(181): warning:  #177-D: variable "rtc" was declared but never referenced
Main\main.c(182): warning:  #550-D: variable "durum" was set but never used
Main\main.c(30): warning:  #177-D: variable "Buff" was declared but never referenced
Main\main.c(31): warning:  #177-D: variable "blen" was declared but never referenced
Main\main.c(84): warning:  #177-D: function "put_rc" was declared but never referenced
linking...
Program Size: Code=17912 RO-data=2212 RW-data=32 ZI-data=3360  
FromELF: creating hex file...
".\Flash\LPC1700_FatFs.axf" - 0 Error(s), 20 Warning(s).
Build target 'MCB1768_Flash'
compiling main.c...
Main\main.c(172): warning:  #177-D: variable "ptr" was declared but never referenced
Main\main.c(172): warning:  #177-D: variable "ptr2" was declared but never referenced
Main\main.c(173): warning:  #177-D: variable "p1" was declared but never referenced
Main\main.c(173): warning:  #177-D: variable "p2" was declared but never referenced
Main\main.c(173): warning:  #177-D: variable "p3" was declared but never referenced
Main\main.c(174): warning:  #177-D: variable "f_res" was declared but never referenced
Main\main.c(174): warning:  #550-D: variable "sonuc" was set but never used
Main\main.c(175): warning:  #177-D: variable "d_res" was declared but never referenced
Main\main.c(176): warning:  #177-D: variable "b1" was declared but never referenced
Main\main.c(177): warning:  #177-D: variable "w1" was declared but never referenced
Main\main.c(178): warning:  #177-D: variable "s1" was declared but never referenced
Main\main.c(178): warning:  #177-D: variable "cnt" was declared but never referenced
Main\main.c(179): warning:  #177-D: variable "ofs" was declared but never referenced
Main\main.c(179): warning:  #177-D: variable "sect" was declared but never referenced
Main\main.c(180): warning:  #177-D: variable "fs" was declared but never referenced
Main\main.c(181): warning:  #177-D: variable "rtc" was declared but never referenced
Main\main.c(182): warning:  #550-D: variable "durum" was set but never used
Main\main.c(30): warning:  #177-D: variable "Buff" was declared but never referenced
Main\main.c(31): warning:  #177-D: variable "blen" was declared but never referenced
Main\main.c(84): warning:  #177-D: function "put_rc" was declared but never referenced
linking...
Program Size: Code=17912 RO-data=2212 RW-data=32 ZI-data=3360  
FromELF: creating hex file...
".\Flash\LPC1700_FatFs.axf" - 0 Error(s), 20 Warning(s).
Build target 'MCB1768_Flash'
compiling main.c...
Main\main.c(172): warning:  #177-D: variable "ptr" was declared but never referenced
Main\main.c(172): warning:  #177-D: variable "ptr2" was declared but never referenced
Main\main.c(173): warning:  #177-D: variable "p1" was declared but never referenced
Main\main.c(173): warning:  #177-D: variable "p2" was declared but never referenced
Main\main.c(173): warning:  #177-D: variable "p3" was declared but never referenced
Main\main.c(174): warning:  #177-D: variable "f_res" was declared but never referenced
Main\main.c(174): warning:  #550-D: variable "sonuc" was set but never used
Main\main.c(175): warning:  #177-D: variable "d_res" was declared but never referenced
Main\main.c(176): warning:  #177-D: variable "b1" was declared but never referenced
Main\main.c(177): warning:  #177-D: variable "w1" was declared but never referenced
Main\main.c(178): warning:  #177-D: variable "s1" was declared but never referenced
Main\main.c(178): warning:  #177-D: variable "cnt" was declared but never referenced
Main\main.c(179): warning:  #177-D: variable "ofs" was declared but never referenced
Main\main.c(179): warning:  #177-D: variable "sect" was declared but never referenced
Main\main.c(180): warning:  #177-D: variable "fs" was declared but never referenced
Main\main.c(181): warning:  #177-D: variable "rtc" was declared but never referenced
Main\main.c(182): warning:  #550-D: variable "durum" was set but never used
Main\main.c(30): warning:  #177-D: variable "Buff" was declared but never referenced
Main\main.c(31): warning:  #177-D: variable "blen" was declared but never referenced
Main\main.c(84): warning:  #177-D: function "put_rc" was declared but never referenced
linking...
Program Size: Code=17912 RO-data=2212 RW-data=32 ZI-data=3360  
FromELF: creating hex file...
".\Flash\LPC1700_FatFs.axf" - 0 Error(s), 20 Warning(s).
Build target 'MCB1768_Flash'
compiling main.c...
Main\main.c(172): warning:  #177-D: variable "ptr" was declared but never referenced
Main\main.c(172): warning:  #177-D: variable "ptr2" was declared but never referenced
Main\main.c(173): warning:  #177-D: variable "p1" was declared but never referenced
Main\main.c(173): warning:  #177-D: variable "p2" was declared but never referenced
Main\main.c(173): warning:  #177-D: variable "p3" was declared but never referenced
Main\main.c(174): warning:  #177-D: variable "f_res" was declared but never referenced
Main\main.c(174): warning:  #550-D: variable "sonuc" was set but never used
Main\main.c(175): warning:  #177-D: variable "d_res" was declared but never referenced
Main\main.c(176): warning:  #177-D: variable "b1" was declared but never referenced
Main\main.c(177): warning:  #177-D: variable "w1" was declared but never referenced
Main\main.c(178): warning:  #177-D: variable "s1" was declared but never referenced
Main\main.c(178): warning:  #177-D: variable "cnt" was declared but never referenced
Main\main.c(179): warning:  #177-D: variable "ofs" was declared but never referenced
Main\main.c(179): warning:  #177-D: variable "sect" was declared but never referenced
Main\main.c(180): warning:  #177-D: variable "fs" was declared but never referenced
Main\main.c(181): warning:  #177-D: variable "rtc" was declared but never referenced
Main\main.c(182): warning:  #550-D: variable "durum" was set but never used
Main\main.c(30): warning:  #177-D: variable "Buff" was declared but never referenced
Main\main.c(31): warning:  #177-D: variable "blen" was declared but never referenced
Main\main.c(84): warning:  #177-D: function "put_rc" was declared but never referenced
linking...
Program Size: Code=17912 RO-data=2212 RW-data=32 ZI-data=3360  
FromELF: creating hex file...
".\Flash\LPC1700_FatFs.axf" - 0 Error(s), 20 Warning(s).
Build target 'MCB1768_Flash'
compiling main.c...
Main\main.c(172): warning:  #177-D: variable "ptr" was declared but never referenced
Main\main.c(172): warning:  #177-D: variable "ptr2" was declared but never referenced
Main\main.c(173): warning:  #177-D: variable "p1" was declared but never referenced
Main\main.c(173): warning:  #177-D: variable "p2" was declared but never referenced
Main\main.c(173): warning:  #177-D: variable "p3" was declared but never referenced
Main\main.c(174): warning:  #177-D: variable "f_res" was declared but never referenced
Main\main.c(174): warning:  #550-D: variable "sonuc" was set but never used
Main\main.c(175): warning:  #177-D: variable "d_res" was declared but never referenced
Main\main.c(176): warning:  #177-D: variable "b1" was declared but never referenced
Main\main.c(177): warning:  #177-D: variable "w1" was declared but never referenced
Main\main.c(178): warning:  #177-D: variable "s1" was declared but never referenced
Main\main.c(178): warning:  #177-D: variable "cnt" was declared but never referenced
Main\main.c(179): warning:  #177-D: variable "ofs" was declared but never referenced
Main\main.c(179): warning:  #177-D: variable "sect" was declared but never referenced
Main\main.c(180): warning:  #177-D: variable "fs" was declared but never referenced
Main\main.c(181): warning:  #177-D: variable "rtc" was declared but never referenced
Main\main.c(182): warning:  #550-D: variable "durum" was set but never used
Main\main.c(30): warning:  #177-D: variable "Buff" was declared but never referenced
Main\main.c(31): warning:  #177-D: variable "blen" was declared but never referenced
Main\main.c(84): warning:  #177-D: function "put_rc" was declared but never referenced
linking...
Program Size: Code=17940 RO-data=2172 RW-data=32 ZI-data=3360  
FromELF: creating hex file...
".\Flash\LPC1700_FatFs.axf" - 0 Error(s), 20 Warning(s).
Build target 'MCB1768_Flash'
compiling main.c...
Main\main.c(183): error:  #144: a value of type "char [32]" cannot be used to initialize an entity of type "char [30]"
Main\main.c(172): warning:  #177-D: variable "ptr" was declared but never referenced
Main\main.c(172): warning:  #177-D: variable "ptr2" was declared but never referenced
Main\main.c(173): warning:  #177-D: variable "p1" was declared but never referenced
Main\main.c(173): warning:  #177-D: variable "p2" was declared but never referenced
Main\main.c(173): warning:  #177-D: variable "p3" was declared but never referenced
Main\main.c(174): warning:  #177-D: variable "f_res" was declared but never referenced
Main\main.c(174): warning:  #550-D: variable "sonuc" was set but never used
Main\main.c(175): warning:  #177-D: variable "d_res" was declared but never referenced
Main\main.c(176): warning:  #177-D: variable "b1" was declared but never referenced
Main\main.c(177): warning:  #177-D: variable "w1" was declared but never referenced
Main\main.c(178): warning:  #177-D: variable "s1" was declared but never referenced
Main\main.c(178): warning:  #177-D: variable "cnt" was declared but never referenced
Main\main.c(179): warning:  #177-D: variable "ofs" was declared but never referenced
Main\main.c(179): warning:  #177-D: variable "sect" was declared but never referenced
Main\main.c(180): warning:  #177-D: variable "fs" was declared but never referenced
Main\main.c(181): warning:  #177-D: variable "rtc" was declared but never referenced
Main\main.c(182): warning:  #550-D: variable "durum" was set but never used
Main\main.c(30): warning:  #177-D: variable "Buff" was declared but never referenced
Main\main.c(31): warning:  #177-D: variable "blen" was declared but never referenced
Main\main.c(84): warning:  #177-D: function "put_rc" was declared but never referenced
Target not created
Build target 'MCB1768_Flash'
compiling main.c...
Main\main.c(172): warning:  #177-D: variable "ptr" was declared but never referenced
Main\main.c(172): warning:  #177-D: variable "ptr2" was declared but never referenced
Main\main.c(173): warning:  #177-D: variable "p1" was declared but never referenced
Main\main.c(173): warning:  #177-D: variable "p2" was declared but never referenced
Main\main.c(173): warning:  #177-D: variable "p3" was declared but never referenced
Main\main.c(174): warning:  #177-D: variable "f_res" was declared but never referenced
Main\main.c(174): warning:  #550-D: variable "sonuc" was set but never used
Main\main.c(175): warning:  #177-D: variable "d_res" was declared but never referenced
Main\main.c(176): warning:  #177-D: variable "b1" was declared but never referenced
Main\main.c(177): warning:  #177-D: variable "w1" was declared but never referenced
Main\main.c(178): warning:  #177-D: variable "s1" was declared but never referenced
Main\main.c(178): warning:  #177-D: variable "cnt" was declared but never referenced
Main\main.c(179): warning:  #177-D: variable "ofs" was declared but never referenced
Main\main.c(179): warning:  #177-D: variable "sect" was declared but never referenced
Main\main.c(180): warning:  #177-D: variable "fs" was declared but never referenced
Main\main.c(181): warning:  #177-D: variable "rtc" was declared but never referenced
Main\main.c(182): warning:  #550-D: variable "durum" was set but never used
Main\main.c(30): warning:  #177-D: variable "Buff" was declared but never referenced
Main\main.c(31): warning:  #177-D: variable "blen" was declared but never referenced
Main\main.c(84): warning:  #177-D: function "put_rc" was declared but never referenced
linking...
Program Size: Code=17940 RO-data=2172 RW-data=32 ZI-data=3360  
FromELF: creating hex file...
".\Flash\LPC1700_FatFs.axf" - 0 Error(s), 20 Warning(s).
Build target 'MCB1768_Flash'
compiling main.c...
Main\main.c(172): warning:  #177-D: variable "ptr" was declared but never referenced
Main\main.c(172): warning:  #177-D: variable "ptr2" was declared but never referenced
Main\main.c(173): warning:  #177-D: variable "p1" was declared but never referenced
Main\main.c(173): warning:  #177-D: variable "p2" was declared but never referenced
Main\main.c(173): warning:  #177-D: variable "p3" was declared but never referenced
Main\main.c(174): warning:  #177-D: variable "f_res" was declared but never referenced
Main\main.c(174): warning:  #550-D: variable "sonuc" was set but never used
Main\main.c(175): warning:  #177-D: variable "d_res" was declared but never referenced
Main\main.c(176): warning:  #177-D: variable "b1" was declared but never referenced
Main\main.c(177): warning:  #177-D: variable "w1" was declared but never referenced
Main\main.c(178): warning:  #177-D: variable "s1" was declared but never referenced
Main\main.c(178): warning:  #177-D: variable "cnt" was declared but never referenced
Main\main.c(179): warning:  #177-D: variable "ofs" was declared but never referenced
Main\main.c(179): warning:  #177-D: variable "sect" was declared but never referenced
Main\main.c(180): warning:  #177-D: variable "fs" was declared but never referenced
Main\main.c(181): warning:  #177-D: variable "rtc" was declared but never referenced
Main\main.c(182): warning:  #550-D: variable "durum" was set but never used
Main\main.c(30): warning:  #177-D: variable "Buff" was declared but never referenced
Main\main.c(31): warning:  #177-D: variable "blen" was declared but never referenced
Main\main.c(84): warning:  #177-D: function "put_rc" was declared but never referenced
linking...
Program Size: Code=17940 RO-data=2172 RW-data=32 ZI-data=3360  
FromELF: creating hex file...
".\Flash\LPC1700_FatFs.axf" - 0 Error(s), 20 Warning(s).
Build target 'MCB1768_Flash'
compiling main.c...
Main\main.c(172): warning:  #177-D: variable "ptr" was declared but never referenced
Main\main.c(172): warning:  #177-D: variable "ptr2" was declared but never referenced
Main\main.c(173): warning:  #177-D: variable "p1" was declared but never referenced
Main\main.c(173): warning:  #177-D: variable "p2" was declared but never referenced
Main\main.c(173): warning:  #177-D: variable "p3" was declared but never referenced
Main\main.c(174): warning:  #177-D: variable "f_res" was declared but never referenced
Main\main.c(174): warning:  #550-D: variable "sonuc" was set but never used
Main\main.c(175): warning:  #177-D: variable "d_res" was declared but never referenced
Main\main.c(176): warning:  #177-D: variable "b1" was declared but never referenced
Main\main.c(177): warning:  #177-D: variable "w1" was declared but never referenced
Main\main.c(178): warning:  #177-D: variable "s1" was declared but never referenced
Main\main.c(178): warning:  #177-D: variable "cnt" was declared but never referenced
Main\main.c(179): warning:  #177-D: variable "ofs" was declared but never referenced
Main\main.c(179): warning:  #177-D: variable "sect" was declared but never referenced
Main\main.c(180): warning:  #177-D: variable "fs" was declared but never referenced
Main\main.c(181): warning:  #177-D: variable "rtc" was declared but never referenced
Main\main.c(182): warning:  #550-D: variable "durum" was set but never used
Main\main.c(30): warning:  #177-D: variable "Buff" was declared but never referenced
Main\main.c(31): warning:  #177-D: variable "blen" was declared but never referenced
Main\main.c(84): warning:  #177-D: function "put_rc" was declared but never referenced
linking...
Program Size: Code=17940 RO-data=2172 RW-data=32 ZI-data=3360  
FromELF: creating hex file...
".\Flash\LPC1700_FatFs.axf" - 0 Error(s), 20 Warning(s).
Build target 'MCB1768_Flash'
compiling main.c...
Main\main.c(172): warning:  #177-D: variable "ptr" was declared but never referenced
Main\main.c(172): warning:  #177-D: variable "ptr2" was declared but never referenced
Main\main.c(173): warning:  #177-D: variable "p1" was declared but never referenced
Main\main.c(173): warning:  #177-D: variable "p2" was declared but never referenced
Main\main.c(173): warning:  #177-D: variable "p3" was declared but never referenced
Main\main.c(174): warning:  #177-D: variable "f_res" was declared but never referenced
Main\main.c(174): warning:  #550-D: variable "sonuc" was set but never used
Main\main.c(175): warning:  #177-D: variable "d_res" was declared but never referenced
Main\main.c(176): warning:  #177-D: variable "b1" was declared but never referenced
Main\main.c(177): warning:  #177-D: variable "w1" was declared but never referenced
Main\main.c(178): warning:  #177-D: variable "s1" was declared but never referenced
Main\main.c(178): warning:  #177-D: variable "cnt" was declared but never referenced
Main\main.c(179): warning:  #177-D: variable "ofs" was declared but never referenced
Main\main.c(179): warning:  #177-D: variable "sect" was declared but never referenced
Main\main.c(180): warning:  #177-D: variable "fs" was declared but never referenced
Main\main.c(181): warning:  #177-D: variable "rtc" was declared but never referenced
Main\main.c(182): warning:  #550-D: variable "durum" was set but never used
Main\main.c(30): warning:  #177-D: variable "Buff" was declared but never referenced
Main\main.c(31): warning:  #177-D: variable "blen" was declared but never referenced
Main\main.c(84): warning:  #177-D: function "put_rc" was declared but never referenced
linking...
Program Size: Code=18008 RO-data=2172 RW-data=32 ZI-data=3360  
FromELF: creating hex file...
".\Flash\LPC1700_FatFs.axf" - 0 Error(s), 20 Warning(s).
Build target 'MCB1768_Flash'
compiling main.c...
Main\main.c(172): warning:  #177-D: variable "ptr" was declared but never referenced
Main\main.c(172): warning:  #177-D: variable "ptr2" was declared but never referenced
Main\main.c(173): warning:  #177-D: variable "p1" was declared but never referenced
Main\main.c(173): warning:  #177-D: variable "p2" was declared but never referenced
Main\main.c(173): warning:  #177-D: variable "p3" was declared but never referenced
Main\main.c(174): warning:  #177-D: variable "f_res" was declared but never referenced
Main\main.c(174): warning:  #550-D: variable "sonuc" was set but never used
Main\main.c(175): warning:  #177-D: variable "d_res" was declared but never referenced
Main\main.c(176): warning:  #177-D: variable "b1" was declared but never referenced
Main\main.c(177): warning:  #177-D: variable "w1" was declared but never referenced
Main\main.c(178): warning:  #177-D: variable "s1" was declared but never referenced
Main\main.c(178): warning:  #177-D: variable "cnt" was declared but never referenced
Main\main.c(179): warning:  #177-D: variable "ofs" was declared but never referenced
Main\main.c(179): warning:  #177-D: variable "sect" was declared but never referenced
Main\main.c(180): warning:  #177-D: variable "fs" was declared but never referenced
Main\main.c(181): warning:  #177-D: variable "rtc" was declared but never referenced
Main\main.c(182): warning:  #550-D: variable "durum" was set but never used
Main\main.c(30): warning:  #177-D: variable "Buff" was declared but never referenced
Main\main.c(31): warning:  #177-D: variable "blen" was declared but never referenced
Main\main.c(84): warning:  #177-D: function "put_rc" was declared but never referenced
linking...
Program Size: Code=17980 RO-data=2212 RW-data=32 ZI-data=3360  
FromELF: creating hex file...
".\Flash\LPC1700_FatFs.axf" - 0 Error(s), 20 Warning(s).
Build target 'MCB1768_Flash'
compiling main.c...
Main\main.c(156): warning:  #177-D: variable "ptr" was declared but never referenced
Main\main.c(156): warning:  #177-D: variable "ptr2" was declared but never referenced
Main\main.c(157): warning:  #177-D: variable "p1" was declared but never referenced
Main\main.c(157): warning:  #177-D: variable "p2" was declared but never referenced
Main\main.c(157): warning:  #177-D: variable "p3" was declared but never referenced
Main\main.c(158): warning:  #177-D: variable "f_res" was declared but never referenced
Main\main.c(158): warning:  #550-D: variable "sonuc" was set but never used
Main\main.c(159): warning:  #177-D: variable "d_res" was declared but never referenced
Main\main.c(160): warning:  #177-D: variable "b1" was declared but never referenced
Main\main.c(161): warning:  #177-D: variable "w1" was declared but never referenced
Main\main.c(162): warning:  #177-D: variable "s1" was declared but never referenced
Main\main.c(162): warning:  #177-D: variable "cnt" was declared but never referenced
Main\main.c(163): warning:  #177-D: variable "ofs" was declared but never referenced
Main\main.c(163): warning:  #177-D: variable "sect" was declared but never referenced
Main\main.c(164): warning:  #177-D: variable "fs" was declared but never referenced
Main\main.c(165): warning:  #177-D: variable "rtc" was declared but never referenced
Main\main.c(166): warning:  #550-D: variable "durum" was set but never used
Main\main.c(30): warning:  #177-D: variable "Buff" was declared but never referenced
Main\main.c(31): warning:  #177-D: variable "blen" was declared but never referenced
linking...
.\Flash\LPC1700_FatFs.axf: Error: L6218E: Undefined symbol get_fattime (referred from ff.o).
Target not created
Build target 'MCB1768_Flash'
compiling main.c...
Main\main.c(156): warning:  #177-D: variable "ptr" was declared but never referenced
Main\main.c(156): warning:  #177-D: variable "ptr2" was declared but never referenced
Main\main.c(157): warning:  #177-D: variable "p1" was declared but never referenced
Main\main.c(157): warning:  #177-D: variable "p2" was declared but never referenced
Main\main.c(157): warning:  #177-D: variable "p3" was declared but never referenced
Main\main.c(158): warning:  #177-D: variable "f_res" was declared but never referenced
Main\main.c(158): warning:  #550-D: variable "sonuc" was set but never used
Main\main.c(159): warning:  #177-D: variable "d_res" was declared but never referenced
Main\main.c(160): warning:  #177-D: variable "b1" was declared but never referenced
Main\main.c(161): warning:  #177-D: variable "w1" was declared but never referenced
Main\main.c(162): warning:  #177-D: variable "s1" was declared but never referenced
Main\main.c(162): warning:  #177-D: variable "cnt" was declared but never referenced
Main\main.c(163): warning:  #177-D: variable "ofs" was declared but never referenced
Main\main.c(163): warning:  #177-D: variable "sect" was declared but never referenced
Main\main.c(164): warning:  #177-D: variable "fs" was declared but never referenced
Main\main.c(165): warning:  #177-D: variable "rtc" was declared but never referenced
Main\main.c(166): warning:  #550-D: variable "durum" was set but never used
Main\main.c(30): warning:  #177-D: variable "Buff" was declared but never referenced
Main\main.c(31): warning:  #177-D: variable "blen" was declared but never referenced
linking...
Program Size: Code=17980 RO-data=2212 RW-data=32 ZI-data=3360  
FromELF: creating hex file...
".\Flash\LPC1700_FatFs.axf" - 0 Error(s), 19 Warning(s).
Build target 'MCB1768_Flash'
compiling main.c...
Main\main.c(117): warning:  #177-D: variable "ptr" was declared but never referenced
Main\main.c(117): warning:  #177-D: variable "ptr2" was declared but never referenced
Main\main.c(118): warning:  #177-D: variable "p1" was declared but never referenced
Main\main.c(118): warning:  #177-D: variable "p2" was declared but never referenced
Main\main.c(118): warning:  #177-D: variable "p3" was declared but never referenced
Main\main.c(119): warning:  #177-D: variable "f_res" was declared but never referenced
Main\main.c(119): warning:  #550-D: variable "sonuc" was set but never used
Main\main.c(120): warning:  #177-D: variable "d_res" was declared but never referenced
Main\main.c(121): warning:  #177-D: variable "b1" was declared but never referenced
Main\main.c(122): warning:  #177-D: variable "w1" was declared but never referenced
Main\main.c(123): warning:  #177-D: variable "s1" was declared but never referenced
Main\main.c(123): warning:  #177-D: variable "cnt" was declared but never referenced
Main\main.c(124): warning:  #177-D: variable "ofs" was declared but never referenced
Main\main.c(124): warning:  #177-D: variable "sect" was declared but never referenced
Main\main.c(125): warning:  #177-D: variable "fs" was declared but never referenced
Main\main.c(126): warning:  #177-D: variable "rtc" was declared but never referenced
Main\main.c(127): warning:  #550-D: variable "durum" was set but never used
Main\main.c(30): warning:  #177-D: variable "Buff" was declared but never referenced
Main\main.c(31): warning:  #177-D: variable "blen" was declared but never referenced
linking...
Program Size: Code=17980 RO-data=2212 RW-data=32 ZI-data=3360  
FromELF: creating hex file...
".\Flash\LPC1700_FatFs.axf" - 0 Error(s), 19 Warning(s).
Build target 'MCB1768_Flash'
compiling main.c...
Main\main.c(117): warning:  #177-D: variable "ptr" was declared but never referenced
Main\main.c(117): warning:  #177-D: variable "ptr2" was declared but never referenced
Main\main.c(118): warning:  #177-D: variable "p1" was declared but never referenced
Main\main.c(118): warning:  #177-D: variable "p2" was declared but never referenced
Main\main.c(118): warning:  #177-D: variable "p3" was declared but never referenced
Main\main.c(119): warning:  #177-D: variable "f_res" was declared but never referenced
Main\main.c(119): warning:  #550-D: variable "sonuc" was set but never used
Main\main.c(120): warning:  #177-D: variable "d_res" was declared but never referenced
Main\main.c(121): warning:  #177-D: variable "b1" was declared but never referenced
Main\main.c(122): warning:  #177-D: variable "w1" was declared but never referenced
Main\main.c(123): warning:  #177-D: variable "s1" was declared but never referenced
Main\main.c(123): warning:  #177-D: variable "cnt" was declared but never referenced
Main\main.c(124): warning:  #177-D: variable "ofs" was declared but never referenced
Main\main.c(124): warning:  #177-D: variable "sect" was declared but never referenced
Main\main.c(125): warning:  #177-D: variable "fs" was declared but never referenced
Main\main.c(126): warning:  #177-D: variable "rtc" was declared but never referenced
Main\main.c(127): warning:  #550-D: variable "durum" was set but never used
linking...
Program Size: Code=17980 RO-data=2212 RW-data=32 ZI-data=3360  
FromELF: creating hex file...
".\Flash\LPC1700_FatFs.axf" - 0 Error(s), 17 Warning(s).
Build target 'MCB1768_Flash'
compiling main.c...
Main\main.c(116): warning:  #177-D: variable "ptr" was declared but never referenced
Main\main.c(116): warning:  #177-D: variable "ptr2" was declared but never referenced
Main\main.c(117): warning:  #177-D: variable "p1" was declared but never referenced
Main\main.c(117): warning:  #177-D: variable "p2" was declared but never referenced
Main\main.c(117): warning:  #177-D: variable "p3" was declared but never referenced
Main\main.c(118): warning:  #177-D: variable "f_res" was declared but never referenced
Main\main.c(118): warning:  #550-D: variable "sonuc" was set but never used
Main\main.c(119): warning:  #177-D: variable "d_res" was declared but never referenced
Main\main.c(120): warning:  #177-D: variable "b1" was declared but never referenced
Main\main.c(121): warning:  #177-D: variable "w1" was declared but never referenced
Main\main.c(122): warning:  #177-D: variable "s1" was declared but never referenced
Main\main.c(122): warning:  #177-D: variable "cnt" was declared but never referenced
Main\main.c(123): warning:  #177-D: variable "ofs" was declared but never referenced
Main\main.c(123): warning:  #177-D: variable "sect" was declared but never referenced
Main\main.c(124): warning:  #177-D: variable "fs" was declared but never referenced
Main\main.c(125): warning:  #177-D: variable "rtc" was declared but never referenced
Main\main.c(126): warning:  #550-D: variable "durum" was set but never used
linking...
Program Size: Code=17980 RO-data=2212 RW-data=32 ZI-data=3360  
FromELF: creating hex file...
".\Flash\LPC1700_FatFs.axf" - 0 Error(s), 17 Warning(s).
Build target 'MCB1768_Flash'
compiling main.c...
Main\main.c(116): warning:  #177-D: variable "ptr" was declared but never referenced
Main\main.c(116): warning:  #177-D: variable "ptr2" was declared but never referenced
Main\main.c(117): warning:  #177-D: variable "p1" was declared but never referenced
Main\main.c(117): warning:  #177-D: variable "p2" was declared but never referenced
Main\main.c(117): warning:  #177-D: variable "p3" was declared but never referenced
Main\main.c(118): warning:  #177-D: variable "f_res" was declared but never referenced
Main\main.c(118): warning:  #550-D: variable "sonuc" was set but never used
Main\main.c(119): warning:  #177-D: variable "d_res" was declared but never referenced
Main\main.c(120): warning:  #177-D: variable "b1" was declared but never referenced
Main\main.c(121): warning:  #177-D: variable "w1" was declared but never referenced
Main\main.c(122): warning:  #177-D: variable "s1" was declared but never referenced
Main\main.c(122): warning:  #177-D: variable "cnt" was declared but never referenced
Main\main.c(123): warning:  #177-D: variable "ofs" was declared but never referenced
Main\main.c(123): warning:  #177-D: variable "sect" was declared but never referenced
Main\main.c(125): warning:  #177-D: variable "rtc" was declared but never referenced
Main\main.c(126): warning:  #550-D: variable "durum" was set but never used
linking...
Program Size: Code=17980 RO-data=2212 RW-data=32 ZI-data=3360  
FromELF: creating hex file...
".\Flash\LPC1700_FatFs.axf" - 0 Error(s), 16 Warning(s).
Build target 'MCB1768_Flash'
compiling main.c...
Main\main.c(137): error:  #20: identifier "s2" is undefined
Main\main.c(116): warning:  #177-D: variable "ptr" was declared but never referenced
Main\main.c(116): warning:  #177-D: variable "ptr2" was declared but never referenced
Main\main.c(117): warning:  #177-D: variable "p1" was declared but never referenced
Main\main.c(117): warning:  #177-D: variable "p2" was declared but never referenced
Main\main.c(117): warning:  #177-D: variable "p3" was declared but never referenced
Main\main.c(118): warning:  #177-D: variable "f_res" was declared but never referenced
Main\main.c(118): warning:  #550-D: variable "sonuc" was set but never used
Main\main.c(119): warning:  #177-D: variable "d_res" was declared but never referenced
Main\main.c(125): warning:  #177-D: variable "rtc" was declared but never referenced
Main\main.c(126): warning:  #550-D: variable "durum" was set but never used
Target not created
Build target 'MCB1768_Flash'
compiling main.c...
Main\main.c(137): error:  #20: identifier "s2" is undefined
Main\main.c(116): warning:  #177-D: variable "ptr" was declared but never referenced
Main\main.c(116): warning:  #177-D: variable "ptr2" was declared but never referenced
Main\main.c(117): warning:  #177-D: variable "p1" was declared but never referenced
Main\main.c(117): warning:  #177-D: variable "p2" was declared but never referenced
Main\main.c(117): warning:  #177-D: variable "p3" was declared but never referenced
Main\main.c(118): warning:  #177-D: variable "f_res" was declared but never referenced
Main\main.c(118): warning:  #550-D: variable "sonuc" was set but never used
Main\main.c(119): warning:  #177-D: variable "d_res" was declared but never referenced
Main\main.c(124): warning:  #177-D: variable "fs" was declared but never referenced
Main\main.c(125): warning:  #177-D: variable "rtc" was declared but never referenced
Main\main.c(126): warning:  #550-D: variable "durum" was set but never used
Target not created
Build target 'MCB1768_Flash'
compiling main.c...
Main\main.c(116): warning:  #177-D: variable "ptr" was declared but never referenced
Main\main.c(116): warning:  #177-D: variable "ptr2" was declared but never referenced
Main\main.c(117): warning:  #177-D: variable "p1" was declared but never referenced
Main\main.c(117): warning:  #177-D: variable "p2" was declared but never referenced
Main\main.c(117): warning:  #177-D: variable "p3" was declared but never referenced
Main\main.c(118): warning:  #177-D: variable "f_res" was declared but never referenced
Main\main.c(118): warning:  #550-D: variable "sonuc" was set but never used
Main\main.c(119): warning:  #177-D: variable "d_res" was declared but never referenced
Main\main.c(125): warning:  #177-D: variable "rtc" was declared but never referenced
Main\main.c(126): warning:  #550-D: variable "durum" was set but never used
linking...
Program Size: Code=17980 RO-data=2212 RW-data=32 ZI-data=3360  
FromELF: creating hex file...
".\Flash\LPC1700_FatFs.axf" - 0 Error(s), 10 Warning(s).
Build target 'MCB1768_Flash'
compiling main.c...
Main\main.c(118): warning:  #550-D: variable "sonuc" was set but never used
Main\main.c(125): warning:  #177-D: variable "rtc" was declared but never referenced
Main\main.c(126): warning:  #550-D: variable "durum" was set but never used
linking...
Program Size: Code=17980 RO-data=2212 RW-data=32 ZI-data=3360  
FromELF: creating hex file...
".\Flash\LPC1700_FatFs.axf" - 0 Error(s), 3 Warning(s).
Build target 'MCB1768_Flash'
compiling main.c...
Main\main.c(118): warning:  #550-D: variable "sonuc" was set but never used
Main\main.c(125): warning:  #177-D: variable "rtc" was declared but never referenced
Main\main.c(126): warning:  #550-D: variable "durum" was set but never used
linking...
Program Size: Code=11960 RO-data=1696 RW-data=32 ZI-data=3312  
FromELF: creating hex file...
".\Flash\LPC1700_FatFs.axf" - 0 Error(s), 3 Warning(s).
Build target 'MCB1768_Flash'
compiling main.c...
Main\main.c(118): warning:  #550-D: variable "sonuc" was set but never used
Main\main.c(125): warning:  #177-D: variable "rtc" was declared but never referenced
Main\main.c(126): warning:  #550-D: variable "durum" was set but never used
linking...
Program Size: Code=17980 RO-data=2212 RW-data=32 ZI-data=3360  
FromELF: creating hex file...
".\Flash\LPC1700_FatFs.axf" - 0 Error(s), 3 Warning(s).
Build target 'MCB1768_Flash'
compiling main.c...
Main\main.c(118): warning:  #550-D: variable "sonuc" was set but never used
Main\main.c(125): warning:  #177-D: variable "rtc" was declared but never referenced
Main\main.c(126): warning:  #550-D: variable "durum" was set but never used
linking...
Program Size: Code=11960 RO-data=1696 RW-data=32 ZI-data=3312  
FromELF: creating hex file...
".\Flash\LPC1700_FatFs.axf" - 0 Error(s), 3 Warning(s).
Build target 'MCB1768_Flash'
compiling main.c...
Main\main.c(104): warning:  #550-D: variable "sonuc" was set but never used
Main\main.c(111): warning:  #177-D: variable "rtc" was declared but never referenced
Main\main.c(112): warning:  #550-D: variable "durum" was set but never used
linking...
Program Size: Code=11960 RO-data=1696 RW-data=32 ZI-data=3312  
FromELF: creating hex file...
".\Flash\LPC1700_FatFs.axf" - 0 Error(s), 3 Warning(s).
Build target 'MCB1768_Flash'
compiling main.c...
Main\main.c(103): warning:  #550-D: variable "sonuc" was set but never used
Main\main.c(110): warning:  #177-D: variable "rtc" was declared but never referenced
Main\main.c(111): warning:  #550-D: variable "durum" was set but never used
linking...
Program Size: Code=11960 RO-data=1696 RW-data=32 ZI-data=3312  
FromELF: creating hex file...
".\Flash\LPC1700_FatFs.axf" - 0 Error(s), 3 Warning(s).
Build target 'MCB1768_Flash'
compiling main.c...
Main\main.c(116): warning:  #1293-D: assignment in condition
Main\main.c(117): error:  #127: expected a statement
Main\main.c(103): warning:  #550-D: variable "sonuc" was set but never used
Main\main.c(105): warning:  #177-D: variable "rtc" was declared but never referenced
Main\main.c(106): warning:  #550-D: variable "durum" was set but never used
Target not created
Build target 'MCB1768_Flash'
compiling main.c...
Main\main.c(116): warning:  #1293-D: assignment in condition
Main\main.c(116): error:  #18: expected a ")"
Main\main.c(117): error:  #127: expected a statement
Main\main.c(103): warning:  #550-D: variable "sonuc" was set but never used
Main\main.c(105): warning:  #177-D: variable "rtc" was declared but never referenced
Main\main.c(106): warning:  #550-D: variable "durum" was set but never used
Target not created
Build target 'MCB1768_Flash'
compiling main.c...
Main\main.c(116): error:  #18: expected a ")"
Main\main.c(117): error:  #127: expected a statement
Main\main.c(105): warning:  #177-D: variable "rtc" was declared but never referenced
Main\main.c(106): warning:  #550-D: variable "durum" was set but never used
Target not created
Build target 'MCB1768_Flash'
compiling main.c...
Main\main.c(116): warning:  #1293-D: assignment in condition
Main\main.c(117): error:  #127: expected a statement
Main\main.c(103): warning:  #550-D: variable "sonuc" was set but never used
Main\main.c(105): warning:  #177-D: variable "rtc" was declared but never referenced
Main\main.c(106): warning:  #550-D: variable "durum" was set but never used
Target not created
Build target 'MCB1768_Flash'
compiling main.c...
Main\main.c(103): warning:  #550-D: variable "sonuc" was set but never used
Main\main.c(105): warning:  #177-D: variable "rtc" was declared but never referenced
Main\main.c(106): warning:  #550-D: variable "durum" was set but never used
linking...
Program Size: Code=11960 RO-data=1696 RW-data=32 ZI-data=3312  
FromELF: creating hex file...
".\Flash\LPC1700_FatFs.axf" - 0 Error(s), 3 Warning(s).
Build target 'MCB1768_Flash'
compiling main.c...
Main\main.c(96): warning:  #550-D: variable "sonuc" was set but never used
Main\main.c(98): warning:  #177-D: variable "rtc" was declared but never referenced
Main\main.c(99): warning:  #550-D: variable "durum" was set but never used
linking...
Program Size: Code=11960 RO-data=1696 RW-data=32 ZI-data=3312  
FromELF: creating hex file...
".\Flash\LPC1700_FatFs.axf" - 0 Error(s), 3 Warning(s).
Build target 'MCB1768_Flash'
compiling main.c...
Main\main.c(96): warning:  #550-D: variable "sonuc" was set but never used
Main\main.c(98): warning:  #177-D: variable "rtc" was declared but never referenced
Main\main.c(99): warning:  #550-D: variable "durum" was set but never used
linking...
Program Size: Code=11960 RO-data=1696 RW-data=32 ZI-data=3312  
FromELF: creating hex file...
".\Flash\LPC1700_FatFs.axf" - 0 Error(s), 3 Warning(s).
Build target 'MCB1768_Flash'
compiling main.c...
Main\main.c(112): error:  #44: expression must have pointer type
Main\main.c(112): error:  #167: argument of type "FIL" is incompatible with parameter of type "FIL *"
Main\main.c(96): warning:  #550-D: variable "sonuc" was set but never used
Main\main.c(98): warning:  #177-D: variable "rtc" was declared but never referenced
Main\main.c(99): warning:  #550-D: variable "durum" was set but never used
Target not created
Build target 'MCB1768_Flash'
compiling main.c...
Main\main.c(112): error:  #167: argument of type "FIL" is incompatible with parameter of type "FIL *"
Main\main.c(96): warning:  #550-D: variable "sonuc" was set but never used
Main\main.c(98): warning:  #177-D: variable "rtc" was declared but never referenced
Main\main.c(99): warning:  #550-D: variable "durum" was set but never used
Target not created
Build target 'MCB1768_Flash'
compiling main.c...
Main\main.c(113): error:  #44: expression must have pointer type
Main\main.c(113): error:  #167: argument of type "FIL" is incompatible with parameter of type "FIL *"
Main\main.c(96): warning:  #550-D: variable "sonuc" was set but never used
Main\main.c(98): warning:  #177-D: variable "rtc" was declared but never referenced
Main\main.c(99): warning:  #550-D: variable "durum" was set but never used
Target not created
Build target 'MCB1768_Flash'
compiling main.c...
Main\main.c(113): error:  #44: expression must have pointer type
Main\main.c(96): warning:  #550-D: variable "sonuc" was set but never used
Main\main.c(98): warning:  #177-D: variable "rtc" was declared but never referenced
Main\main.c(99): warning:  #550-D: variable "durum" was set but never used
Target not created
Build target 'MCB1768_Flash'
compiling main.c...
Main\main.c(113): error:  #44: expression must have pointer type
Main\main.c(96): warning:  #550-D: variable "sonuc" was set but never used
Main\main.c(98): warning:  #177-D: variable "rtc" was declared but never referenced
Main\main.c(99): warning:  #550-D: variable "durum" was set but never used
Target not created
Build target 'MCB1768_Flash'
compiling main.c...
Main\main.c(96): warning:  #550-D: variable "sonuc" was set but never used
Main\main.c(98): warning:  #177-D: variable "rtc" was declared but never referenced
Main\main.c(99): warning:  #550-D: variable "durum" was set but never used
linking...
Program Size: Code=11988 RO-data=1696 RW-data=32 ZI-data=3312  
FromELF: creating hex file...
".\Flash\LPC1700_FatFs.axf" - 0 Error(s), 3 Warning(s).
Build target 'MCB1768_Flash'
compiling main.c...
Main\main.c(114): error:  #8: missing closing quote
Main\main.c(115): error:  #165: too few arguments in function call
Main\main.c(115): error:  #18: expected a ")"
Main\main.c(96): warning:  #550-D: variable "sonuc" was set but never used
Main\main.c(98): warning:  #177-D: variable "rtc" was declared but never referenced
Main\main.c(99): warning:  #550-D: variable "durum" was set but never used
Target not created
Build target 'MCB1768_Flash'
compiling main.c...
Main\main.c(96): warning:  #550-D: variable "sonuc" was set but never used
Main\main.c(98): warning:  #177-D: variable "rtc" was declared but never referenced
Main\main.c(99): warning:  #550-D: variable "durum" was set but never used
linking...
Program Size: Code=12020 RO-data=1696 RW-data=32 ZI-data=3312  
FromELF: creating hex file...
".\Flash\LPC1700_FatFs.axf" - 0 Error(s), 3 Warning(s).
Build target 'MCB1768_Flash'
compiling main.c...
Main\main.c(96): warning:  #550-D: variable "sonuc" was set but never used
Main\main.c(98): warning:  #177-D: variable "rtc" was declared but never referenced
Main\main.c(99): warning:  #550-D: variable "durum" was set but never used
linking...
Program Size: Code=12012 RO-data=1696 RW-data=32 ZI-data=3312  
FromELF: creating hex file...
".\Flash\LPC1700_FatFs.axf" - 0 Error(s), 3 Warning(s).
Build target 'MCB1768_Flash'
compiling main.c...
Main\main.c(94): warning:  #550-D: variable "sonuc" was set but never used
Main\main.c(96): warning:  #177-D: variable "rtc" was declared but never referenced
Main\main.c(97): warning:  #550-D: variable "durum" was set but never used
linking...
Program Size: Code=12012 RO-data=1696 RW-data=32 ZI-data=2200  
FromELF: creating hex file...
".\Flash\LPC1700_FatFs.axf" - 0 Error(s), 3 Warning(s).
Build target 'MCB1768_Flash'
compiling main.c...
Main\main.c(113): error:  #20: identifier "file" is undefined
Main\main.c(94): warning:  #550-D: variable "sonuc" was set but never used
Main\main.c(96): warning:  #177-D: variable "rtc" was declared but never referenced
Main\main.c(97): warning:  #550-D: variable "durum" was set but never used
Target not created
Build target 'MCB1768_Flash'
compiling main.c...
Main\main.c(113): error:  #20: identifier "file" is undefined
Main\main.c(94): warning:  #550-D: variable "sonuc" was set but never used
Main\main.c(96): warning:  #177-D: variable "rtc" was declared but never referenced
Main\main.c(97): warning:  #550-D: variable "durum" was set but never used
Target not created
Build target 'MCB1768_Flash'
compiling main.c...
Main\main.c(94): warning:  #550-D: variable "sonuc" was set but never used
Main\main.c(96): warning:  #177-D: variable "rtc" was declared but never referenced
Main\main.c(97): warning:  #550-D: variable "durum" was set but never used
linking...
Program Size: Code=12020 RO-data=1696 RW-data=32 ZI-data=2200  
FromELF: creating hex file...
".\Flash\LPC1700_FatFs.axf" - 0 Error(s), 3 Warning(s).
Build target 'MCB1768_Flash'
compiling main.c...
Main\main.c(94): warning:  #550-D: variable "sonuc" was set but never used
Main\main.c(96): warning:  #177-D: variable "rtc" was declared but never referenced
Main\main.c(97): warning:  #550-D: variable "durum" was set but never used
linking...
Program Size: Code=12020 RO-data=1696 RW-data=32 ZI-data=2200  
FromELF: creating hex file...
".\Flash\LPC1700_FatFs.axf" - 0 Error(s), 3 Warning(s).
Build target 'MCB1768_Flash'
compiling main.c...
Main\main.c(94): warning:  #550-D: variable "sonuc" was set but never used
Main\main.c(96): warning:  #177-D: variable "rtc" was declared but never referenced
Main\main.c(97): warning:  #550-D: variable "durum" was set but never used
Main\main.c(98): warning:  #177-D: variable "surucu" was declared but never referenced
linking...
Program Size: Code=12008 RO-data=1696 RW-data=32 ZI-data=2200  
FromELF: creating hex file...
".\Flash\LPC1700_FatFs.axf" - 0 Error(s), 4 Warning(s).
Build target 'MCB1768_Flash'
compiling main.c...
Main\main.c(94): warning:  #550-D: variable "sonuc" was set but never used
Main\main.c(96): warning:  #177-D: variable "rtc" was declared but never referenced
Main\main.c(97): warning:  #550-D: variable "durum" was set but never used
linking...
Program Size: Code=12020 RO-data=1696 RW-data=32 ZI-data=2200  
FromELF: creating hex file...
".\Flash\LPC1700_FatFs.axf" - 0 Error(s), 3 Warning(s).
Build target 'MCB1768_Flash'
compiling main.c...
Main\main.c(94): warning:  #550-D: variable "sonuc" was set but never used
Main\main.c(96): warning:  #177-D: variable "rtc" was declared but never referenced
Main\main.c(97): warning:  #550-D: variable "durum" was set but never used
linking...
Program Size: Code=12020 RO-data=1696 RW-data=32 ZI-data=2200  
FromELF: creating hex file...
".\Flash\LPC1700_FatFs.axf" - 0 Error(s), 3 Warning(s).
Build target 'MCB1768_Flash'
compiling main.c...
Main\main.c(22): warning:  #177-D: variable "prescale_disk_io" was declared but never referenced
Main\main.c(38): error:  #169: expected a declaration
Main\main.c(118): warning: At end of source:  #12-D: parsing restarts here after previous syntax error
Target not created
Build target 'MCB1768_Flash'
compiling main.c...
Main\main.c(94): warning:  #550-D: variable "sonuc" was set but never used
Main\main.c(96): warning:  #177-D: variable "rtc" was declared but never referenced
Main\main.c(97): warning:  #550-D: variable "durum" was set but never used
linking...
Program Size: Code=12020 RO-data=1696 RW-data=32 ZI-data=2200  
FromELF: creating hex file...
".\Flash\LPC1700_FatFs.axf" - 0 Error(s), 3 Warning(s).
Build target 'MCB1768_Flash'
compiling main.c...
Main\main.c(94): warning:  #550-D: variable "sonuc" was set but never used
Main\main.c(96): warning:  #177-D: variable "rtc" was declared but never referenced
Main\main.c(97): warning:  #550-D: variable "durum" was set but never used
linking...
Program Size: Code=12020 RO-data=1696 RW-data=32 ZI-data=2200  
FromELF: creating hex file...
".\Flash\LPC1700_FatFs.axf" - 0 Error(s), 3 Warning(s).
