Archive member included to satisfy reference by file (symbol)

/Users/sankalpagrawal/Library/xPacks/@gnu-mcu-eclipse/arm-none-eabi-gcc/8.2.1-1.1.1/.content/bin/../lib/gcc/arm-none-eabi/8.2.1/../../../../arm-none-eabi/lib/thumb/v7-m/nofp/libg_nano.a(lib_a-errno.o)
                              ./system/src/newlib/_sbrk.o (__errno)
/Users/sankalpagrawal/Library/xPacks/@gnu-mcu-eclipse/arm-none-eabi-gcc/8.2.1-1.1.1/.content/bin/../lib/gcc/arm-none-eabi/8.2.1/../../../../arm-none-eabi/lib/thumb/v7-m/nofp/libg_nano.a(lib_a-impure.o)
                              /Users/sankalpagrawal/Library/xPacks/@gnu-mcu-eclipse/arm-none-eabi-gcc/8.2.1-1.1.1/.content/bin/../lib/gcc/arm-none-eabi/8.2.1/../../../../arm-none-eabi/lib/thumb/v7-m/nofp/libg_nano.a(lib_a-errno.o) (_impure_ptr)
/Users/sankalpagrawal/Library/xPacks/@gnu-mcu-eclipse/arm-none-eabi-gcc/8.2.1-1.1.1/.content/bin/../lib/gcc/arm-none-eabi/8.2.1/../../../../arm-none-eabi/lib/thumb/v7-m/nofp/libg_nano.a(lib_a-strlen.o)
                              ./system/src/diag/Trace.o (strlen)
/Users/sankalpagrawal/Library/xPacks/@gnu-mcu-eclipse/arm-none-eabi-gcc/8.2.1-1.1.1/.content/bin/../lib/gcc/arm-none-eabi/8.2.1/../../../../arm-none-eabi/lib/thumb/v7-m/nofp/libg_nano.a(lib_a-vsnprintf.o)
                              ./system/src/diag/Trace.o (vsnprintf)
/Users/sankalpagrawal/Library/xPacks/@gnu-mcu-eclipse/arm-none-eabi-gcc/8.2.1-1.1.1/.content/bin/../lib/gcc/arm-none-eabi/8.2.1/../../../../arm-none-eabi/lib/thumb/v7-m/nofp/libg_nano.a(lib_a-nano-svfprintf.o)
                              /Users/sankalpagrawal/Library/xPacks/@gnu-mcu-eclipse/arm-none-eabi-gcc/8.2.1-1.1.1/.content/bin/../lib/gcc/arm-none-eabi/8.2.1/../../../../arm-none-eabi/lib/thumb/v7-m/nofp/libg_nano.a(lib_a-vsnprintf.o) (_svfprintf_r)
/Users/sankalpagrawal/Library/xPacks/@gnu-mcu-eclipse/arm-none-eabi-gcc/8.2.1-1.1.1/.content/bin/../lib/gcc/arm-none-eabi/8.2.1/../../../../arm-none-eabi/lib/thumb/v7-m/nofp/libg_nano.a(lib_a-nano-vfprintf_i.o)
                              /Users/sankalpagrawal/Library/xPacks/@gnu-mcu-eclipse/arm-none-eabi-gcc/8.2.1-1.1.1/.content/bin/../lib/gcc/arm-none-eabi/8.2.1/../../../../arm-none-eabi/lib/thumb/v7-m/nofp/libg_nano.a(lib_a-nano-svfprintf.o) (_printf_i)
/Users/sankalpagrawal/Library/xPacks/@gnu-mcu-eclipse/arm-none-eabi-gcc/8.2.1-1.1.1/.content/bin/../lib/gcc/arm-none-eabi/8.2.1/../../../../arm-none-eabi/lib/thumb/v7-m/nofp/libg_nano.a(lib_a-memchr-stub.o)
                              /Users/sankalpagrawal/Library/xPacks/@gnu-mcu-eclipse/arm-none-eabi-gcc/8.2.1-1.1.1/.content/bin/../lib/gcc/arm-none-eabi/8.2.1/../../../../arm-none-eabi/lib/thumb/v7-m/nofp/libg_nano.a(lib_a-nano-svfprintf.o) (memchr)
/Users/sankalpagrawal/Library/xPacks/@gnu-mcu-eclipse/arm-none-eabi-gcc/8.2.1-1.1.1/.content/bin/../lib/gcc/arm-none-eabi/8.2.1/../../../../arm-none-eabi/lib/thumb/v7-m/nofp/libg_nano.a(lib_a-memcpy-stub.o)
                              /Users/sankalpagrawal/Library/xPacks/@gnu-mcu-eclipse/arm-none-eabi-gcc/8.2.1-1.1.1/.content/bin/../lib/gcc/arm-none-eabi/8.2.1/../../../../arm-none-eabi/lib/thumb/v7-m/nofp/libg_nano.a(lib_a-nano-svfprintf.o) (memcpy)
/Users/sankalpagrawal/Library/xPacks/@gnu-mcu-eclipse/arm-none-eabi-gcc/8.2.1-1.1.1/.content/bin/../lib/gcc/arm-none-eabi/8.2.1/../../../../arm-none-eabi/lib/thumb/v7-m/nofp/libg_nano.a(lib_a-memmove.o)
                              /Users/sankalpagrawal/Library/xPacks/@gnu-mcu-eclipse/arm-none-eabi-gcc/8.2.1-1.1.1/.content/bin/../lib/gcc/arm-none-eabi/8.2.1/../../../../arm-none-eabi/lib/thumb/v7-m/nofp/libg_nano.a(lib_a-nano-svfprintf.o) (memmove)
/Users/sankalpagrawal/Library/xPacks/@gnu-mcu-eclipse/arm-none-eabi-gcc/8.2.1-1.1.1/.content/bin/../lib/gcc/arm-none-eabi/8.2.1/../../../../arm-none-eabi/lib/thumb/v7-m/nofp/libg_nano.a(lib_a-nano-freer.o)
                              /Users/sankalpagrawal/Library/xPacks/@gnu-mcu-eclipse/arm-none-eabi-gcc/8.2.1-1.1.1/.content/bin/../lib/gcc/arm-none-eabi/8.2.1/../../../../arm-none-eabi/lib/thumb/v7-m/nofp/libg_nano.a(lib_a-nano-svfprintf.o) (_free_r)
/Users/sankalpagrawal/Library/xPacks/@gnu-mcu-eclipse/arm-none-eabi-gcc/8.2.1-1.1.1/.content/bin/../lib/gcc/arm-none-eabi/8.2.1/../../../../arm-none-eabi/lib/thumb/v7-m/nofp/libg_nano.a(lib_a-nano-mallocr.o)
                              /Users/sankalpagrawal/Library/xPacks/@gnu-mcu-eclipse/arm-none-eabi-gcc/8.2.1-1.1.1/.content/bin/../lib/gcc/arm-none-eabi/8.2.1/../../../../arm-none-eabi/lib/thumb/v7-m/nofp/libg_nano.a(lib_a-nano-svfprintf.o) (_malloc_r)
/Users/sankalpagrawal/Library/xPacks/@gnu-mcu-eclipse/arm-none-eabi-gcc/8.2.1-1.1.1/.content/bin/../lib/gcc/arm-none-eabi/8.2.1/../../../../arm-none-eabi/lib/thumb/v7-m/nofp/libg_nano.a(lib_a-nano-reallocr.o)
                              /Users/sankalpagrawal/Library/xPacks/@gnu-mcu-eclipse/arm-none-eabi-gcc/8.2.1-1.1.1/.content/bin/../lib/gcc/arm-none-eabi/8.2.1/../../../../arm-none-eabi/lib/thumb/v7-m/nofp/libg_nano.a(lib_a-nano-svfprintf.o) (_realloc_r)
[...]
Memory Configuration

Name             Origin             Length             Attributes
RAM              0x0000000020000000 0x0000000000005000 xrw
CCMRAM           0x0000000000000000 0x0000000000000000 xrw
FLASH            0x0000000008000000 0x0000000000020000 xr
FLASHB1          0x0000000000000000 0x0000000000000000 xr
EXTMEMB0         0x0000000000000000 0x0000000000000000 xr
EXTMEMB1         0x0000000000000000 0x0000000000000000 xr
EXTMEMB2         0x0000000000000000 0x0000000000000000 xr
EXTMEMB3         0x0000000000000000 0x0000000000000000 xr
MEMORY_ARRAY     0x0000000000000000 0x0000000000000000 xrw
*default*        0x0000000000000000 0xffffffffffffffff

Linker script and memory map

LOAD ./system/src/stm32f1-stdperiph/misc.o
LOAD ./system/src/stm32f1-stdperiph/stm32f10x_gpio.o
LOAD ./system/src/stm32f1-stdperiph/stm32f10x_rcc.o
LOAD ./system/src/newlib/_cxx.o
LOAD ./system/src/newlib/_exit.o
LOAD ./system/src/newlib/_sbrk.o
LOAD ./system/src/newlib/_startup.o
LOAD ./system/src/newlib/_syscalls.o
LOAD ./system/src/newlib/assert.o
LOAD ./system/src/diag/Trace.o
LOAD ./system/src/diag/trace_impl.o
LOAD ./system/src/cortexm/_initialize_hardware.o
LOAD ./system/src/cortexm/_reset_hardware.o
LOAD ./system/src/cortexm/exception_handlers.o
LOAD ./system/src/cmsis/system_stm32f10x.o
LOAD ./system/src/cmsis/vectors_stm32f10x.o
LOAD ./src/_write.o
LOAD ./src/main.o
LOAD /Users/sankalpagrawal/Library/xPacks/@gnu-mcu-eclipse/arm-none-eabi-gcc/8.2.1-1.1.1/.content/bin/../lib/gcc/arm-none-eabi/8.2.1/../../../../arm-none-eabi/lib/thumb/v7-m/nofp/libstdc++_nano.a
LOAD /Users/sankalpagrawal/Library/xPacks/@gnu-mcu-eclipse/arm-none-eabi-gcc/8.2.1-1.1.1/.content/bin/../lib/gcc/arm-none-eabi/8.2.1/../../../../arm-none-eabi/lib/thumb/v7-m/nofp/libm.a
START GROUP
LOAD /Users/sankalpagrawal/Library/xPacks/@gnu-mcu-eclipse/arm-none-eabi-gcc/8.2.1-1.1.1/.content/bin/../lib/gcc/arm-none-eabi/8.2.1/thumb/v7-m/nofp/libgcc.a
LOAD /Users/sankalpagrawal/Library/xPacks/@gnu-mcu-eclipse/arm-none-eabi-gcc/8.2.1-1.1.1/.content/bin/../lib/gcc/arm-none-eabi/8.2.1/../../../../arm-none-eabi/lib/thumb/v7-m/nofp/libg_nano.a
LOAD /Users/sankalpagrawal/Library/xPacks/@gnu-mcu-eclipse/arm-none-eabi-gcc/8.2.1-1.1.1/.content/bin/../lib/gcc/arm-none-eabi/8.2.1/../../../../arm-none-eabi/lib/thumb/v7-m/nofp/libc_nano.a
END GROUP
START GROUP
LOAD /Users/sankalpagrawal/Library/xPacks/@gnu-mcu-eclipse/arm-none-eabi-gcc/8.2.1-1.1.1/.content/bin/../lib/gcc/arm-none-eabi/8.2.1/thumb/v7-m/nofp/libgcc.a
LOAD /Users/sankalpagrawal/Library/xPacks/@gnu-mcu-eclipse/arm-none-eabi-gcc/8.2.1-1.1.1/.content/bin/../lib/gcc/arm-none-eabi/8.2.1/../../../../arm-none-eabi/lib/thumb/v7-m/nofp/libc_nano.a
END GROUP
                0x0000000020005000                __stack = (ORIGIN (RAM) + LENGTH (RAM))
                0x0000000020005000                _estack = __stack
                0x0000000000000400                __Main_Stack_Size = 0x400
                [!provide]                        PROVIDE (_Main_Stack_Size = __Main_Stack_Size)
                0x0000000020004c00                __Main_Stack_Limit = (__stack - __Main_Stack_Size)
                [!provide]                        PROVIDE (_Main_Stack_Limit = __Main_Stack_Limit)
                0x0000000000000100                _Minimum_Stack_Size = 0x100
                0x0000000020000130                PROVIDE (_Heap_Begin = _end_noinit)
                0x0000000020004c00                PROVIDE (_Heap_Limit = (__stack - __Main_Stack_Size))

.isr_vector     0x0000000008000000      0x428
 FILL mask 0xff
                0x0000000008000000                __vectors_start = ABSOLUTE (.)
                0x0000000008000000                __vectors_start__ = ABSOLUTE (.)
 *(.isr_vector)
 .isr_vector    0x0000000008000000      0x1e4 ./system/src/cmsis/vectors_stm32f10x.o
                0x0000000008000000                __isr_vectors
 *(.cfmconfig)
 *(.after_vectors .after_vectors.*)
 .after_vectors
                0x00000000080001e4      0x114 ./system/src/newlib/_startup.o
                0x00000000080001e4                _start
 .after_vectors
                0x00000000080002f8      0x12c ./system/src/cortexm/exception_handlers.o
                0x00000000080002f8                Reset_Handler
                0x00000000080002fe                NMI_Handler
                0x0000000008000302                HardFault_Handler
                0x0000000008000316                HardFault_Handler_C
                0x0000000008000374                MemManage_Handler
                0x0000000008000378                BusFault_Handler
                0x000000000800038c                BusFault_Handler_C
                0x00000000080003c0                UsageFault_Handler
                0x00000000080003d4                UsageFault_Handler_C
                0x0000000008000408                SVC_Handler
                0x000000000800040c                DebugMon_Handler
                0x0000000008000410                PendSV_Handler
                0x0000000008000414                SysTick_Handler
 .after_vectors
                0x0000000008000424        0x4 ./system/src/cmsis/vectors_stm32f10x.o
                0x0000000008000424                TIM1_BRK_TIM15_IRQHandler
                0x0000000008000424                TIM8_TRG_COM_IRQHandler
                0x0000000008000424                TIM8_CC_IRQHandler
                0x0000000008000424                TIM1_CC_IRQHandler
                0x0000000008000424                TIM6_IRQHandler
                0x0000000008000424                PVD_IRQHandler
                0x0000000008000424                SDIO_IRQHandler
                0x0000000008000424                CAN2_RX1_IRQHandler
                0x0000000008000424                EXTI3_IRQHandler
                0x0000000008000424                TIM8_TRG_COM_TIM14_IRQHandler
                0x0000000008000424                TIM1_UP_TIM10_IRQHandler
                0x0000000008000424                TIM8_UP_TIM13_IRQHandler
                0x0000000008000424                EXTI0_IRQHandler
                0x0000000008000424                I2C2_EV_IRQHandler
                0x0000000008000424                CAN1_RX0_IRQHandler
                0x0000000008000424                TIM1_UP_TIM16_IRQHandler
                0x0000000008000424                CAN2_SCE_IRQHandler
                0x0000000008000424                ADC1_2_IRQHandler
                0x0000000008000424                SPI1_IRQHandler
                0x0000000008000424                TAMPER_IRQHandler
                0x0000000008000424                TIM6_DAC_IRQHandler
                0x0000000008000424                TIM1_BRK_TIM9_IRQHandler
                0x0000000008000424                CAN2_RX0_IRQHandler
                0x0000000008000424                TIM8_UP_IRQHandler
                0x0000000008000424                DMA2_Channel2_IRQHandler
                0x0000000008000424                DMA1_Channel4_IRQHandler
                0x0000000008000424                USART3_IRQHandler
                0x0000000008000424                RTC_IRQHandler
                0x0000000008000424                DMA1_Channel7_IRQHandler
                0x0000000008000424                CAN1_RX1_IRQHandler
                0x0000000008000424                UART5_IRQHandler
                0x0000000008000424                ADC3_IRQHandler
                0x0000000008000424                TIM4_IRQHandler
                0x0000000008000424                DMA2_Channel1_IRQHandler
                0x0000000008000424                I2C1_EV_IRQHandler
                0x0000000008000424                DMA1_Channel6_IRQHandler
                0x0000000008000424                UART4_IRQHandler
                0x0000000008000424                DMA2_Channel4_IRQHandler
                0x0000000008000424                TIM3_IRQHandler
                0x0000000008000424                RCC_IRQHandler
                0x0000000008000424                TIM8_BRK_TIM12_IRQHandler
                0x0000000008000424                TIM1_TRG_COM_IRQHandler
                0x0000000008000424                DMA1_Channel1_IRQHandler
                0x0000000008000424                Default_Handler
                0x0000000008000424                CEC_IRQHandler
                0x0000000008000424                EXTI15_10_IRQHandler
                0x0000000008000424                TIM14_IRQHandler
                0x0000000008000424                TIM13_IRQHandler
                0x0000000008000424                TIM12_IRQHandler
                0x0000000008000424                TIM7_IRQHandler
                0x0000000008000424                CAN2_TX_IRQHandler
                0x0000000008000424                TIM5_IRQHandler
                0x0000000008000424                EXTI9_5_IRQHandler
                0x0000000008000424                ETH_WKUP_IRQHandler
                0x0000000008000424                SPI2_IRQHandler
                0x0000000008000424                CAN1_TX_IRQHandler
                0x0000000008000424                DMA2_Channel5_IRQHandler
                0x0000000008000424                DMA1_Channel5_IRQHandler
                0x0000000008000424                EXTI4_IRQHandler
                0x0000000008000424                USB_LP_CAN1_RX0_IRQHandler
                0x0000000008000424                TIM1_TRG_COM_TIM17_IRQHandler
                0x0000000008000424                USB_HP_CAN1_TX_IRQHandler
                0x0000000008000424                DMA1_Channel3_IRQHandler
                0x0000000008000424                FSMC_IRQHandler
                0x0000000008000424                ETH_IRQHandler
                0x0000000008000424                TIM1_UP_IRQHandler
                0x0000000008000424                WWDG_IRQHandler
                0x0000000008000424                OTG_FS_WKUP_IRQHandler
                0x0000000008000424                TIM1_TRG_COM_TIM11_IRQHandler
                0x0000000008000424                TIM1_BRK_IRQHandler
                0x0000000008000424                EXTI1_IRQHandler
                0x0000000008000424                RTCAlarm_IRQHandler
                0x0000000008000424                DMA2_Channel4_5_IRQHandler
                0x0000000008000424                USART2_IRQHandler
                0x0000000008000424                I2C2_ER_IRQHandler
                0x0000000008000424                DMA1_Channel2_IRQHandler
                0x0000000008000424                TIM8_BRK_IRQHandler
                0x0000000008000424                CAN1_SCE_IRQHandler
                0x0000000008000424                FLASH_IRQHandler
                0x0000000008000424                USART1_IRQHandler
                0x0000000008000424                OTG_FS_IRQHandler
                0x0000000008000424                SPI3_IRQHandler
                0x0000000008000424                I2C1_ER_IRQHandler
                0x0000000008000424                USBWakeUp_IRQHandler
                0x0000000008000424                DMA2_Channel3_IRQHandler
                0x0000000008000424                EXTI2_IRQHandler

.inits          0x0000000008000428       0x28
                0x0000000008000428                __data_regions_array_start = .
                0x0000000008000428        0x4 LONG 0x80012e0 LOADADDR (.data)
                0x000000000800042c        0x4 LONG 0x20000000 ADDR (.data)
                0x0000000008000430        0x4 LONG 0x20000088 (ADDR (.data) + SIZEOF (.data))
                0x0000000008000434        0x4 LONG 0x80012e0 LOADADDR (.data_CCMRAM)
                0x0000000008000438        0x4 LONG 0x0 ADDR (.data_CCMRAM)
                0x000000000800043c        0x4 LONG 0x0 (ADDR (.data_CCMRAM) + SIZEOF (.data_CCMRAM))
                0x0000000008000440                __data_regions_array_end = .
                0x0000000008000440                __bss_regions_array_start = .
                0x0000000008000440        0x4 LONG 0x20000088 ADDR (.bss)
                0x0000000008000444        0x4 LONG 0x20000130 (ADDR (.bss) + SIZEOF (.bss))
                0x0000000008000448        0x4 LONG 0x0 ADDR (.bss_CCMRAM)
                0x000000000800044c        0x4 LONG 0x0 (ADDR (.bss_CCMRAM) + SIZEOF (.bss_CCMRAM))
                0x0000000008000450                __bss_regions_array_end = .
 *(.init)
 *(.fini)
                0x0000000008000450                . = ALIGN (0x4)
                0x0000000008000450                PROVIDE (__preinit_array_start = .)
 *(.preinit_array_sysinit .preinit_array_sysinit.*)
 *(.preinit_array_platform .preinit_array_platform.*)
 *(.preinit_array .preinit_array.*)
                0x0000000008000450                PROVIDE (__preinit_array_end = .)
                0x0000000008000450                . = ALIGN (0x4)
                0x0000000008000450                PROVIDE (__init_array_start = .)
 *(SORT_BY_NAME(.init_array.*))
 *(.init_array)
                0x0000000008000450                PROVIDE (__init_array_end = .)
                0x0000000008000450                . = ALIGN (0x4)
                0x0000000008000450                PROVIDE (__fini_array_start = .)
 *(SORT_BY_NAME(.fini_array.*))
 *(.fini_array)
                0x0000000008000450                PROVIDE (__fini_array_end = .)

.flashtext
 *(.flashtext .flashtext.*)

.text           0x0000000008000450      0xe8f
 *(.text .text.*)
 .text._exit    0x0000000008000450        0x2 ./system/src/newlib/_exit.o
                0x0000000008000450                _exit
 *fill*         0x0000000008000452        0x2 
 .text._sbrk    0x0000000008000454       0x44 ./system/src/newlib/_sbrk.o
                0x0000000008000454                _sbrk
 .text.__initialize_args
                0x0000000008000498       0x10 ./system/src/newlib/_syscalls.o
                0x0000000008000498                __initialize_args
 .text.trace_printf
                0x00000000080004a8       0x34 ./system/src/diag/Trace.o
                0x00000000080004a8                trace_printf
 .text._trace_write_semihosting_debug
                0x00000000080004dc       0x60 ./system/src/diag/trace_impl.o
 .text.trace_write
                0x000000000800053c        0x8 ./system/src/diag/trace_impl.o
                0x000000000800053c                trace_write
 .text.__initialize_hardware_early
                0x0000000008000544       0x18 ./system/src/cortexm/_initialize_hardware.o
                0x0000000008000544                __initialize_hardware_early
 .text.__initialize_hardware
                0x000000000800055c        0x8 ./system/src/cortexm/_initialize_hardware.o
                0x000000000800055c                __initialize_hardware
 .text.dumpExceptionStack
                0x0000000008000564       0xf4 ./system/src/cortexm/exception_handlers.o
                0x0000000008000564                dumpExceptionStack
 .text.isSemihosting
                0x0000000008000658       0x20 ./system/src/cortexm/exception_handlers.o
                0x0000000008000658                isSemihosting
 .text.SetSysClockTo72
                0x0000000008000678       0xc4 ./system/src/cmsis/system_stm32f10x.o
 .text.SetSysClock
                0x000000000800073c        0x8 ./system/src/cmsis/system_stm32f10x.o
 .text.SystemInit
                0x0000000008000744       0x50 ./system/src/cmsis/system_stm32f10x.o
                0x0000000008000744                SystemInit
 .text.SystemCoreClockUpdate
                0x0000000008000794       0x9c ./system/src/cmsis/system_stm32f10x.o
                0x0000000008000794                SystemCoreClockUpdate
 .text.initLED  0x0000000008000830       0x20 ./src/main.o
                0x0000000008000830                initLED
 .text.TIM2_IRQHandler
                0x0000000008000850       0x2a ./src/main.o
                0x0000000008000850                TIM2_IRQHandler
 *fill*         0x000000000800087a        0x2 
 .text.main     0x000000000800087c       0x58 ./src/main.o
                0x000000000800087c                main
 .text.__errno  0x00000000080008d4        0xc /Users/sankalpagrawal/Library/xPacks/@gnu-mcu-eclipse/arm-none-eabi-gcc/8.2.1-1.1.1/.content/bin/../lib/gcc/arm-none-eabi/8.2.1/../../../../arm-none-eabi/lib/thumb/v7-m/nofp/libg_nano.a(lib_a-errno.o)
                0x00000000080008d4                __errno
 .text._vsnprintf_r
                0x00000000080008e0       0x58 /Users/sankalpagrawal/Library/xPacks/@gnu-mcu-eclipse/arm-none-eabi-gcc/8.2.1-1.1.1/.content/bin/../lib/gcc/arm-none-eabi/8.2.1/../../../../arm-none-eabi/lib/thumb/v7-m/nofp/libg_nano.a(lib_a-vsnprintf.o)
                0x00000000080008e0                _vsnprintf_r
                0x00000000080008e0                _vsniprintf_r
 .text.vsnprintf
                0x0000000008000938       0x1c /Users/sankalpagrawal/Library/xPacks/@gnu-mcu-eclipse/arm-none-eabi-gcc/8.2.1-1.1.1/.content/bin/../lib/gcc/arm-none-eabi/8.2.1/../../../../arm-none-eabi/lib/thumb/v7-m/nofp/libg_nano.a(lib_a-vsnprintf.o)
                0x0000000008000938                vsnprintf
                0x0000000008000938                vsniprintf
 .text.__ssputs_r
                0x0000000008000954       0xb6 /Users/sankalpagrawal/Library/xPacks/@gnu-mcu-eclipse/arm-none-eabi-gcc/8.2.1-1.1.1/.content/bin/../lib/gcc/arm-none-eabi/8.2.1/../../../../arm-none-eabi/lib/thumb/v7-m/nofp/libg_nano.a(lib_a-nano-svfprintf.o)
                0x0000000008000954                __ssputs_r
 *fill*         0x0000000008000a0a        0x2 
 .text._svfprintf_r
                0x0000000008000a0c      0x1f0 /Users/sankalpagrawal/Library/xPacks/@gnu-mcu-eclipse/arm-none-eabi-gcc/8.2.1-1.1.1/.content/bin/../lib/gcc/arm-none-eabi/8.2.1/../../../../arm-none-eabi/lib/thumb/v7-m/nofp/libg_nano.a(lib_a-nano-svfprintf.o)
                0x0000000008000a0c                _svfprintf_r
                0x0000000008000a0c                _svfiprintf_r
 .text._printf_common
                0x0000000008000bfc       0xec /Users/sankalpagrawal/Library/xPacks/@gnu-mcu-eclipse/arm-none-eabi-gcc/8.2.1-1.1.1/.content/bin/../lib/gcc/arm-none-eabi/8.2.1/../../../../arm-none-eabi/lib/thumb/v7-m/nofp/libg_nano.a(lib_a-nano-vfprintf_i.o)
                0x0000000008000bfc                _printf_common
 .text._printf_i
                0x0000000008000ce8      0x22c /Users/sankalpagrawal/Library/xPacks/@gnu-mcu-eclipse/arm-none-eabi-gcc/8.2.1-1.1.1/.content/bin/../lib/gcc/arm-none-eabi/8.2.1/../../../../arm-none-eabi/lib/thumb/v7-m/nofp/libg_nano.a(lib_a-nano-vfprintf_i.o)
                0x0000000008000ce8                _printf_i
 .text.memchr   0x0000000008000f14       0x1c /Users/sankalpagrawal/Library/xPacks/@gnu-mcu-eclipse/arm-none-eabi-gcc/8.2.1-1.1.1/.content/bin/../lib/gcc/arm-none-eabi/8.2.1/../../../../arm-none-eabi/lib/thumb/v7-m/nofp/libg_nano.a(lib_a-memchr-stub.o)
                0x0000000008000f14                memchr
 .text.memcpy   0x0000000008000f30       0x1c /Users/sankalpagrawal/Library/xPacks/@gnu-mcu-eclipse/arm-none-eabi-gcc/8.2.1-1.1.1/.content/bin/../lib/gcc/arm-none-eabi/8.2.1/../../../../arm-none-eabi/lib/thumb/v7-m/nofp/libg_nano.a(lib_a-memcpy-stub.o)
                0x0000000008000f30                memcpy
 .text.memmove  0x0000000008000f4c       0x34 /Users/sankalpagrawal/Library/xPacks/@gnu-mcu-eclipse/arm-none-eabi-gcc/8.2.1-1.1.1/.content/bin/../lib/gcc/arm-none-eabi/8.2.1/../../../../arm-none-eabi/lib/thumb/v7-m/nofp/libg_nano.a(lib_a-memmove.o)
                0x0000000008000f4c                memmove
 .text._free_r  0x0000000008000f80       0x98 /Users/sankalpagrawal/Library/xPacks/@gnu-mcu-eclipse/arm-none-eabi-gcc/8.2.1-1.1.1/.content/bin/../lib/gcc/arm-none-eabi/8.2.1/../../../../arm-none-eabi/lib/thumb/v7-m/nofp/libg_nano.a(lib_a-nano-freer.o)
                0x0000000008000f80                _free_r
 .text._malloc_r
                0x0000000008001018       0xb4 /Users/sankalpagrawal/Library/xPacks/@gnu-mcu-eclipse/arm-none-eabi-gcc/8.2.1-1.1.1/.content/bin/../lib/gcc/arm-none-eabi/8.2.1/../../../../arm-none-eabi/lib/thumb/v7-m/nofp/libg_nano.a(lib_a-nano-mallocr.o)
                0x0000000008001018                _malloc_r
 .text._realloc_r
                0x00000000080010cc       0x4c /Users/sankalpagrawal/Library/xPacks/@gnu-mcu-eclipse/arm-none-eabi-gcc/8.2.1-1.1.1/.content/bin/../lib/gcc/arm-none-eabi/8.2.1/../../../../arm-none-eabi/lib/thumb/v7-m/nofp/libg_nano.a(lib_a-nano-reallocr.o)
                0x00000000080010cc                _realloc_r
 .text._sbrk_r  0x0000000008001118       0x20 /Users/sankalpagrawal/Library/xPacks/@gnu-mcu-eclipse/arm-none-eabi-gcc/8.2.1-1.1.1/.content/bin/../lib/gcc/arm-none-eabi/8.2.1/../../../../arm-none-eabi/lib/thumb/v7-m/nofp/libg_nano.a(lib_a-sbrkr.o)
                0x0000000008001118                _sbrk_r
 .text.__malloc_lock
                0x0000000008001138        0xc /Users/sankalpagrawal/Library/xPacks/@gnu-mcu-eclipse/arm-none-eabi-gcc/8.2.1-1.1.1/.content/bin/../lib/gcc/arm-none-eabi/8.2.1/../../../../arm-none-eabi/lib/thumb/v7-m/nofp/libg_nano.a(lib_a-mlock.o)
                0x0000000008001138                __malloc_lock
 .text.__malloc_unlock
                0x0000000008001144        0xc /Users/sankalpagrawal/Library/xPacks/@gnu-mcu-eclipse/arm-none-eabi-gcc/8.2.1-1.1.1/.content/bin/../lib/gcc/arm-none-eabi/8.2.1/../../../../arm-none-eabi/lib/thumb/v7-m/nofp/libg_nano.a(lib_a-mlock.o)
                0x0000000008001144                __malloc_unlock
 .text._malloc_usable_size_r
                0x0000000008001150       0x10 /Users/sankalpagrawal/Library/xPacks/@gnu-mcu-eclipse/arm-none-eabi-gcc/8.2.1-1.1.1/.content/bin/../lib/gcc/arm-none-eabi/8.2.1/../../../../arm-none-eabi/lib/thumb/v7-m/nofp/libg_nano.a(lib_a-nano-msizer.o)
                0x0000000008001150                _malloc_usable_size_r
 .text.__retarget_lock_acquire_recursive
                0x0000000008001160        0x2 /Users/sankalpagrawal/Library/xPacks/@gnu-mcu-eclipse/arm-none-eabi-gcc/8.2.1-1.1.1/.content/bin/../lib/gcc/arm-none-eabi/8.2.1/../../../../arm-none-eabi/lib/thumb/v7-m/nofp/libg_nano.a(lib_a-lock.o)
                0x0000000008001160                __retarget_lock_acquire_recursive
 .text.__retarget_lock_release_recursive
                0x0000000008001162        0x2 /Users/sankalpagrawal/Library/xPacks/@gnu-mcu-eclipse/arm-none-eabi-gcc/8.2.1-1.1.1/.content/bin/../lib/gcc/arm-none-eabi/8.2.1/../../../../arm-none-eabi/lib/thumb/v7-m/nofp/libg_nano.a(lib_a-lock.o)
                0x0000000008001162                __retarget_lock_release_recursive
 *(.rodata .rodata.* .constdata .constdata.*)
 .rodata.dumpExceptionStack.str1.4
                0x0000000008001164      0x11a ./system/src/cortexm/exception_handlers.o
 *fill*         0x000000000800127e        0x2 
 .rodata.str1.4
                0x0000000008001280       0x2c ./system/src/cortexm/exception_handlers.o
                                         0x2a (size before relaxing)
 .rodata._svfprintf_r.str1.1
                0x00000000080012ac       0x11 /Users/sankalpagrawal/Library/xPacks/@gnu-mcu-eclipse/arm-none-eabi-gcc/8.2.1-1.1.1/.content/bin/../lib/gcc/arm-none-eabi/8.2.1/../../../../arm-none-eabi/lib/thumb/v7-m/nofp/libg_nano.a(lib_a-nano-svfprintf.o)
 .rodata._printf_i.str1.1
                0x00000000080012bd       0x22 /Users/sankalpagrawal/Library/xPacks/@gnu-mcu-eclipse/arm-none-eabi-gcc/8.2.1-1.1.1/.content/bin/../lib/gcc/arm-none-eabi/8.2.1/../../../../arm-none-eabi/lib/thumb/v7-m/nofp/libg_nano.a(lib_a-nano-vfprintf_i.o)
 *(vtable)
 *(.eh_frame*)
 *(.glue_7)
 .glue_7        0x00000000080012df        0x0 linker stubs
 *(.glue_7t)
 .glue_7t       0x00000000080012df        0x0 linker stubs

.vfp11_veneer   0x00000000080012e0        0x0
 .vfp11_veneer  0x00000000080012e0        0x0 linker stubs

.v4_bx          0x00000000080012e0        0x0
 .v4_bx         0x00000000080012e0        0x0 linker stubs

.iplt           0x00000000080012e0        0x0
 .iplt          0x00000000080012e0        0x0 ./system/src/newlib/_exit.o

.rel.dyn        0x00000000080012e0        0x0
 .rel.iplt      0x00000000080012e0        0x0 ./system/src/newlib/_exit.o

.ARM.extab
 *(.ARM.extab* .gnu.linkonce.armextab.*)
                0x00000000080012e0                . = ALIGN (0x4)
                0x00000000080012e0                __exidx_start = .

.ARM.exidx
 *(.ARM.exidx* .gnu.linkonce.armexidx.*)
                0x00000000080012e0                __exidx_end = .
                0x00000000080012e0                . = ALIGN (0x4)
                0x00000000080012e0                _etext = .
                0x00000000080012e0                __etext = .

.data_CCMRAM    0x0000000000000000        0x0 load address 0x00000000080012e0
 FILL mask 0xff
 *(.data.CCMRAM .data.CCMRAM.*)
                0x0000000000000000                . = ALIGN (0x4)
                0x00000000080012e0                _sidata = LOADADDR (.data)

.data           0x0000000020000000       0x88 load address 0x00000000080012e0
 FILL mask 0xff
                0x0000000020000000                _sdata = .
                0x0000000020000000                __data_start__ = .
 *(.data_begin .data_begin.*)
 .data_begin    0x0000000020000000        0x4 ./system/src/newlib/_startup.o
 *(.data .data.*)
 .data.argv.4374
                0x0000000020000004        0x8 ./system/src/newlib/_syscalls.o
 .data.AHBPrescTable
                0x000000002000000c       0x10 ./system/src/cmsis/system_stm32f10x.o
                0x000000002000000c                AHBPrescTable
 .data.SystemCoreClock
                0x000000002000001c        0x4 ./system/src/cmsis/system_stm32f10x.o
                0x000000002000001c                SystemCoreClock
 .data._impure_ptr
                0x0000000020000020        0x4 /Users/sankalpagrawal/Library/xPacks/@gnu-mcu-eclipse/arm-none-eabi-gcc/8.2.1-1.1.1/.content/bin/../lib/gcc/arm-none-eabi/8.2.1/../../../../arm-none-eabi/lib/thumb/v7-m/nofp/libg_nano.a(lib_a-impure.o)
                0x0000000020000020                _impure_ptr
 .data.impure_data
                0x0000000020000024       0x60 /Users/sankalpagrawal/Library/xPacks/@gnu-mcu-eclipse/arm-none-eabi-gcc/8.2.1-1.1.1/.content/bin/../lib/gcc/arm-none-eabi/8.2.1/../../../../arm-none-eabi/lib/thumb/v7-m/nofp/libg_nano.a(lib_a-impure.o)
 *(.data_end .data_end.*)
 .data_end      0x0000000020000084        0x4 ./system/src/newlib/_startup.o
                0x0000000020000088                . = ALIGN (0x4)
                0x0000000020000088                _edata = .
                0x0000000020000088                __data_end__ = .

.igot.plt       0x0000000020000088        0x0 load address 0x0000000008001368
 .igot.plt      0x0000000020000088        0x0 ./system/src/newlib/_exit.o

.bss_CCMRAM     0x0000000000000000        0x0
 *(.bss.CCMRAM .bss.CCMRAM.*)

.bss            0x0000000020000088       0xa8
                0x0000000020000088                __bss_start__ = .
                0x0000000020000088                _sbss = .
 *(.bss_begin .bss_begin.*)
 .bss_begin     0x0000000020000088        0x4 ./system/src/newlib/_startup.o
 *(.bss .bss.*)
 .bss.current_heap_end.4004
                0x000000002000008c        0x4 ./system/src/newlib/_sbrk.o
 .bss.name.4373
                0x0000000020000090        0x1 ./system/src/newlib/_syscalls.o
 *fill*         0x0000000020000091        0x3 
 .bss.buf.5248  0x0000000020000094       0x80 ./system/src/diag/Trace.o
 .bss.__malloc_free_list
                0x0000000020000114        0x4 /Users/sankalpagrawal/Library/xPacks/@gnu-mcu-eclipse/arm-none-eabi-gcc/8.2.1-1.1.1/.content/bin/../lib/gcc/arm-none-eabi/8.2.1/../../../../arm-none-eabi/lib/thumb/v7-m/nofp/libg_nano.a(lib_a-nano-mallocr.o)
                0x0000000020000114                __malloc_free_list
 .bss.__malloc_sbrk_start
                0x0000000020000118        0x4 /Users/sankalpagrawal/Library/xPacks/@gnu-mcu-eclipse/arm-none-eabi-gcc/8.2.1-1.1.1/.content/bin/../lib/gcc/arm-none-eabi/8.2.1/../../../../arm-none-eabi/lib/thumb/v7-m/nofp/libg_nano.a(lib_a-nano-mallocr.o)
                0x0000000020000118                __malloc_sbrk_start
 *(COMMON)
 COMMON         0x000000002000011c        0x4 ./system/src/newlib/_syscalls.o
                0x000000002000011c                errno
 COMMON         0x0000000020000120        0x9 /Users/sankalpagrawal/Library/xPacks/@gnu-mcu-eclipse/arm-none-eabi-gcc/8.2.1-1.1.1/.content/bin/../lib/gcc/arm-none-eabi/8.2.1/../../../../arm-none-eabi/lib/thumb/v7-m/nofp/libg_nano.a(lib_a-lock.o)
                0x0000000020000120                __lock___atexit_recursive_mutex
                0x0000000020000121                __lock___arc4random_mutex
                0x0000000020000122                __lock___env_recursive_mutex
                0x0000000020000123                __lock___sinit_recursive_mutex
                0x0000000020000124                __lock___malloc_recursive_mutex
                0x0000000020000125                __lock___at_quick_exit_mutex
                0x0000000020000126                __lock___dd_hash_mutex
                0x0000000020000127                __lock___tz_mutex
                0x0000000020000128                __lock___sfp_recursive_mutex
 *(.bss_end .bss_end.*)
 *fill*         0x0000000020000129        0x3 
 .bss_end       0x000000002000012c        0x4 ./system/src/newlib/_startup.o
                0x0000000020000130                . = ALIGN (0x4)
                0x0000000020000130                __bss_end__ = .
                0x0000000020000130                _ebss = .

.noinit_CCMRAM
 *(.noinit.CCMRAM .noinit.CCMRAM.*)

.noinit         0x0000000020000130        0x0
                0x0000000020000130                _noinit = .
 *(.noinit .noinit.*)
                0x0000000020000130                . = ALIGN (0x4)
                0x0000000020000130                _end_noinit = .
                [!provide]                        PROVIDE (end = _end_noinit)
                [!provide]                        PROVIDE (_end = _end_noinit)
                [!provide]                        PROVIDE (__end = _end_noinit)
                [!provide]                        PROVIDE (__end__ = _end_noinit)

._check_stack   0x0000000020000130      0x100
                0x0000000020000230                . = (. + _Minimum_Stack_Size)
 *fill*         0x0000000020000130      0x100 

.b1text
 *(.b1text)
 *(.b1rodata)
 *(.b1rodata.*)

.eb0text
 *(.eb0text)
 *(.eb0rodata)
 *(.eb0rodata.*)

.eb1text
 *(.eb1text)
 *(.eb1rodata)
 *(.eb1rodata.*)

.eb2text
 *(.eb2text)
 *(.eb2rodata)
 *(.eb2rodata.*)

.eb3text
 *(.eb3text)
 *(.eb3rodata)
 *(.eb3rodata.*)

.stab
 *(.stab)

.stabstr
 *(.stabstr)

.stab.excl
 *(.stab.excl)

.stab.exclstr
 *(.stab.exclstr)

.stab.index
 *(.stab.index)

.stab.indexstr
 *(.stab.indexstr)

.comment        0x0000000000000000       0x68
 *(.comment)
 .comment       0x0000000000000000       0x68 ./system/src/newlib/_exit.o
                                         0x69 (size before relaxing)
 .comment       0x0000000000000068       0x69 ./system/src/newlib/_sbrk.o
 .comment       0x0000000000000068       0x69 ./system/src/newlib/_startup.o
 .comment       0x0000000000000068       0x69 ./system/src/newlib/_syscalls.o
 .comment       0x0000000000000068       0x69 ./system/src/diag/Trace.o
 .comment       0x0000000000000068       0x69 ./system/src/diag/trace_impl.o
 .comment       0x0000000000000068       0x69 ./system/src/cortexm/_initialize_hardware.o
 .comment       0x0000000000000068       0x69 ./system/src/cortexm/exception_handlers.o
 .comment       0x0000000000000068       0x69 ./system/src/cmsis/system_stm32f10x.o
 .comment       0x0000000000000068       0x69 ./system/src/cmsis/vectors_stm32f10x.o
 .comment       0x0000000000000068       0x69 ./src/main.o

.ARM.attributes
                0x0000000000000000       0x2b
 .ARM.attributes
                0x0000000000000000       0x2d ./system/src/newlib/_exit.o
 .ARM.attributes
                0x000000000000002d       0x2d ./system/src/newlib/_sbrk.o
 .ARM.attributes
                0x000000000000005a       0x2d ./system/src/newlib/_startup.o
 .ARM.attributes
                0x0000000000000087       0x2d ./system/src/newlib/_syscalls.o
 .ARM.attributes
                0x00000000000000b4       0x2d ./system/src/diag/Trace.o
 .ARM.attributes
                0x00000000000000e1       0x2d ./system/src/diag/trace_impl.o
 .ARM.attributes
                0x000000000000010e       0x2d ./system/src/cortexm/_initialize_hardware.o
 .ARM.attributes
                0x000000000000013b       0x2d ./system/src/cortexm/exception_handlers.o
 .ARM.attributes
                0x0000000000000168       0x2d ./system/src/cmsis/system_stm32f10x.o
 .ARM.attributes
                0x0000000000000195       0x2d ./system/src/cmsis/vectors_stm32f10x.o
 .ARM.attributes
                0x00000000000001c2       0x2d ./src/main.o
 .ARM.attributes
                0x00000000000001ef       0x2d /Users/sankalpagrawal/Library/xPacks/@gnu-mcu-eclipse/arm-none-eabi-gcc/8.2.1-1.1.1/.content/bin/../lib/gcc/arm-none-eabi/8.2.1/../../../../arm-none-eabi/lib/thumb/v7-m/nofp/libg_nano.a(lib_a-errno.o)
 .ARM.attributes
                0x000000000000021c       0x2d /Users/sankalpagrawal/Library/xPacks/@gnu-mcu-eclipse/arm-none-eabi-gcc/8.2.1-1.1.1/.content/bin/../lib/gcc/arm-none-eabi/8.2.1/../../../../arm-none-eabi/lib/thumb/v7-m/nofp/libg_nano.a(lib_a-impure.o)
 .ARM.attributes
                0x0000000000000249       0x2d /Users/sankalpagrawal/Library/xPacks/@gnu-mcu-eclipse/arm-none-eabi-gcc/8.2.1-1.1.1/.content/bin/../lib/gcc/arm-none-eabi/8.2.1/../../../../arm-none-eabi/lib/thumb/v7-m/nofp/libg_nano.a(lib_a-vsnprintf.o)
 .ARM.attributes
                0x0000000000000276       0x2d /Users/sankalpagrawal/Library/xPacks/@gnu-mcu-eclipse/arm-none-eabi-gcc/8.2.1-1.1.1/.content/bin/../lib/gcc/arm-none-eabi/8.2.1/../../../../arm-none-eabi/lib/thumb/v7-m/nofp/libg_nano.a(lib_a-nano-svfprintf.o)
 .ARM.attributes
                0x00000000000002a3       0x2d /Users/sankalpagrawal/Library/xPacks/@gnu-mcu-eclipse/arm-none-eabi-gcc/8.2.1-1.1.1/.content/bin/../lib/gcc/arm-none-eabi/8.2.1/../../../../arm-none-eabi/lib/thumb/v7-m/nofp/libg_nano.a(lib_a-nano-vfprintf_i.o)
 .ARM.attributes
                0x00000000000002d0       0x2d /Users/sankalpagrawal/Library/xPacks/@gnu-mcu-eclipse/arm-none-eabi-gcc/8.2.1-1.1.1/.content/bin/../lib/gcc/arm-none-eabi/8.2.1/../../../../arm-none-eabi/lib/thumb/v7-m/nofp/libg_nano.a(lib_a-memchr-stub.o)
 .ARM.attributes
                0x00000000000002fd       0x2d /Users/sankalpagrawal/Library/xPacks/@gnu-mcu-eclipse/arm-none-eabi-gcc/8.2.1-1.1.1/.content/bin/../lib/gcc/arm-none-eabi/8.2.1/../../../../arm-none-eabi/lib/thumb/v7-m/nofp/libg_nano.a(lib_a-memcpy-stub.o)
 .ARM.attributes
                0x000000000000032a       0x2d /Users/sankalpagrawal/Library/xPacks/@gnu-mcu-eclipse/arm-none-eabi-gcc/8.2.1-1.1.1/.content/bin/../lib/gcc/arm-none-eabi/8.2.1/../../../../arm-none-eabi/lib/thumb/v7-m/nofp/libg_nano.a(lib_a-memmove.o)
 .ARM.attributes
                0x0000000000000357       0x2d /Users/sankalpagrawal/Library/xPacks/@gnu-mcu-eclipse/arm-none-eabi-gcc/8.2.1-1.1.1/.content/bin/../lib/gcc/arm-none-eabi/8.2.1/../../../../arm-none-eabi/lib/thumb/v7-m/nofp/libg_nano.a(lib_a-nano-freer.o)
 .ARM.attributes
                0x0000000000000384       0x2d /Users/sankalpagrawal/Library/xPacks/@gnu-mcu-eclipse/arm-none-eabi-gcc/8.2.1-1.1.1/.content/bin/../lib/gcc/arm-none-eabi/8.2.1/../../../../arm-none-eabi/lib/thumb/v7-m/nofp/libg_nano.a(lib_a-nano-mallocr.o)
 .ARM.attributes
                0x00000000000003b1       0x2d /Users/sankalpagrawal/Library/xPacks/@gnu-mcu-eclipse/arm-none-eabi-gcc/8.2.1-1.1.1/.content/bin/../lib/gcc/arm-none-eabi/8.2.1/../../../../arm-none-eabi/lib/thumb/v7-m/nofp/libg_nano.a(lib_a-nano-reallocr.o)
 .ARM.attributes
                0x00000000000003de       0x2d /Users/sankalpagrawal/Library/xPacks/@gnu-mcu-eclipse/arm-none-eabi-gcc/8.2.1-1.1.1/.content/bin/../lib/gcc/arm-none-eabi/8.2.1/../../../../arm-none-eabi/lib/thumb/v7-m/nofp/libg_nano.a(lib_a-sbrkr.o)
 .ARM.attributes
                0x000000000000040b       0x2d /Users/sankalpagrawal/Library/xPacks/@gnu-mcu-eclipse/arm-none-eabi-gcc/8.2.1-1.1.1/.content/bin/../lib/gcc/arm-none-eabi/8.2.1/../../../../arm-none-eabi/lib/thumb/v7-m/nofp/libg_nano.a(lib_a-mlock.o)
 .ARM.attributes
                0x0000000000000438       0x2d /Users/sankalpagrawal/Library/xPacks/@gnu-mcu-eclipse/arm-none-eabi-gcc/8.2.1-1.1.1/.content/bin/../lib/gcc/arm-none-eabi/8.2.1/../../../../arm-none-eabi/lib/thumb/v7-m/nofp/libg_nano.a(lib_a-nano-msizer.o)
 .ARM.attributes
                0x0000000000000465       0x2d /Users/sankalpagrawal/Library/xPacks/@gnu-mcu-eclipse/arm-none-eabi-gcc/8.2.1-1.1.1/.content/bin/../lib/gcc/arm-none-eabi/8.2.1/../../../../arm-none-eabi/lib/thumb/v7-m/nofp/libg_nano.a(lib_a-lock.o)

.debug
 *(.debug)

.line
 *(.line)

.debug_srcinfo
 *(.debug_srcinfo)

.debug_sfnames
 *(.debug_sfnames)

.debug_aranges  0x0000000000000000      0x260
 *(.debug_aranges)
 .debug_aranges
                0x0000000000000000       0x28 ./system/src/newlib/_exit.o
 .debug_aranges
                0x0000000000000028       0x20 ./system/src/newlib/_sbrk.o
 .debug_aranges
                0x0000000000000048       0x40 ./system/src/newlib/_startup.o
 .debug_aranges
                0x0000000000000088       0x30 ./system/src/newlib/_syscalls.o
 .debug_aranges
                0x00000000000000b8       0x38 ./system/src/diag/Trace.o
 .debug_aranges
                0x00000000000000f0       0x30 ./system/src/diag/trace_impl.o
 .debug_aranges
                0x0000000000000120       0x28 ./system/src/cortexm/_initialize_hardware.o
 .debug_aranges
                0x0000000000000148       0x90 ./system/src/cortexm/exception_handlers.o
 .debug_aranges
                0x00000000000001d8       0x38 ./system/src/cmsis/system_stm32f10x.o
 .debug_aranges
                0x0000000000000210       0x20 ./system/src/cmsis/vectors_stm32f10x.o
 .debug_aranges
                0x0000000000000230       0x30 ./src/main.o

.debug_pubnames
 *(.debug_pubnames)

.debug_info     0x0000000000000000     0x5ef9
 *(.debug_info .gnu.linkonce.wi.*)
 .debug_info    0x0000000000000000      0x9e7 ./system/src/newlib/_exit.o
 .debug_info    0x00000000000009e7      0x9d4 ./system/src/newlib/_sbrk.o
 .debug_info    0x00000000000013bb      0x4ce ./system/src/newlib/_startup.o
 .debug_info    0x0000000000001889      0xab9 ./system/src/newlib/_syscalls.o
 .debug_info    0x0000000000002342      0xbdb ./system/src/diag/Trace.o
 .debug_info    0x0000000000002f1d      0x3be ./system/src/diag/trace_impl.o
 .debug_info    0x00000000000032db      0x2d6 ./system/src/cortexm/_initialize_hardware.o
 .debug_info    0x00000000000035b1     0x127b ./system/src/cortexm/exception_handlers.o
 .debug_info    0x000000000000482c      0x4e0 ./system/src/cmsis/system_stm32f10x.o
 .debug_info    0x0000000000004d0c       0xce ./system/src/cmsis/vectors_stm32f10x.o
 .debug_info    0x0000000000004dda     0x111f ./src/main.o

.debug_abbrev   0x0000000000000000     0x1724
 *(.debug_abbrev)
 .debug_abbrev  0x0000000000000000      0x222 ./system/src/newlib/_exit.o
 .debug_abbrev  0x0000000000000222      0x232 ./system/src/newlib/_sbrk.o
 .debug_abbrev  0x0000000000000454      0x1d7 ./system/src/newlib/_startup.o
 .debug_abbrev  0x000000000000062b      0x26d ./system/src/newlib/_syscalls.o
 .debug_abbrev  0x0000000000000898      0x2c6 ./system/src/diag/Trace.o
 .debug_abbrev  0x0000000000000b5e      0x221 ./system/src/diag/trace_impl.o
 .debug_abbrev  0x0000000000000d7f       0xfc ./system/src/cortexm/_initialize_hardware.o
 .debug_abbrev  0x0000000000000e7b      0x372 ./system/src/cortexm/exception_handlers.o
 .debug_abbrev  0x00000000000011ed      0x19d ./system/src/cmsis/system_stm32f10x.o
 .debug_abbrev  0x000000000000138a       0xa5 ./system/src/cmsis/vectors_stm32f10x.o
 .debug_abbrev  0x000000000000142f      0x2f5 ./src/main.o

.debug_line     0x0000000000000000     0x3a54
 *(.debug_line)
 .debug_line    0x0000000000000000      0x3fe ./system/src/newlib/_exit.o
 .debug_line    0x00000000000003fe      0x3ef ./system/src/newlib/_sbrk.o
 .debug_line    0x00000000000007ed      0x610 ./system/src/newlib/_startup.o
 .debug_line    0x0000000000000dfd      0x4fb ./system/src/newlib/_syscalls.o
 .debug_line    0x00000000000012f8      0x4da ./system/src/diag/Trace.o
 .debug_line    0x00000000000017d2      0x752 ./system/src/diag/trace_impl.o
 .debug_line    0x0000000000001f24      0x3ac ./system/src/cortexm/_initialize_hardware.o
 .debug_line    0x00000000000022d0      0x93f ./system/src/cortexm/exception_handlers.o
 .debug_line    0x0000000000002c0f      0x5b7 ./system/src/cmsis/system_stm32f10x.o
 .debug_line    0x00000000000031c6      0x137 ./system/src/cmsis/vectors_stm32f10x.o
 .debug_line    0x00000000000032fd      0x757 ./src/main.o

.debug_frame    0x0000000000000000      0x834
 *(.debug_frame)
 .debug_frame   0x0000000000000000       0x38 ./system/src/newlib/_exit.o
 .debug_frame   0x0000000000000038       0x28 ./system/src/newlib/_sbrk.o
 .debug_frame   0x0000000000000060       0x7c ./system/src/newlib/_startup.o
 .debug_frame   0x00000000000000dc       0x50 ./system/src/newlib/_syscalls.o
 .debug_frame   0x000000000000012c       0x94 ./system/src/diag/Trace.o
 .debug_frame   0x00000000000001c0       0x64 ./system/src/diag/trace_impl.o
 .debug_frame   0x0000000000000224       0x40 ./system/src/cortexm/_initialize_hardware.o
 .debug_frame   0x0000000000000264      0x158 ./system/src/cortexm/exception_handlers.o
 .debug_frame   0x00000000000003bc       0x6c ./system/src/cmsis/system_stm32f10x.o
 .debug_frame   0x0000000000000428       0x20 ./system/src/cmsis/vectors_stm32f10x.o
 .debug_frame   0x0000000000000448       0x48 ./src/main.o
 .debug_frame   0x0000000000000490       0x20 /Users/sankalpagrawal/Library/xPacks/@gnu-mcu-eclipse/arm-none-eabi-gcc/8.2.1-1.1.1/.content/bin/../lib/gcc/arm-none-eabi/8.2.1/../../../../arm-none-eabi/lib/thumb/v7-m/nofp/libg_nano.a(lib_a-errno.o)
 .debug_frame   0x00000000000004b0       0x4c /Users/sankalpagrawal/Library/xPacks/@gnu-mcu-eclipse/arm-none-eabi-gcc/8.2.1-1.1.1/.content/bin/../lib/gcc/arm-none-eabi/8.2.1/../../../../arm-none-eabi/lib/thumb/v7-m/nofp/libg_nano.a(lib_a-vsnprintf.o)
 .debug_frame   0x00000000000004fc       0x90 /Users/sankalpagrawal/Library/xPacks/@gnu-mcu-eclipse/arm-none-eabi-gcc/8.2.1-1.1.1/.content/bin/../lib/gcc/arm-none-eabi/8.2.1/../../../../arm-none-eabi/lib/thumb/v7-m/nofp/libg_nano.a(lib_a-nano-svfprintf.o)
 .debug_frame   0x000000000000058c       0x60 /Users/sankalpagrawal/Library/xPacks/@gnu-mcu-eclipse/arm-none-eabi-gcc/8.2.1-1.1.1/.content/bin/../lib/gcc/arm-none-eabi/8.2.1/../../../../arm-none-eabi/lib/thumb/v7-m/nofp/libg_nano.a(lib_a-nano-vfprintf_i.o)
 .debug_frame   0x00000000000005ec       0x28 /Users/sankalpagrawal/Library/xPacks/@gnu-mcu-eclipse/arm-none-eabi-gcc/8.2.1-1.1.1/.content/bin/../lib/gcc/arm-none-eabi/8.2.1/../../../../arm-none-eabi/lib/thumb/v7-m/nofp/libg_nano.a(lib_a-memchr-stub.o)
 .debug_frame   0x0000000000000614       0x28 /Users/sankalpagrawal/Library/xPacks/@gnu-mcu-eclipse/arm-none-eabi-gcc/8.2.1-1.1.1/.content/bin/../lib/gcc/arm-none-eabi/8.2.1/../../../../arm-none-eabi/lib/thumb/v7-m/nofp/libg_nano.a(lib_a-memcpy-stub.o)
 .debug_frame   0x000000000000063c       0x28 /Users/sankalpagrawal/Library/xPacks/@gnu-mcu-eclipse/arm-none-eabi-gcc/8.2.1-1.1.1/.content/bin/../lib/gcc/arm-none-eabi/8.2.1/../../../../arm-none-eabi/lib/thumb/v7-m/nofp/libg_nano.a(lib_a-memmove.o)
 .debug_frame   0x0000000000000664       0x38 /Users/sankalpagrawal/Library/xPacks/@gnu-mcu-eclipse/arm-none-eabi-gcc/8.2.1-1.1.1/.content/bin/../lib/gcc/arm-none-eabi/8.2.1/../../../../arm-none-eabi/lib/thumb/v7-m/nofp/libg_nano.a(lib_a-nano-freer.o)
 .debug_frame   0x000000000000069c       0x30 /Users/sankalpagrawal/Library/xPacks/@gnu-mcu-eclipse/arm-none-eabi-gcc/8.2.1-1.1.1/.content/bin/../lib/gcc/arm-none-eabi/8.2.1/../../../../arm-none-eabi/lib/thumb/v7-m/nofp/libg_nano.a(lib_a-nano-mallocr.o)
 .debug_frame   0x00000000000006cc       0x3c /Users/sankalpagrawal/Library/xPacks/@gnu-mcu-eclipse/arm-none-eabi-gcc/8.2.1-1.1.1/.content/bin/../lib/gcc/arm-none-eabi/8.2.1/../../../../arm-none-eabi/lib/thumb/v7-m/nofp/libg_nano.a(lib_a-nano-reallocr.o)
 .debug_frame   0x0000000000000708       0x2c /Users/sankalpagrawal/Library/xPacks/@gnu-mcu-eclipse/arm-none-eabi-gcc/8.2.1-1.1.1/.content/bin/../lib/gcc/arm-none-eabi/8.2.1/../../../../arm-none-eabi/lib/thumb/v7-m/nofp/libg_nano.a(lib_a-sbrkr.o)
 .debug_frame   0x0000000000000734       0x30 /Users/sankalpagrawal/Library/xPacks/@gnu-mcu-eclipse/arm-none-eabi-gcc/8.2.1-1.1.1/.content/bin/../lib/gcc/arm-none-eabi/8.2.1/../../../../arm-none-eabi/lib/thumb/v7-m/nofp/libg_nano.a(lib_a-mlock.o)
 .debug_frame   0x0000000000000764       0x20 /Users/sankalpagrawal/Library/xPacks/@gnu-mcu-eclipse/arm-none-eabi-gcc/8.2.1-1.1.1/.content/bin/../lib/gcc/arm-none-eabi/8.2.1/../../../../arm-none-eabi/lib/thumb/v7-m/nofp/libg_nano.a(lib_a-nano-msizer.o)
 .debug_frame   0x0000000000000784       0xb0 /Users/sankalpagrawal/Library/xPacks/@gnu-mcu-eclipse/arm-none-eabi-gcc/8.2.1-1.1.1/.content/bin/../lib/gcc/arm-none-eabi/8.2.1/../../../../arm-none-eabi/lib/thumb/v7-m/nofp/libg_nano.a(lib_a-lock.o)

.debug_str      0x0000000000000000    0x563c0
 *(.debug_str)
 .debug_str     0x0000000000000000     0x7cec ./system/src/newlib/_exit.o
                                       0x7eb3 (size before relaxing)
 .debug_str     0x0000000000007cec      0x4f5 ./system/src/newlib/_sbrk.o
                                       0x7265 (size before relaxing)
 .debug_str     0x00000000000081e1      0xbb4 ./system/src/newlib/_startup.o
                                       0x69a0 (size before relaxing)
 .debug_str     0x0000000000008d95      0xdef ./system/src/newlib/_syscalls.o
                                       0x80b1 (size before relaxing)
 .debug_str     0x0000000000009b84      0x826 ./system/src/diag/Trace.o
                                       0x862b (size before relaxing)
 .debug_str     0x000000000000a3aa    0x4b6dc ./system/src/diag/trace_impl.o
                                      0x52e34 (size before relaxing)
 .debug_str     0x0000000000055a86       0xbc ./system/src/cortexm/_initialize_hardware.o
                                      0x4ed18 (size before relaxing)
 .debug_str     0x0000000000055b42      0x19d ./system/src/cortexm/exception_handlers.o
                                      0x54059 (size before relaxing)
 .debug_str     0x0000000000055cdf      0x114 ./system/src/cmsis/system_stm32f10x.o
                                      0x4edb2 (size before relaxing)
 .debug_str     0x0000000000055df3       0x57 ./system/src/cmsis/vectors_stm32f10x.o
                                       0x3934 (size before relaxing)
 .debug_str     0x0000000000055e4a      0x576 ./src/main.o
                                      0x548a6 (size before relaxing)

.debug_loc      0x0000000000000000      0xb34
 *(.debug_loc)
 .debug_loc     0x0000000000000000       0x15 ./system/src/newlib/_exit.o
 .debug_loc     0x0000000000000015       0x97 ./system/src/newlib/_sbrk.o
 .debug_loc     0x00000000000000ac      0x2a6 ./system/src/newlib/_startup.o
 .debug_loc     0x0000000000000352       0x6f ./system/src/newlib/_syscalls.o
 .debug_loc     0x00000000000003c1      0x118 ./system/src/diag/Trace.o
 .debug_loc     0x00000000000004d9      0x1a1 ./system/src/diag/trace_impl.o
 .debug_loc     0x000000000000067a      0x35c ./system/src/cortexm/exception_handlers.o
 .debug_loc     0x00000000000009d6       0xff ./system/src/cmsis/system_stm32f10x.o
 .debug_loc     0x0000000000000ad5       0x5f ./src/main.o

.debug_macinfo
 *(.debug_macinfo)

.debug_weaknames
 *(.debug_weaknames)

.debug_funcnames
 *(.debug_funcnames)

.debug_typenames
 *(.debug_typenames)

.debug_varnames
 *(.debug_varnames)
OUTPUT(interrupts.elf elf32-littlearm)

.debug_ranges   0x0000000000000000      0x1f8
 .debug_ranges  0x0000000000000000       0x18 ./system/src/newlib/_exit.o
 .debug_ranges  0x0000000000000018       0x10 ./system/src/newlib/_sbrk.o
 .debug_ranges  0x0000000000000028       0x48 ./system/src/newlib/_startup.o
 .debug_ranges  0x0000000000000070       0x20 ./system/src/newlib/_syscalls.o
 .debug_ranges  0x0000000000000090       0x28 ./system/src/diag/Trace.o
 .debug_ranges  0x00000000000000b8       0x38 ./system/src/diag/trace_impl.o
 .debug_ranges  0x00000000000000f0       0x18 ./system/src/cortexm/_initialize_hardware.o
 .debug_ranges  0x0000000000000108       0x98 ./system/src/cortexm/exception_handlers.o
 .debug_ranges  0x00000000000001a0       0x28 ./system/src/cmsis/system_stm32f10x.o
 .debug_ranges  0x00000000000001c8       0x10 ./system/src/cmsis/vectors_stm32f10x.o
 .debug_ranges  0x00000000000001d8       0x20 ./src/main.o

.debug_macro    0x0000000000000000     0x288e
 .debug_macro   0x0000000000000000      0x1b4 ./system/src/newlib/_exit.o
 .debug_macro   0x00000000000001b4       0x34 ./system/src/newlib/_exit.o
 .debug_macro   0x00000000000001e8      0x10e ./system/src/newlib/_exit.o
 .debug_macro   0x00000000000002f6       0x8d ./system/src/newlib/_exit.o
 .debug_macro   0x0000000000000383       0x43 ./system/src/newlib/_exit.o
 .debug_macro   0x00000000000003c6      0x339 ./system/src/newlib/_exit.o
 .debug_macro   0x00000000000006ff       0x35 ./system/src/newlib/_exit.o
 .debug_macro   0x0000000000000734      0x169 ./system/src/newlib/_sbrk.o
 .debug_macro   0x000000000000089d      0x174 ./system/src/newlib/_sbrk.o
 .debug_macro   0x0000000000000a11       0x10 ./system/src/newlib/_sbrk.o
 .debug_macro   0x0000000000000a21      0x23b ./system/src/newlib/_sbrk.o
 .debug_macro   0x0000000000000c5c      0x173 ./system/src/newlib/_startup.o
 .debug_macro   0x0000000000000dcf      0x1f3 ./system/src/newlib/_syscalls.o
 .debug_macro   0x0000000000000fc2       0x1c ./system/src/newlib/_syscalls.o
 .debug_macro   0x0000000000000fde       0x10 ./system/src/newlib/_syscalls.o
 .debug_macro   0x0000000000000fee       0x10 ./system/src/newlib/_syscalls.o
 .debug_macro   0x0000000000000ffe       0x10 ./system/src/newlib/_syscalls.o
 .debug_macro   0x000000000000100e       0x35 ./system/src/newlib/_syscalls.o
 .debug_macro   0x0000000000001043      0x122 ./system/src/newlib/_syscalls.o
 .debug_macro   0x0000000000001165       0x88 ./system/src/newlib/_syscalls.o
 .debug_macro   0x00000000000011ed      0x10c ./system/src/newlib/_syscalls.o
 .debug_macro   0x00000000000012f9      0x189 ./system/src/newlib/_syscalls.o
 .debug_macro   0x0000000000001482       0x16 ./system/src/newlib/_syscalls.o
 .debug_macro   0x0000000000001498      0x1fb ./system/src/diag/Trace.o
 .debug_macro   0x0000000000001693       0x16 ./system/src/diag/Trace.o
 .debug_macro   0x00000000000016a9       0x97 ./system/src/diag/Trace.o
 .debug_macro   0x0000000000001740       0xfd ./system/src/diag/Trace.o
 .debug_macro   0x000000000000183d       0x10 ./system/src/diag/Trace.o
 .debug_macro   0x000000000000184d       0x16 ./system/src/diag/Trace.o
 .debug_macro   0x0000000000001863      0x16f ./system/src/diag/Trace.o
 .debug_macro   0x00000000000019d2       0x4c ./system/src/diag/Trace.o
 .debug_macro   0x0000000000001a1e       0x16 ./system/src/diag/Trace.o
 .debug_macro   0x0000000000001a34      0x2da ./system/src/diag/trace_impl.o
 .debug_macro   0x0000000000001d0e       0x10 ./system/src/diag/trace_impl.o
 .debug_macro   0x0000000000001d1e       0xcf ./system/src/diag/trace_impl.o
 .debug_macro   0x0000000000001ded       0xbe ./system/src/diag/trace_impl.o
 .debug_macro   0x0000000000001eab       0x22 ./system/src/diag/trace_impl.o
 .debug_macro   0x0000000000001ecd      0x16b ./system/src/cortexm/_initialize_hardware.o
 .debug_macro   0x0000000000002038      0x324 ./system/src/cortexm/exception_handlers.o
 .debug_macro   0x000000000000235c       0x3b ./system/src/cortexm/exception_handlers.o
 .debug_macro   0x0000000000002397       0x10 ./system/src/cortexm/exception_handlers.o
 .debug_macro   0x00000000000023a7      0x16e ./system/src/cmsis/system_stm32f10x.o
 .debug_macro   0x0000000000002515       0x34 ./system/src/cmsis/vectors_stm32f10x.o
 .debug_macro   0x0000000000002549      0x345 ./src/main.o
