Archive member included to satisfy reference by file (symbol)

/Users/sankalpagrawal/Library/xPacks/@gnu-mcu-eclipse/arm-none-eabi-gcc/8.2.1-1.1.1/.content/bin/../lib/gcc/arm-none-eabi/8.2.1/../../../../arm-none-eabi/lib/thumb/v7-m/nofp/libg_nano.a(lib_a-errno.o)
                              ./system/src/newlib/_sbrk.o (__errno)
/Users/sankalpagrawal/Library/xPacks/@gnu-mcu-eclipse/arm-none-eabi-gcc/8.2.1-1.1.1/.content/bin/../lib/gcc/arm-none-eabi/8.2.1/../../../../arm-none-eabi/lib/thumb/v7-m/nofp/libg_nano.a(lib_a-impure.o)
                              /Users/sankalpagrawal/Library/xPacks/@gnu-mcu-eclipse/arm-none-eabi-gcc/8.2.1-1.1.1/.content/bin/../lib/gcc/arm-none-eabi/8.2.1/../../../../arm-none-eabi/lib/thumb/v7-m/nofp/libg_nano.a(lib_a-errno.o) (_impure_ptr)
/Users/sankalpagrawal/Library/xPacks/@gnu-mcu-eclipse/arm-none-eabi-gcc/8.2.1-1.1.1/.content/bin/../lib/gcc/arm-none-eabi/8.2.1/../../../../arm-none-eabi/lib/thumb/v7-m/nofp/libg_nano.a(lib_a-strlen.o)
                              ./system/src/diag/Trace.o (strlen)
/Users/sankalpagrawal/Library/xPacks/@gnu-mcu-eclipse/arm-none-eabi-gcc/8.2.1-1.1.1/.content/bin/../lib/gcc/arm-none-eabi/8.2.1/../../../../arm-none-eabi/lib/thumb/v7-m/nofp/libg_nano.a(lib_a-vsnprintf.o)
                              ./system/src/diag/Trace.o (vsnprintf)
/Users/sankalpagrawal/Library/xPacks/@gnu-mcu-eclipse/arm-none-eabi-gcc/8.2.1-1.1.1/.content/bin/../lib/gcc/arm-none-eabi/8.2.1/../../../../arm-none-eabi/lib/thumb/v7-m/nofp/libg_nano.a(lib_a-nano-svfprintf.o)
                              /Users/sankalpagrawal/Library/xPacks/@gnu-mcu-eclipse/arm-none-eabi-gcc/8.2.1-1.1.1/.content/bin/../lib/gcc/arm-none-eabi/8.2.1/../../../../arm-none-eabi/lib/thumb/v7-m/nofp/libg_nano.a(lib_a-vsnprintf.o) (_svfprintf_r)
/Users/sankalpagrawal/Library/xPacks/@gnu-mcu-eclipse/arm-none-eabi-gcc/8.2.1-1.1.1/.content/bin/../lib/gcc/arm-none-eabi/8.2.1/../../../../arm-none-eabi/lib/thumb/v7-m/nofp/libg_nano.a(lib_a-nano-vfprintf_i.o)
                              /Users/sankalpagrawal/Library/xPacks/@gnu-mcu-eclipse/arm-none-eabi-gcc/8.2.1-1.1.1/.content/bin/../lib/gcc/arm-none-eabi/8.2.1/../../../../arm-none-eabi/lib/thumb/v7-m/nofp/libg_nano.a(lib_a-nano-svfprintf.o) (_printf_i)
/Users/sankalpagrawal/Library/xPacks/@gnu-mcu-eclipse/arm-none-eabi-gcc/8.2.1-1.1.1/.content/bin/../lib/gcc/arm-none-eabi/8.2.1/../../../../arm-none-eabi/lib/thumb/v7-m/nofp/libg_nano.a(lib_a-memchr-stub.o)
                              /Users/sankalpagrawal/Library/xPacks/@gnu-mcu-eclipse/arm-none-eabi-gcc/8.2.1-1.1.1/.content/bin/../lib/gcc/arm-none-eabi/8.2.1/../../../../arm-none-eabi/lib/thumb/v7-m/nofp/libg_nano.a(lib_a-nano-svfprintf.o) (memchr)
/Users/sankalpagrawal/Library/xPacks/@gnu-mcu-eclipse/arm-none-eabi-gcc/8.2.1-1.1.1/.content/bin/../lib/gcc/arm-none-eabi/8.2.1/../../../../arm-none-eabi/lib/thumb/v7-m/nofp/libg_nano.a(lib_a-memcpy-stub.o)
                              /Users/sankalpagrawal/Library/xPacks/@gnu-mcu-eclipse/arm-none-eabi-gcc/8.2.1-1.1.1/.content/bin/../lib/gcc/arm-none-eabi/8.2.1/../../../../arm-none-eabi/lib/thumb/v7-m/nofp/libg_nano.a(lib_a-nano-svfprintf.o) (memcpy)
/Users/sankalpagrawal/Library/xPacks/@gnu-mcu-eclipse/arm-none-eabi-gcc/8.2.1-1.1.1/.content/bin/../lib/gcc/arm-none-eabi/8.2.1/../../../../arm-none-eabi/lib/thumb/v7-m/nofp/libg_nano.a(lib_a-memmove.o)
                              /Users/sankalpagrawal/Library/xPacks/@gnu-mcu-eclipse/arm-none-eabi-gcc/8.2.1-1.1.1/.content/bin/../lib/gcc/arm-none-eabi/8.2.1/../../../../arm-none-eabi/lib/thumb/v7-m/nofp/libg_nano.a(lib_a-nano-svfprintf.o) (memmove)
/Users/sankalpagrawal/Library/xPacks/@gnu-mcu-eclipse/arm-none-eabi-gcc/8.2.1-1.1.1/.content/bin/../lib/gcc/arm-none-eabi/8.2.1/../../../../arm-none-eabi/lib/thumb/v7-m/nofp/libg_nano.a(lib_a-nano-freer.o)
                              /Users/sankalpagrawal/Library/xPacks/@gnu-mcu-eclipse/arm-none-eabi-gcc/8.2.1-1.1.1/.content/bin/../lib/gcc/arm-none-eabi/8.2.1/../../../../arm-none-eabi/lib/thumb/v7-m/nofp/libg_nano.a(lib_a-nano-svfprintf.o) (_free_r)
/Users/sankalpagrawal/Library/xPacks/@gnu-mcu-eclipse/arm-none-eabi-gcc/8.2.1-1.1.1/.content/bin/../lib/gcc/arm-none-eabi/8.2.1/../../../../arm-none-eabi/lib/thumb/v7-m/nofp/libg_nano.a(lib_a-nano-mallocr.o)
                              /Users/sankalpagrawal/Library/xPacks/@gnu-mcu-eclipse/arm-none-eabi-gcc/8.2.1-1.1.1/.content/bin/../lib/gcc/arm-none-eabi/8.2.1/../../../../arm-none-eabi/lib/thumb/v7-m/nofp/libg_nano.a(lib_a-nano-svfprintf.o) (_malloc_r)
/Users/sankalpagrawal/Library/xPacks/@gnu-mcu-eclipse/arm-none-eabi-gcc/8.2.1-1.1.1/.content/bin/../lib/gcc/arm-none-eabi/8.2.1/../../../../arm-none-eabi/lib/thumb/v7-m/nofp/libg_nano.a(lib_a-nano-reallocr.o)
                              /Users/sankalpagrawal/Library/xPacks/@gnu-mcu-eclipse/arm-none-eabi-gcc/8.2.1-1.1.1/.content/bin/../lib/gcc/arm-none-eabi/8.2.1/../../../../arm-none-eabi/lib/thumb/v7-m/nofp/libg_nano.a(lib_a-nano-svfprintf.o) (_realloc_r)
[...]
Memory Configuration

Name             Origin             Length             Attributes
RAM              0x0000000020000000 0x0000000000005000 xrw
CCMRAM           0x0000000000000000 0x0000000000000000 xrw
FLASH            0x0000000008000000 0x0000000000020000 xr
FLASHB1          0x0000000000000000 0x0000000000000000 xr
EXTMEMB0         0x0000000000000000 0x0000000000000000 xr
EXTMEMB1         0x0000000000000000 0x0000000000000000 xr
EXTMEMB2         0x0000000000000000 0x0000000000000000 xr
EXTMEMB3         0x0000000000000000 0x0000000000000000 xr
MEMORY_ARRAY     0x0000000000000000 0x0000000000000000 xrw
*default*        0x0000000000000000 0xffffffffffffffff

Linker script and memory map

LOAD ./system/src/stm32f1-stdperiph/misc.o
LOAD ./system/src/stm32f1-stdperiph/stm32f10x_gpio.o
LOAD ./system/src/stm32f1-stdperiph/stm32f10x_rcc.o
LOAD ./system/src/newlib/_cxx.o
LOAD ./system/src/newlib/_exit.o
LOAD ./system/src/newlib/_sbrk.o
LOAD ./system/src/newlib/_startup.o
LOAD ./system/src/newlib/_syscalls.o
LOAD ./system/src/newlib/assert.o
LOAD ./system/src/diag/Trace.o
LOAD ./system/src/diag/trace_impl.o
LOAD ./system/src/cortexm/_initialize_hardware.o
LOAD ./system/src/cortexm/_reset_hardware.o
LOAD ./system/src/cortexm/exception_handlers.o
LOAD ./system/src/cmsis/system_stm32f10x.o
LOAD ./system/src/cmsis/vectors_stm32f10x.o
LOAD ./src/_write.o
LOAD ./src/main.o
LOAD /Users/sankalpagrawal/Library/xPacks/@gnu-mcu-eclipse/arm-none-eabi-gcc/8.2.1-1.1.1/.content/bin/../lib/gcc/arm-none-eabi/8.2.1/../../../../arm-none-eabi/lib/thumb/v7-m/nofp/libstdc++_nano.a
LOAD /Users/sankalpagrawal/Library/xPacks/@gnu-mcu-eclipse/arm-none-eabi-gcc/8.2.1-1.1.1/.content/bin/../lib/gcc/arm-none-eabi/8.2.1/../../../../arm-none-eabi/lib/thumb/v7-m/nofp/libm.a
START GROUP
LOAD /Users/sankalpagrawal/Library/xPacks/@gnu-mcu-eclipse/arm-none-eabi-gcc/8.2.1-1.1.1/.content/bin/../lib/gcc/arm-none-eabi/8.2.1/thumb/v7-m/nofp/libgcc.a
LOAD /Users/sankalpagrawal/Library/xPacks/@gnu-mcu-eclipse/arm-none-eabi-gcc/8.2.1-1.1.1/.content/bin/../lib/gcc/arm-none-eabi/8.2.1/../../../../arm-none-eabi/lib/thumb/v7-m/nofp/libg_nano.a
LOAD /Users/sankalpagrawal/Library/xPacks/@gnu-mcu-eclipse/arm-none-eabi-gcc/8.2.1-1.1.1/.content/bin/../lib/gcc/arm-none-eabi/8.2.1/../../../../arm-none-eabi/lib/thumb/v7-m/nofp/libc_nano.a
END GROUP
START GROUP
LOAD /Users/sankalpagrawal/Library/xPacks/@gnu-mcu-eclipse/arm-none-eabi-gcc/8.2.1-1.1.1/.content/bin/../lib/gcc/arm-none-eabi/8.2.1/thumb/v7-m/nofp/libgcc.a
LOAD /Users/sankalpagrawal/Library/xPacks/@gnu-mcu-eclipse/arm-none-eabi-gcc/8.2.1-1.1.1/.content/bin/../lib/gcc/arm-none-eabi/8.2.1/../../../../arm-none-eabi/lib/thumb/v7-m/nofp/libc_nano.a
END GROUP
                0x0000000020005000                __stack = (ORIGIN (RAM) + LENGTH (RAM))
                0x0000000020005000                _estack = __stack
                0x0000000000000400                __Main_Stack_Size = 0x400
                [!provide]                        PROVIDE (_Main_Stack_Size = __Main_Stack_Size)
                0x0000000020004c00                __Main_Stack_Limit = (__stack - __Main_Stack_Size)
                [!provide]                        PROVIDE (_Main_Stack_Limit = __Main_Stack_Limit)
                0x0000000000000100                _Minimum_Stack_Size = 0x100
                0x0000000020000148                PROVIDE (_Heap_Begin = _end_noinit)
                0x0000000020004c00                PROVIDE (_Heap_Limit = (__stack - __Main_Stack_Size))

.isr_vector     0x0000000008000000      0x350
 FILL mask 0xff
                0x0000000008000000                __vectors_start = ABSOLUTE (.)
                0x0000000008000000                __vectors_start__ = ABSOLUTE (.)
 *(.isr_vector)
 .isr_vector    0x0000000008000000      0x10c ./system/src/cmsis/vectors_stm32f10x.o
                0x0000000008000000                __isr_vectors
 *(.cfmconfig)
 *(.after_vectors .after_vectors.*)
 .after_vectors
                0x000000000800010c      0x114 ./system/src/newlib/_startup.o
                0x000000000800010c                _start
 .after_vectors
                0x0000000008000220      0x12c ./system/src/cortexm/exception_handlers.o
                0x0000000008000220                Reset_Handler
                0x0000000008000226                NMI_Handler
                0x000000000800022a                HardFault_Handler
                0x000000000800023e                HardFault_Handler_C
                0x000000000800029c                MemManage_Handler
                0x00000000080002a0                BusFault_Handler
                0x00000000080002b4                BusFault_Handler_C
                0x00000000080002e8                UsageFault_Handler
                0x00000000080002fc                UsageFault_Handler_C
                0x0000000008000330                SVC_Handler
                0x0000000008000334                DebugMon_Handler
                0x0000000008000338                PendSV_Handler
 .after_vectors
                0x000000000800034c        0x4 ./system/src/cmsis/vectors_stm32f10x.o
                0x000000000800034c                TIM1_BRK_TIM15_IRQHandler
                0x000000000800034c                TIM8_TRG_COM_IRQHandler
                0x000000000800034c                TIM8_CC_IRQHandler
                0x000000000800034c                TIM1_CC_IRQHandler
                0x000000000800034c                TIM6_IRQHandler
                0x000000000800034c                PVD_IRQHandler
                0x000000000800034c                SDIO_IRQHandler
                0x000000000800034c                CAN2_RX1_IRQHandler
                0x000000000800034c                EXTI3_IRQHandler
                0x000000000800034c                TIM8_TRG_COM_TIM14_IRQHandler
                0x000000000800034c                TIM1_UP_TIM10_IRQHandler
                0x000000000800034c                TIM8_UP_TIM13_IRQHandler
                0x000000000800034c                EXTI0_IRQHandler
                0x000000000800034c                I2C2_EV_IRQHandler
                0x000000000800034c                CAN1_RX0_IRQHandler
                0x000000000800034c                TIM1_UP_TIM16_IRQHandler
                0x000000000800034c                CAN2_SCE_IRQHandler
                0x000000000800034c                ADC1_2_IRQHandler
                0x000000000800034c                SPI1_IRQHandler
                0x000000000800034c                TAMPER_IRQHandler
                0x000000000800034c                TIM6_DAC_IRQHandler
                0x000000000800034c                TIM1_BRK_TIM9_IRQHandler
                0x000000000800034c                CAN2_RX0_IRQHandler
                0x000000000800034c                TIM8_UP_IRQHandler
                0x000000000800034c                DMA2_Channel2_IRQHandler
                0x000000000800034c                DMA1_Channel4_IRQHandler
                0x000000000800034c                USART3_IRQHandler
                0x000000000800034c                RTC_IRQHandler
                0x000000000800034c                DMA1_Channel7_IRQHandler
                0x000000000800034c                CAN1_RX1_IRQHandler
                0x000000000800034c                UART5_IRQHandler
                0x000000000800034c                ADC3_IRQHandler
                0x000000000800034c                TIM4_IRQHandler
                0x000000000800034c                DMA2_Channel1_IRQHandler
                0x000000000800034c                I2C1_EV_IRQHandler
                0x000000000800034c                DMA1_Channel6_IRQHandler
                0x000000000800034c                UART4_IRQHandler
                0x000000000800034c                DMA2_Channel4_IRQHandler
                0x000000000800034c                TIM3_IRQHandler
                0x000000000800034c                RCC_IRQHandler
                0x000000000800034c                TIM8_BRK_TIM12_IRQHandler
                0x000000000800034c                TIM1_TRG_COM_IRQHandler
                0x000000000800034c                DMA1_Channel1_IRQHandler
                0x000000000800034c                Default_Handler
                0x000000000800034c                CEC_IRQHandler
                0x000000000800034c                EXTI15_10_IRQHandler
                0x000000000800034c                TIM14_IRQHandler
                0x000000000800034c                TIM13_IRQHandler
                0x000000000800034c                TIM12_IRQHandler
                0x000000000800034c                TIM7_IRQHandler
                0x000000000800034c                CAN2_TX_IRQHandler
                0x000000000800034c                TIM5_IRQHandler
                0x000000000800034c                EXTI9_5_IRQHandler
                0x000000000800034c                ETH_WKUP_IRQHandler
                0x000000000800034c                SPI2_IRQHandler
                0x000000000800034c                CAN1_TX_IRQHandler
                0x000000000800034c                DMA2_Channel5_IRQHandler
                0x000000000800034c                DMA1_Channel5_IRQHandler
                0x000000000800034c                EXTI4_IRQHandler
                0x000000000800034c                USB_LP_CAN1_RX0_IRQHandler
                0x000000000800034c                TIM1_TRG_COM_TIM17_IRQHandler
                0x000000000800034c                USB_HP_CAN1_TX_IRQHandler
                0x000000000800034c                DMA1_Channel3_IRQHandler
                0x000000000800034c                FSMC_IRQHandler
                0x000000000800034c                ETH_IRQHandler
                0x000000000800034c                TIM1_UP_IRQHandler
                0x000000000800034c                WWDG_IRQHandler
                0x000000000800034c                TIM2_IRQHandler
                0x000000000800034c                OTG_FS_WKUP_IRQHandler
                0x000000000800034c                TIM1_TRG_COM_TIM11_IRQHandler
                0x000000000800034c                TIM1_BRK_IRQHandler
                0x000000000800034c                EXTI1_IRQHandler
                0x000000000800034c                RTCAlarm_IRQHandler
                0x000000000800034c                DMA2_Channel4_5_IRQHandler
                0x000000000800034c                USART2_IRQHandler
                0x000000000800034c                I2C2_ER_IRQHandler
                0x000000000800034c                DMA1_Channel2_IRQHandler
                0x000000000800034c                TIM8_BRK_IRQHandler
                0x000000000800034c                CAN1_SCE_IRQHandler
                0x000000000800034c                FLASH_IRQHandler
                0x000000000800034c                USART1_IRQHandler
                0x000000000800034c                OTG_FS_IRQHandler
                0x000000000800034c                SPI3_IRQHandler
                0x000000000800034c                I2C1_ER_IRQHandler
                0x000000000800034c                USBWakeUp_IRQHandler
                0x000000000800034c                DMA2_Channel3_IRQHandler
                0x000000000800034c                EXTI2_IRQHandler

.inits          0x0000000008000350       0x28
                0x0000000008000350                __data_regions_array_start = .
                0x0000000008000350        0x4 LONG 0x80012c4 LOADADDR (.data)
                0x0000000008000354        0x4 LONG 0x20000000 ADDR (.data)
                0x0000000008000358        0x4 LONG 0x2000009c (ADDR (.data) + SIZEOF (.data))
                0x000000000800035c        0x4 LONG 0x80012c4 LOADADDR (.data_CCMRAM)
                0x0000000008000360        0x4 LONG 0x0 ADDR (.data_CCMRAM)
                0x0000000008000364        0x4 LONG 0x0 (ADDR (.data_CCMRAM) + SIZEOF (.data_CCMRAM))
                0x0000000008000368                __data_regions_array_end = .
                0x0000000008000368                __bss_regions_array_start = .
                0x0000000008000368        0x4 LONG 0x2000009c ADDR (.bss)
                0x000000000800036c        0x4 LONG 0x20000148 (ADDR (.bss) + SIZEOF (.bss))
                0x0000000008000370        0x4 LONG 0x0 ADDR (.bss_CCMRAM)
                0x0000000008000374        0x4 LONG 0x0 (ADDR (.bss_CCMRAM) + SIZEOF (.bss_CCMRAM))
                0x0000000008000378                __bss_regions_array_end = .
 *(.init)
 *(.fini)
                0x0000000008000378                . = ALIGN (0x4)
                0x0000000008000378                PROVIDE (__preinit_array_start = .)
 *(.preinit_array_sysinit .preinit_array_sysinit.*)
 *(.preinit_array_platform .preinit_array_platform.*)
 *(.preinit_array .preinit_array.*)
                0x0000000008000378                PROVIDE (__preinit_array_end = .)
                0x0000000008000378                . = ALIGN (0x4)
                0x0000000008000378                PROVIDE (__init_array_start = .)
 *(SORT_BY_NAME(.init_array.*))
 *(.init_array)
                0x0000000008000378                PROVIDE (__init_array_end = .)
                0x0000000008000378                . = ALIGN (0x4)
                0x0000000008000378                PROVIDE (__fini_array_start = .)
 *(SORT_BY_NAME(.fini_array.*))
 *(.fini_array)
                0x0000000008000378                PROVIDE (__fini_array_end = .)

.flashtext
 *(.flashtext .flashtext.*)

.text           0x0000000008000378      0xf4b
 *(.text .text.*)
 .text.RCC_GetClocksFreq
                0x0000000008000378       0xbc ./system/src/stm32f1-stdperiph/stm32f10x_rcc.o
                0x0000000008000378                RCC_GetClocksFreq
 .text._exit    0x0000000008000434        0x2 ./system/src/newlib/_exit.o
                0x0000000008000434                _exit
 *fill*         0x0000000008000436        0x2 
 .text._sbrk    0x0000000008000438       0x44 ./system/src/newlib/_sbrk.o
                0x0000000008000438                _sbrk
 .text.__initialize_args
                0x000000000800047c       0x10 ./system/src/newlib/_syscalls.o
                0x000000000800047c                __initialize_args
 .text.trace_printf
                0x000000000800048c       0x34 ./system/src/diag/Trace.o
                0x000000000800048c                trace_printf
 .text._trace_write_semihosting_debug
                0x00000000080004c0       0x60 ./system/src/diag/trace_impl.o
 .text.trace_write
                0x0000000008000520        0x8 ./system/src/diag/trace_impl.o
                0x0000000008000520                trace_write
 .text.__initialize_hardware_early
                0x0000000008000528       0x18 ./system/src/cortexm/_initialize_hardware.o
                0x0000000008000528                __initialize_hardware_early
 .text.__initialize_hardware
                0x0000000008000540        0x8 ./system/src/cortexm/_initialize_hardware.o
                0x0000000008000540                __initialize_hardware
 .text.dumpExceptionStack
                0x0000000008000548       0xf4 ./system/src/cortexm/exception_handlers.o
                0x0000000008000548                dumpExceptionStack
 .text.isSemihosting
                0x000000000800063c       0x20 ./system/src/cortexm/exception_handlers.o
                0x000000000800063c                isSemihosting
 .text.SetSysClockTo72
                0x000000000800065c       0xc4 ./system/src/cmsis/system_stm32f10x.o
 .text.SetSysClock
                0x0000000008000720        0x8 ./system/src/cmsis/system_stm32f10x.o
 .text.SystemInit
                0x0000000008000728       0x50 ./system/src/cmsis/system_stm32f10x.o
                0x0000000008000728                SystemInit
 .text.SystemCoreClockUpdate
                0x0000000008000778       0x94 ./system/src/cmsis/system_stm32f10x.o
                0x0000000008000778                SystemCoreClockUpdate
 .text.systickInit
                0x000000000800080c       0x3c ./src/main.o
                0x000000000800080c                systickInit
 .text.SysTick_Handler
                0x0000000008000848       0x10 ./src/main.o
                0x0000000008000848                SysTick_Handler
 .text.delay_ms
                0x0000000008000858       0x14 ./src/main.o
                0x0000000008000858                delay_ms
 .text.main     0x000000000800086c       0x4c ./src/main.o
                0x000000000800086c                main
 .text.__errno  0x00000000080008b8        0xc /Users/sankalpagrawal/Library/xPacks/@gnu-mcu-eclipse/arm-none-eabi-gcc/8.2.1-1.1.1/.content/bin/../lib/gcc/arm-none-eabi/8.2.1/../../../../arm-none-eabi/lib/thumb/v7-m/nofp/libg_nano.a(lib_a-errno.o)
                0x00000000080008b8                __errno
 .text._vsnprintf_r
                0x00000000080008c4       0x58 /Users/sankalpagrawal/Library/xPacks/@gnu-mcu-eclipse/arm-none-eabi-gcc/8.2.1-1.1.1/.content/bin/../lib/gcc/arm-none-eabi/8.2.1/../../../../arm-none-eabi/lib/thumb/v7-m/nofp/libg_nano.a(lib_a-vsnprintf.o)
                0x00000000080008c4                _vsnprintf_r
                0x00000000080008c4                _vsniprintf_r
 .text.vsnprintf
                0x000000000800091c       0x1c /Users/sankalpagrawal/Library/xPacks/@gnu-mcu-eclipse/arm-none-eabi-gcc/8.2.1-1.1.1/.content/bin/../lib/gcc/arm-none-eabi/8.2.1/../../../../arm-none-eabi/lib/thumb/v7-m/nofp/libg_nano.a(lib_a-vsnprintf.o)
                0x000000000800091c                vsnprintf
                0x000000000800091c                vsniprintf
 .text.__ssputs_r
                0x0000000008000938       0xb6 /Users/sankalpagrawal/Library/xPacks/@gnu-mcu-eclipse/arm-none-eabi-gcc/8.2.1-1.1.1/.content/bin/../lib/gcc/arm-none-eabi/8.2.1/../../../../arm-none-eabi/lib/thumb/v7-m/nofp/libg_nano.a(lib_a-nano-svfprintf.o)
                0x0000000008000938                __ssputs_r
 *fill*         0x00000000080009ee        0x2 
 .text._svfprintf_r
                0x00000000080009f0      0x1f0 /Users/sankalpagrawal/Library/xPacks/@gnu-mcu-eclipse/arm-none-eabi-gcc/8.2.1-1.1.1/.content/bin/../lib/gcc/arm-none-eabi/8.2.1/../../../../arm-none-eabi/lib/thumb/v7-m/nofp/libg_nano.a(lib_a-nano-svfprintf.o)
                0x00000000080009f0                _svfprintf_r
                0x00000000080009f0                _svfiprintf_r
 .text._printf_common
                0x0000000008000be0       0xec /Users/sankalpagrawal/Library/xPacks/@gnu-mcu-eclipse/arm-none-eabi-gcc/8.2.1-1.1.1/.content/bin/../lib/gcc/arm-none-eabi/8.2.1/../../../../arm-none-eabi/lib/thumb/v7-m/nofp/libg_nano.a(lib_a-nano-vfprintf_i.o)
                0x0000000008000be0                _printf_common
 .text._printf_i
                0x0000000008000ccc      0x22c /Users/sankalpagrawal/Library/xPacks/@gnu-mcu-eclipse/arm-none-eabi-gcc/8.2.1-1.1.1/.content/bin/../lib/gcc/arm-none-eabi/8.2.1/../../../../arm-none-eabi/lib/thumb/v7-m/nofp/libg_nano.a(lib_a-nano-vfprintf_i.o)
                0x0000000008000ccc                _printf_i
 .text.memchr   0x0000000008000ef8       0x1c /Users/sankalpagrawal/Library/xPacks/@gnu-mcu-eclipse/arm-none-eabi-gcc/8.2.1-1.1.1/.content/bin/../lib/gcc/arm-none-eabi/8.2.1/../../../../arm-none-eabi/lib/thumb/v7-m/nofp/libg_nano.a(lib_a-memchr-stub.o)
                0x0000000008000ef8                memchr
 .text.memcpy   0x0000000008000f14       0x1c /Users/sankalpagrawal/Library/xPacks/@gnu-mcu-eclipse/arm-none-eabi-gcc/8.2.1-1.1.1/.content/bin/../lib/gcc/arm-none-eabi/8.2.1/../../../../arm-none-eabi/lib/thumb/v7-m/nofp/libg_nano.a(lib_a-memcpy-stub.o)
                0x0000000008000f14                memcpy
 .text.memmove  0x0000000008000f30       0x34 /Users/sankalpagrawal/Library/xPacks/@gnu-mcu-eclipse/arm-none-eabi-gcc/8.2.1-1.1.1/.content/bin/../lib/gcc/arm-none-eabi/8.2.1/../../../../arm-none-eabi/lib/thumb/v7-m/nofp/libg_nano.a(lib_a-memmove.o)
                0x0000000008000f30                memmove
 .text._free_r  0x0000000008000f64       0x98 /Users/sankalpagrawal/Library/xPacks/@gnu-mcu-eclipse/arm-none-eabi-gcc/8.2.1-1.1.1/.content/bin/../lib/gcc/arm-none-eabi/8.2.1/../../../../arm-none-eabi/lib/thumb/v7-m/nofp/libg_nano.a(lib_a-nano-freer.o)
                0x0000000008000f64                _free_r
 .text._malloc_r
                0x0000000008000ffc       0xb4 /Users/sankalpagrawal/Library/xPacks/@gnu-mcu-eclipse/arm-none-eabi-gcc/8.2.1-1.1.1/.content/bin/../lib/gcc/arm-none-eabi/8.2.1/../../../../arm-none-eabi/lib/thumb/v7-m/nofp/libg_nano.a(lib_a-nano-mallocr.o)
                0x0000000008000ffc                _malloc_r
 .text._realloc_r
                0x00000000080010b0       0x4c /Users/sankalpagrawal/Library/xPacks/@gnu-mcu-eclipse/arm-none-eabi-gcc/8.2.1-1.1.1/.content/bin/../lib/gcc/arm-none-eabi/8.2.1/../../../../arm-none-eabi/lib/thumb/v7-m/nofp/libg_nano.a(lib_a-nano-reallocr.o)
                0x00000000080010b0                _realloc_r
 .text._sbrk_r  0x00000000080010fc       0x20 /Users/sankalpagrawal/Library/xPacks/@gnu-mcu-eclipse/arm-none-eabi-gcc/8.2.1-1.1.1/.content/bin/../lib/gcc/arm-none-eabi/8.2.1/../../../../arm-none-eabi/lib/thumb/v7-m/nofp/libg_nano.a(lib_a-sbrkr.o)
                0x00000000080010fc                _sbrk_r
 .text.__malloc_lock
                0x000000000800111c        0xc /Users/sankalpagrawal/Library/xPacks/@gnu-mcu-eclipse/arm-none-eabi-gcc/8.2.1-1.1.1/.content/bin/../lib/gcc/arm-none-eabi/8.2.1/../../../../arm-none-eabi/lib/thumb/v7-m/nofp/libg_nano.a(lib_a-mlock.o)
                0x000000000800111c                __malloc_lock
 .text.__malloc_unlock
                0x0000000008001128        0xc /Users/sankalpagrawal/Library/xPacks/@gnu-mcu-eclipse/arm-none-eabi-gcc/8.2.1-1.1.1/.content/bin/../lib/gcc/arm-none-eabi/8.2.1/../../../../arm-none-eabi/lib/thumb/v7-m/nofp/libg_nano.a(lib_a-mlock.o)
                0x0000000008001128                __malloc_unlock
 .text._malloc_usable_size_r
                0x0000000008001134       0x10 /Users/sankalpagrawal/Library/xPacks/@gnu-mcu-eclipse/arm-none-eabi-gcc/8.2.1-1.1.1/.content/bin/../lib/gcc/arm-none-eabi/8.2.1/../../../../arm-none-eabi/lib/thumb/v7-m/nofp/libg_nano.a(lib_a-nano-msizer.o)
                0x0000000008001134                _malloc_usable_size_r
 .text.__retarget_lock_acquire_recursive
                0x0000000008001144        0x2 /Users/sankalpagrawal/Library/xPacks/@gnu-mcu-eclipse/arm-none-eabi-gcc/8.2.1-1.1.1/.content/bin/../lib/gcc/arm-none-eabi/8.2.1/../../../../arm-none-eabi/lib/thumb/v7-m/nofp/libg_nano.a(lib_a-lock.o)
                0x0000000008001144                __retarget_lock_acquire_recursive
 .text.__retarget_lock_release_recursive
                0x0000000008001146        0x2 /Users/sankalpagrawal/Library/xPacks/@gnu-mcu-eclipse/arm-none-eabi-gcc/8.2.1-1.1.1/.content/bin/../lib/gcc/arm-none-eabi/8.2.1/../../../../arm-none-eabi/lib/thumb/v7-m/nofp/libg_nano.a(lib_a-lock.o)
                0x0000000008001146                __retarget_lock_release_recursive
 *(.rodata .rodata.* .constdata .constdata.*)
 .rodata.dumpExceptionStack.str1.4
                0x0000000008001148      0x11a ./system/src/cortexm/exception_handlers.o
 *fill*         0x0000000008001262        0x2 
 .rodata.str1.4
                0x0000000008001264       0x2c ./system/src/cortexm/exception_handlers.o
                                         0x2a (size before relaxing)
 .rodata._svfprintf_r.str1.1
                0x0000000008001290       0x11 /Users/sankalpagrawal/Library/xPacks/@gnu-mcu-eclipse/arm-none-eabi-gcc/8.2.1-1.1.1/.content/bin/../lib/gcc/arm-none-eabi/8.2.1/../../../../arm-none-eabi/lib/thumb/v7-m/nofp/libg_nano.a(lib_a-nano-svfprintf.o)
 .rodata._printf_i.str1.1
                0x00000000080012a1       0x22 /Users/sankalpagrawal/Library/xPacks/@gnu-mcu-eclipse/arm-none-eabi-gcc/8.2.1-1.1.1/.content/bin/../lib/gcc/arm-none-eabi/8.2.1/../../../../arm-none-eabi/lib/thumb/v7-m/nofp/libg_nano.a(lib_a-nano-vfprintf_i.o)
 *(vtable)
 *(.eh_frame*)
 *(.glue_7)
 .glue_7        0x00000000080012c3        0x0 linker stubs
 *(.glue_7t)
 .glue_7t       0x00000000080012c3        0x0 linker stubs

.vfp11_veneer   0x00000000080012c4        0x0
 .vfp11_veneer  0x00000000080012c4        0x0 linker stubs

.v4_bx          0x00000000080012c4        0x0
 .v4_bx         0x00000000080012c4        0x0 linker stubs

.iplt           0x00000000080012c4        0x0
 .iplt          0x00000000080012c4        0x0 ./system/src/stm32f1-stdperiph/stm32f10x_rcc.o

.rel.dyn        0x00000000080012c4        0x0
 .rel.iplt      0x00000000080012c4        0x0 ./system/src/stm32f1-stdperiph/stm32f10x_rcc.o

.ARM.extab
 *(.ARM.extab* .gnu.linkonce.armextab.*)
                0x00000000080012c4                . = ALIGN (0x4)
                0x00000000080012c4                __exidx_start = .

.ARM.exidx
 *(.ARM.exidx* .gnu.linkonce.armexidx.*)
                0x00000000080012c4                __exidx_end = .
                0x00000000080012c4                . = ALIGN (0x4)
                0x00000000080012c4                _etext = .
                0x00000000080012c4                __etext = .

.data_CCMRAM    0x0000000000000000        0x0 load address 0x00000000080012c4
 FILL mask 0xff
 *(.data.CCMRAM .data.CCMRAM.*)
                0x0000000000000000                . = ALIGN (0x4)
                0x00000000080012c4                _sidata = LOADADDR (.data)

.data           0x0000000020000000       0x9c load address 0x00000000080012c4
 FILL mask 0xff
                0x0000000020000000                _sdata = .
                0x0000000020000000                __data_start__ = .
 *(.data_begin .data_begin.*)
 .data_begin    0x0000000020000000        0x4 ./system/src/newlib/_startup.o
 *(.data .data.*)
 .data.ADCPrescTable
                0x0000000020000004        0x4 ./system/src/stm32f1-stdperiph/stm32f10x_rcc.o
 .data.APBAHBPrescTable
                0x0000000020000008       0x10 ./system/src/stm32f1-stdperiph/stm32f10x_rcc.o
 .data.argv.4374
                0x0000000020000018        0x8 ./system/src/newlib/_syscalls.o
 .data.AHBPrescTable
                0x0000000020000020       0x10 ./system/src/cmsis/system_stm32f10x.o
                0x0000000020000020                AHBPrescTable
 .data.SystemCoreClock
                0x0000000020000030        0x4 ./system/src/cmsis/system_stm32f10x.o
                0x0000000020000030                SystemCoreClock
 .data._impure_ptr
                0x0000000020000034        0x4 /Users/sankalpagrawal/Library/xPacks/@gnu-mcu-eclipse/arm-none-eabi-gcc/8.2.1-1.1.1/.content/bin/../lib/gcc/arm-none-eabi/8.2.1/../../../../arm-none-eabi/lib/thumb/v7-m/nofp/libg_nano.a(lib_a-impure.o)
                0x0000000020000034                _impure_ptr
 .data.impure_data
                0x0000000020000038       0x60 /Users/sankalpagrawal/Library/xPacks/@gnu-mcu-eclipse/arm-none-eabi-gcc/8.2.1-1.1.1/.content/bin/../lib/gcc/arm-none-eabi/8.2.1/../../../../arm-none-eabi/lib/thumb/v7-m/nofp/libg_nano.a(lib_a-impure.o)
 *(.data_end .data_end.*)
 .data_end      0x0000000020000098        0x4 ./system/src/newlib/_startup.o
                0x000000002000009c                . = ALIGN (0x4)
                0x000000002000009c                _edata = .
                0x000000002000009c                __data_end__ = .

.igot.plt       0x000000002000009c        0x0 load address 0x0000000008001360
 .igot.plt      0x000000002000009c        0x0 ./system/src/stm32f1-stdperiph/stm32f10x_rcc.o

.bss_CCMRAM     0x0000000000000000        0x0
 *(.bss.CCMRAM .bss.CCMRAM.*)

.bss            0x000000002000009c       0xac
                0x000000002000009c                __bss_start__ = .
                0x000000002000009c                _sbss = .
 *(.bss_begin .bss_begin.*)
 .bss_begin     0x000000002000009c        0x4 ./system/src/newlib/_startup.o
 *(.bss .bss.*)
 .bss.current_heap_end.4004
                0x00000000200000a0        0x4 ./system/src/newlib/_sbrk.o
 .bss.name.4373
                0x00000000200000a4        0x1 ./system/src/newlib/_syscalls.o
 *fill*         0x00000000200000a5        0x3 
 .bss.buf.5248  0x00000000200000a8       0x80 ./system/src/diag/Trace.o
 .bss.ticks     0x0000000020000128        0x4 ./src/main.o
 .bss.__malloc_free_list
                0x000000002000012c        0x4 /Users/sankalpagrawal/Library/xPacks/@gnu-mcu-eclipse/arm-none-eabi-gcc/8.2.1-1.1.1/.content/bin/../lib/gcc/arm-none-eabi/8.2.1/../../../../arm-none-eabi/lib/thumb/v7-m/nofp/libg_nano.a(lib_a-nano-mallocr.o)
                0x000000002000012c                __malloc_free_list
 .bss.__malloc_sbrk_start
                0x0000000020000130        0x4 /Users/sankalpagrawal/Library/xPacks/@gnu-mcu-eclipse/arm-none-eabi-gcc/8.2.1-1.1.1/.content/bin/../lib/gcc/arm-none-eabi/8.2.1/../../../../arm-none-eabi/lib/thumb/v7-m/nofp/libg_nano.a(lib_a-nano-mallocr.o)
                0x0000000020000130                __malloc_sbrk_start
 *(COMMON)
 COMMON         0x0000000020000134        0x4 ./system/src/newlib/_syscalls.o
                0x0000000020000134                errno
 COMMON         0x0000000020000138        0x9 /Users/sankalpagrawal/Library/xPacks/@gnu-mcu-eclipse/arm-none-eabi-gcc/8.2.1-1.1.1/.content/bin/../lib/gcc/arm-none-eabi/8.2.1/../../../../arm-none-eabi/lib/thumb/v7-m/nofp/libg_nano.a(lib_a-lock.o)
                0x0000000020000138                __lock___atexit_recursive_mutex
                0x0000000020000139                __lock___arc4random_mutex
                0x000000002000013a                __lock___env_recursive_mutex
                0x000000002000013b                __lock___sinit_recursive_mutex
                0x000000002000013c                __lock___malloc_recursive_mutex
                0x000000002000013d                __lock___at_quick_exit_mutex
                0x000000002000013e                __lock___dd_hash_mutex
                0x000000002000013f                __lock___tz_mutex
                0x0000000020000140                __lock___sfp_recursive_mutex
 *(.bss_end .bss_end.*)
 *fill*         0x0000000020000141        0x3 
 .bss_end       0x0000000020000144        0x4 ./system/src/newlib/_startup.o
                0x0000000020000148                . = ALIGN (0x4)
                0x0000000020000148                __bss_end__ = .
                0x0000000020000148                _ebss = .

.noinit_CCMRAM
 *(.noinit.CCMRAM .noinit.CCMRAM.*)

.noinit         0x0000000020000148        0x0
                0x0000000020000148                _noinit = .
 *(.noinit .noinit.*)
                0x0000000020000148                . = ALIGN (0x4)
                0x0000000020000148                _end_noinit = .
                [!provide]                        PROVIDE (end = _end_noinit)
                [!provide]                        PROVIDE (_end = _end_noinit)
                [!provide]                        PROVIDE (__end = _end_noinit)
                [!provide]                        PROVIDE (__end__ = _end_noinit)

._check_stack   0x0000000020000148      0x100
                0x0000000020000248                . = (. + _Minimum_Stack_Size)
 *fill*         0x0000000020000148      0x100 

.b1text
 *(.b1text)
 *(.b1rodata)
 *(.b1rodata.*)

.eb0text
 *(.eb0text)
 *(.eb0rodata)
 *(.eb0rodata.*)

.eb1text
 *(.eb1text)
 *(.eb1rodata)
 *(.eb1rodata.*)

.eb2text
 *(.eb2text)
 *(.eb2rodata)
 *(.eb2rodata.*)

.eb3text
 *(.eb3text)
 *(.eb3rodata)
 *(.eb3rodata.*)

.stab
 *(.stab)

.stabstr
 *(.stabstr)

.stab.excl
 *(.stab.excl)

.stab.exclstr
 *(.stab.exclstr)

.stab.index
 *(.stab.index)

.stab.indexstr
 *(.stab.indexstr)

.comment        0x0000000000000000       0x68
 *(.comment)
 .comment       0x0000000000000000       0x68 ./system/src/stm32f1-stdperiph/stm32f10x_rcc.o
                                         0x69 (size before relaxing)
 .comment       0x0000000000000068       0x69 ./system/src/newlib/_exit.o
 .comment       0x0000000000000068       0x69 ./system/src/newlib/_sbrk.o
 .comment       0x0000000000000068       0x69 ./system/src/newlib/_startup.o
 .comment       0x0000000000000068       0x69 ./system/src/newlib/_syscalls.o
 .comment       0x0000000000000068       0x69 ./system/src/diag/Trace.o
 .comment       0x0000000000000068       0x69 ./system/src/diag/trace_impl.o
 .comment       0x0000000000000068       0x69 ./system/src/cortexm/_initialize_hardware.o
 .comment       0x0000000000000068       0x69 ./system/src/cortexm/exception_handlers.o
 .comment       0x0000000000000068       0x69 ./system/src/cmsis/system_stm32f10x.o
 .comment       0x0000000000000068       0x69 ./system/src/cmsis/vectors_stm32f10x.o
 .comment       0x0000000000000068       0x69 ./src/main.o

.ARM.attributes
                0x0000000000000000       0x2b
 .ARM.attributes
                0x0000000000000000       0x2d ./system/src/stm32f1-stdperiph/stm32f10x_rcc.o
 .ARM.attributes
                0x000000000000002d       0x2d ./system/src/newlib/_exit.o
 .ARM.attributes
                0x000000000000005a       0x2d ./system/src/newlib/_sbrk.o
 .ARM.attributes
                0x0000000000000087       0x2d ./system/src/newlib/_startup.o
 .ARM.attributes
                0x00000000000000b4       0x2d ./system/src/newlib/_syscalls.o
 .ARM.attributes
                0x00000000000000e1       0x2d ./system/src/diag/Trace.o
 .ARM.attributes
                0x000000000000010e       0x2d ./system/src/diag/trace_impl.o
 .ARM.attributes
                0x000000000000013b       0x2d ./system/src/cortexm/_initialize_hardware.o
 .ARM.attributes
                0x0000000000000168       0x2d ./system/src/cortexm/exception_handlers.o
 .ARM.attributes
                0x0000000000000195       0x2d ./system/src/cmsis/system_stm32f10x.o
 .ARM.attributes
                0x00000000000001c2       0x2d ./system/src/cmsis/vectors_stm32f10x.o
 .ARM.attributes
                0x00000000000001ef       0x2d ./src/main.o
 .ARM.attributes
                0x000000000000021c       0x2d /Users/sankalpagrawal/Library/xPacks/@gnu-mcu-eclipse/arm-none-eabi-gcc/8.2.1-1.1.1/.content/bin/../lib/gcc/arm-none-eabi/8.2.1/../../../../arm-none-eabi/lib/thumb/v7-m/nofp/libg_nano.a(lib_a-errno.o)
 .ARM.attributes
                0x0000000000000249       0x2d /Users/sankalpagrawal/Library/xPacks/@gnu-mcu-eclipse/arm-none-eabi-gcc/8.2.1-1.1.1/.content/bin/../lib/gcc/arm-none-eabi/8.2.1/../../../../arm-none-eabi/lib/thumb/v7-m/nofp/libg_nano.a(lib_a-impure.o)
 .ARM.attributes
                0x0000000000000276       0x2d /Users/sankalpagrawal/Library/xPacks/@gnu-mcu-eclipse/arm-none-eabi-gcc/8.2.1-1.1.1/.content/bin/../lib/gcc/arm-none-eabi/8.2.1/../../../../arm-none-eabi/lib/thumb/v7-m/nofp/libg_nano.a(lib_a-vsnprintf.o)
 .ARM.attributes
                0x00000000000002a3       0x2d /Users/sankalpagrawal/Library/xPacks/@gnu-mcu-eclipse/arm-none-eabi-gcc/8.2.1-1.1.1/.content/bin/../lib/gcc/arm-none-eabi/8.2.1/../../../../arm-none-eabi/lib/thumb/v7-m/nofp/libg_nano.a(lib_a-nano-svfprintf.o)
 .ARM.attributes
                0x00000000000002d0       0x2d /Users/sankalpagrawal/Library/xPacks/@gnu-mcu-eclipse/arm-none-eabi-gcc/8.2.1-1.1.1/.content/bin/../lib/gcc/arm-none-eabi/8.2.1/../../../../arm-none-eabi/lib/thumb/v7-m/nofp/libg_nano.a(lib_a-nano-vfprintf_i.o)
 .ARM.attributes
                0x00000000000002fd       0x2d /Users/sankalpagrawal/Library/xPacks/@gnu-mcu-eclipse/arm-none-eabi-gcc/8.2.1-1.1.1/.content/bin/../lib/gcc/arm-none-eabi/8.2.1/../../../../arm-none-eabi/lib/thumb/v7-m/nofp/libg_nano.a(lib_a-memchr-stub.o)
 .ARM.attributes
                0x000000000000032a       0x2d /Users/sankalpagrawal/Library/xPacks/@gnu-mcu-eclipse/arm-none-eabi-gcc/8.2.1-1.1.1/.content/bin/../lib/gcc/arm-none-eabi/8.2.1/../../../../arm-none-eabi/lib/thumb/v7-m/nofp/libg_nano.a(lib_a-memcpy-stub.o)
 .ARM.attributes
                0x0000000000000357       0x2d /Users/sankalpagrawal/Library/xPacks/@gnu-mcu-eclipse/arm-none-eabi-gcc/8.2.1-1.1.1/.content/bin/../lib/gcc/arm-none-eabi/8.2.1/../../../../arm-none-eabi/lib/thumb/v7-m/nofp/libg_nano.a(lib_a-memmove.o)
 .ARM.attributes
                0x0000000000000384       0x2d /Users/sankalpagrawal/Library/xPacks/@gnu-mcu-eclipse/arm-none-eabi-gcc/8.2.1-1.1.1/.content/bin/../lib/gcc/arm-none-eabi/8.2.1/../../../../arm-none-eabi/lib/thumb/v7-m/nofp/libg_nano.a(lib_a-nano-freer.o)
 .ARM.attributes
                0x00000000000003b1       0x2d /Users/sankalpagrawal/Library/xPacks/@gnu-mcu-eclipse/arm-none-eabi-gcc/8.2.1-1.1.1/.content/bin/../lib/gcc/arm-none-eabi/8.2.1/../../../../arm-none-eabi/lib/thumb/v7-m/nofp/libg_nano.a(lib_a-nano-mallocr.o)
 .ARM.attributes
                0x00000000000003de       0x2d /Users/sankalpagrawal/Library/xPacks/@gnu-mcu-eclipse/arm-none-eabi-gcc/8.2.1-1.1.1/.content/bin/../lib/gcc/arm-none-eabi/8.2.1/../../../../arm-none-eabi/lib/thumb/v7-m/nofp/libg_nano.a(lib_a-nano-reallocr.o)
 .ARM.attributes
                0x000000000000040b       0x2d /Users/sankalpagrawal/Library/xPacks/@gnu-mcu-eclipse/arm-none-eabi-gcc/8.2.1-1.1.1/.content/bin/../lib/gcc/arm-none-eabi/8.2.1/../../../../arm-none-eabi/lib/thumb/v7-m/nofp/libg_nano.a(lib_a-sbrkr.o)
 .ARM.attributes
                0x0000000000000438       0x2d /Users/sankalpagrawal/Library/xPacks/@gnu-mcu-eclipse/arm-none-eabi-gcc/8.2.1-1.1.1/.content/bin/../lib/gcc/arm-none-eabi/8.2.1/../../../../arm-none-eabi/lib/thumb/v7-m/nofp/libg_nano.a(lib_a-mlock.o)
 .ARM.attributes
                0x0000000000000465       0x2d /Users/sankalpagrawal/Library/xPacks/@gnu-mcu-eclipse/arm-none-eabi-gcc/8.2.1-1.1.1/.content/bin/../lib/gcc/arm-none-eabi/8.2.1/../../../../arm-none-eabi/lib/thumb/v7-m/nofp/libg_nano.a(lib_a-nano-msizer.o)
 .ARM.attributes
                0x0000000000000492       0x2d /Users/sankalpagrawal/Library/xPacks/@gnu-mcu-eclipse/arm-none-eabi-gcc/8.2.1-1.1.1/.content/bin/../lib/gcc/arm-none-eabi/8.2.1/../../../../arm-none-eabi/lib/thumb/v7-m/nofp/libg_nano.a(lib_a-lock.o)

.debug
 *(.debug)

.line
 *(.line)

.debug_srcinfo
 *(.debug_srcinfo)

.debug_sfnames
 *(.debug_sfnames)

.debug_aranges  0x0000000000000000      0x388
 *(.debug_aranges)
 .debug_aranges
                0x0000000000000000      0x118 ./system/src/stm32f1-stdperiph/stm32f10x_rcc.o
 .debug_aranges
                0x0000000000000118       0x28 ./system/src/newlib/_exit.o
 .debug_aranges
                0x0000000000000140       0x20 ./system/src/newlib/_sbrk.o
 .debug_aranges
                0x0000000000000160       0x40 ./system/src/newlib/_startup.o
 .debug_aranges
                0x00000000000001a0       0x30 ./system/src/newlib/_syscalls.o
 .debug_aranges
                0x00000000000001d0       0x38 ./system/src/diag/Trace.o
 .debug_aranges
                0x0000000000000208       0x30 ./system/src/diag/trace_impl.o
 .debug_aranges
                0x0000000000000238       0x28 ./system/src/cortexm/_initialize_hardware.o
 .debug_aranges
                0x0000000000000260       0x90 ./system/src/cortexm/exception_handlers.o
 .debug_aranges
                0x00000000000002f0       0x38 ./system/src/cmsis/system_stm32f10x.o
 .debug_aranges
                0x0000000000000328       0x20 ./system/src/cmsis/vectors_stm32f10x.o
 .debug_aranges
                0x0000000000000348       0x40 ./src/main.o

.debug_pubnames
 *(.debug_pubnames)

.debug_info     0x0000000000000000     0x6dbc
 *(.debug_info .gnu.linkonce.wi.*)
 .debug_info    0x0000000000000000      0xdbb ./system/src/stm32f1-stdperiph/stm32f10x_rcc.o
 .debug_info    0x0000000000000dbb      0x9e7 ./system/src/newlib/_exit.o
 .debug_info    0x00000000000017a2      0x9d4 ./system/src/newlib/_sbrk.o
 .debug_info    0x0000000000002176      0x4ce ./system/src/newlib/_startup.o
 .debug_info    0x0000000000002644      0xab9 ./system/src/newlib/_syscalls.o
 .debug_info    0x00000000000030fd      0xbdb ./system/src/diag/Trace.o
 .debug_info    0x0000000000003cd8      0x3be ./system/src/diag/trace_impl.o
 .debug_info    0x0000000000004096      0x2d6 ./system/src/cortexm/_initialize_hardware.o
 .debug_info    0x000000000000436c     0x127b ./system/src/cortexm/exception_handlers.o
 .debug_info    0x00000000000055e7      0x4e0 ./system/src/cmsis/system_stm32f10x.o
 .debug_info    0x0000000000005ac7       0xce ./system/src/cmsis/vectors_stm32f10x.o
 .debug_info    0x0000000000005b95     0x1227 ./src/main.o

.debug_abbrev   0x0000000000000000     0x1a18
 *(.debug_abbrev)
 .debug_abbrev  0x0000000000000000      0x240 ./system/src/stm32f1-stdperiph/stm32f10x_rcc.o
 .debug_abbrev  0x0000000000000240      0x222 ./system/src/newlib/_exit.o
 .debug_abbrev  0x0000000000000462      0x232 ./system/src/newlib/_sbrk.o
 .debug_abbrev  0x0000000000000694      0x1d7 ./system/src/newlib/_startup.o
 .debug_abbrev  0x000000000000086b      0x26d ./system/src/newlib/_syscalls.o
 .debug_abbrev  0x0000000000000ad8      0x2c6 ./system/src/diag/Trace.o
 .debug_abbrev  0x0000000000000d9e      0x221 ./system/src/diag/trace_impl.o
 .debug_abbrev  0x0000000000000fbf       0xfc ./system/src/cortexm/_initialize_hardware.o
 .debug_abbrev  0x00000000000010bb      0x372 ./system/src/cortexm/exception_handlers.o
 .debug_abbrev  0x000000000000142d      0x19d ./system/src/cmsis/system_stm32f10x.o
 .debug_abbrev  0x00000000000015ca       0xa5 ./system/src/cmsis/vectors_stm32f10x.o
 .debug_abbrev  0x000000000000166f      0x3a9 ./src/main.o

.debug_line     0x0000000000000000     0x48b5
 *(.debug_line)
 .debug_line    0x0000000000000000      0xdef ./system/src/stm32f1-stdperiph/stm32f10x_rcc.o
 .debug_line    0x0000000000000def      0x3fe ./system/src/newlib/_exit.o
 .debug_line    0x00000000000011ed      0x3ef ./system/src/newlib/_sbrk.o
 .debug_line    0x00000000000015dc      0x610 ./system/src/newlib/_startup.o
 .debug_line    0x0000000000001bec      0x4fb ./system/src/newlib/_syscalls.o
 .debug_line    0x00000000000020e7      0x4da ./system/src/diag/Trace.o
 .debug_line    0x00000000000025c1      0x752 ./system/src/diag/trace_impl.o
 .debug_line    0x0000000000002d13      0x3ac ./system/src/cortexm/_initialize_hardware.o
 .debug_line    0x00000000000030bf      0x93f ./system/src/cortexm/exception_handlers.o
 .debug_line    0x00000000000039fe      0x5b8 ./system/src/cmsis/system_stm32f10x.o
 .debug_line    0x0000000000003fb6      0x137 ./system/src/cmsis/vectors_stm32f10x.o
 .debug_line    0x00000000000040ed      0x7c8 ./src/main.o

.debug_frame    0x0000000000000000      0xb84
 *(.debug_frame)
 .debug_frame   0x0000000000000000      0x320 ./system/src/stm32f1-stdperiph/stm32f10x_rcc.o
 .debug_frame   0x0000000000000320       0x38 ./system/src/newlib/_exit.o
 .debug_frame   0x0000000000000358       0x28 ./system/src/newlib/_sbrk.o
 .debug_frame   0x0000000000000380       0x7c ./system/src/newlib/_startup.o
 .debug_frame   0x00000000000003fc       0x50 ./system/src/newlib/_syscalls.o
 .debug_frame   0x000000000000044c       0x94 ./system/src/diag/Trace.o
 .debug_frame   0x00000000000004e0       0x64 ./system/src/diag/trace_impl.o
 .debug_frame   0x0000000000000544       0x40 ./system/src/cortexm/_initialize_hardware.o
 .debug_frame   0x0000000000000584      0x158 ./system/src/cortexm/exception_handlers.o
 .debug_frame   0x00000000000006dc       0x6c ./system/src/cmsis/system_stm32f10x.o
 .debug_frame   0x0000000000000748       0x20 ./system/src/cmsis/vectors_stm32f10x.o
 .debug_frame   0x0000000000000768       0x78 ./src/main.o
 .debug_frame   0x00000000000007e0       0x20 /Users/sankalpagrawal/Library/xPacks/@gnu-mcu-eclipse/arm-none-eabi-gcc/8.2.1-1.1.1/.content/bin/../lib/gcc/arm-none-eabi/8.2.1/../../../../arm-none-eabi/lib/thumb/v7-m/nofp/libg_nano.a(lib_a-errno.o)
 .debug_frame   0x0000000000000800       0x4c /Users/sankalpagrawal/Library/xPacks/@gnu-mcu-eclipse/arm-none-eabi-gcc/8.2.1-1.1.1/.content/bin/../lib/gcc/arm-none-eabi/8.2.1/../../../../arm-none-eabi/lib/thumb/v7-m/nofp/libg_nano.a(lib_a-vsnprintf.o)
 .debug_frame   0x000000000000084c       0x90 /Users/sankalpagrawal/Library/xPacks/@gnu-mcu-eclipse/arm-none-eabi-gcc/8.2.1-1.1.1/.content/bin/../lib/gcc/arm-none-eabi/8.2.1/../../../../arm-none-eabi/lib/thumb/v7-m/nofp/libg_nano.a(lib_a-nano-svfprintf.o)
 .debug_frame   0x00000000000008dc       0x60 /Users/sankalpagrawal/Library/xPacks/@gnu-mcu-eclipse/arm-none-eabi-gcc/8.2.1-1.1.1/.content/bin/../lib/gcc/arm-none-eabi/8.2.1/../../../../arm-none-eabi/lib/thumb/v7-m/nofp/libg_nano.a(lib_a-nano-vfprintf_i.o)
 .debug_frame   0x000000000000093c       0x28 /Users/sankalpagrawal/Library/xPacks/@gnu-mcu-eclipse/arm-none-eabi-gcc/8.2.1-1.1.1/.content/bin/../lib/gcc/arm-none-eabi/8.2.1/../../../../arm-none-eabi/lib/thumb/v7-m/nofp/libg_nano.a(lib_a-memchr-stub.o)
 .debug_frame   0x0000000000000964       0x28 /Users/sankalpagrawal/Library/xPacks/@gnu-mcu-eclipse/arm-none-eabi-gcc/8.2.1-1.1.1/.content/bin/../lib/gcc/arm-none-eabi/8.2.1/../../../../arm-none-eabi/lib/thumb/v7-m/nofp/libg_nano.a(lib_a-memcpy-stub.o)
 .debug_frame   0x000000000000098c       0x28 /Users/sankalpagrawal/Library/xPacks/@gnu-mcu-eclipse/arm-none-eabi-gcc/8.2.1-1.1.1/.content/bin/../lib/gcc/arm-none-eabi/8.2.1/../../../../arm-none-eabi/lib/thumb/v7-m/nofp/libg_nano.a(lib_a-memmove.o)
 .debug_frame   0x00000000000009b4       0x38 /Users/sankalpagrawal/Library/xPacks/@gnu-mcu-eclipse/arm-none-eabi-gcc/8.2.1-1.1.1/.content/bin/../lib/gcc/arm-none-eabi/8.2.1/../../../../arm-none-eabi/lib/thumb/v7-m/nofp/libg_nano.a(lib_a-nano-freer.o)
 .debug_frame   0x00000000000009ec       0x30 /Users/sankalpagrawal/Library/xPacks/@gnu-mcu-eclipse/arm-none-eabi-gcc/8.2.1-1.1.1/.content/bin/../lib/gcc/arm-none-eabi/8.2.1/../../../../arm-none-eabi/lib/thumb/v7-m/nofp/libg_nano.a(lib_a-nano-mallocr.o)
 .debug_frame   0x0000000000000a1c       0x3c /Users/sankalpagrawal/Library/xPacks/@gnu-mcu-eclipse/arm-none-eabi-gcc/8.2.1-1.1.1/.content/bin/../lib/gcc/arm-none-eabi/8.2.1/../../../../arm-none-eabi/lib/thumb/v7-m/nofp/libg_nano.a(lib_a-nano-reallocr.o)
 .debug_frame   0x0000000000000a58       0x2c /Users/sankalpagrawal/Library/xPacks/@gnu-mcu-eclipse/arm-none-eabi-gcc/8.2.1-1.1.1/.content/bin/../lib/gcc/arm-none-eabi/8.2.1/../../../../arm-none-eabi/lib/thumb/v7-m/nofp/libg_nano.a(lib_a-sbrkr.o)
 .debug_frame   0x0000000000000a84       0x30 /Users/sankalpagrawal/Library/xPacks/@gnu-mcu-eclipse/arm-none-eabi-gcc/8.2.1-1.1.1/.content/bin/../lib/gcc/arm-none-eabi/8.2.1/../../../../arm-none-eabi/lib/thumb/v7-m/nofp/libg_nano.a(lib_a-mlock.o)
 .debug_frame   0x0000000000000ab4       0x20 /Users/sankalpagrawal/Library/xPacks/@gnu-mcu-eclipse/arm-none-eabi-gcc/8.2.1-1.1.1/.content/bin/../lib/gcc/arm-none-eabi/8.2.1/../../../../arm-none-eabi/lib/thumb/v7-m/nofp/libg_nano.a(lib_a-nano-msizer.o)
 .debug_frame   0x0000000000000ad4       0xb0 /Users/sankalpagrawal/Library/xPacks/@gnu-mcu-eclipse/arm-none-eabi-gcc/8.2.1-1.1.1/.content/bin/../lib/gcc/arm-none-eabi/8.2.1/../../../../arm-none-eabi/lib/thumb/v7-m/nofp/libg_nano.a(lib_a-lock.o)

.debug_str      0x0000000000000000    0x5694b
 *(.debug_str)
 .debug_str     0x0000000000000000    0x4f214 ./system/src/stm32f1-stdperiph/stm32f10x_rcc.o
                                      0x4f3d6 (size before relaxing)
 .debug_str     0x000000000004f214     0x4f14 ./system/src/newlib/_exit.o
                                       0x7eaf (size before relaxing)
 .debug_str     0x0000000000054128      0x4f5 ./system/src/newlib/_sbrk.o
                                       0x7261 (size before relaxing)
 .debug_str     0x000000000005461d      0x260 ./system/src/newlib/_startup.o
                                       0x699c (size before relaxing)
 .debug_str     0x000000000005487d      0xdef ./system/src/newlib/_syscalls.o
                                       0x80ad (size before relaxing)
 .debug_str     0x000000000005566c      0x826 ./system/src/diag/Trace.o
                                       0x8627 (size before relaxing)
 .debug_str     0x0000000000055e92      0x37b ./system/src/diag/trace_impl.o
                                      0x52a0d (size before relaxing)
 .debug_str     0x000000000005620d       0xbc ./system/src/cortexm/_initialize_hardware.o
                                      0x4e8f1 (size before relaxing)
 .debug_str     0x00000000000562c9      0x19d ./system/src/cortexm/exception_handlers.o
                                      0x53c32 (size before relaxing)
 .debug_str     0x0000000000056466       0x96 ./system/src/cmsis/system_stm32f10x.o
                                      0x4e98b (size before relaxing)
 .debug_str     0x00000000000564fc       0x57 ./system/src/cmsis/vectors_stm32f10x.o
                                       0x3930 (size before relaxing)
 .debug_str     0x0000000000056553      0x3f8 ./src/main.o
                                      0x543eb (size before relaxing)

.debug_loc      0x0000000000000000     0x18ed
 *(.debug_loc)
 .debug_loc     0x0000000000000000      0xd2e ./system/src/stm32f1-stdperiph/stm32f10x_rcc.o
 .debug_loc     0x0000000000000d2e       0x15 ./system/src/newlib/_exit.o
 .debug_loc     0x0000000000000d43       0x97 ./system/src/newlib/_sbrk.o
 .debug_loc     0x0000000000000dda      0x2a6 ./system/src/newlib/_startup.o
 .debug_loc     0x0000000000001080       0x6f ./system/src/newlib/_syscalls.o
 .debug_loc     0x00000000000010ef      0x118 ./system/src/diag/Trace.o
 .debug_loc     0x0000000000001207      0x1a1 ./system/src/diag/trace_impl.o
 .debug_loc     0x00000000000013a8      0x35c ./system/src/cortexm/exception_handlers.o
 .debug_loc     0x0000000000001704       0xff ./system/src/cmsis/system_stm32f10x.o
 .debug_loc     0x0000000000001803       0xea ./src/main.o

.debug_macinfo
 *(.debug_macinfo)

.debug_weaknames
 *(.debug_weaknames)

.debug_funcnames
 *(.debug_funcnames)

.debug_typenames
 *(.debug_typenames)

.debug_varnames
 *(.debug_varnames)
OUTPUT(TestARM.elf elf32-littlearm)

.debug_ranges   0x0000000000000000      0x310
 .debug_ranges  0x0000000000000000      0x108 ./system/src/stm32f1-stdperiph/stm32f10x_rcc.o
 .debug_ranges  0x0000000000000108       0x18 ./system/src/newlib/_exit.o
 .debug_ranges  0x0000000000000120       0x10 ./system/src/newlib/_sbrk.o
 .debug_ranges  0x0000000000000130       0x48 ./system/src/newlib/_startup.o
 .debug_ranges  0x0000000000000178       0x20 ./system/src/newlib/_syscalls.o
 .debug_ranges  0x0000000000000198       0x28 ./system/src/diag/Trace.o
 .debug_ranges  0x00000000000001c0       0x38 ./system/src/diag/trace_impl.o
 .debug_ranges  0x00000000000001f8       0x18 ./system/src/cortexm/_initialize_hardware.o
 .debug_ranges  0x0000000000000210       0x98 ./system/src/cortexm/exception_handlers.o
 .debug_ranges  0x00000000000002a8       0x28 ./system/src/cmsis/system_stm32f10x.o
 .debug_ranges  0x00000000000002d0       0x10 ./system/src/cmsis/vectors_stm32f10x.o
 .debug_ranges  0x00000000000002e0       0x30 ./src/main.o

.debug_macro    0x0000000000000000     0x2ef1
 .debug_macro   0x0000000000000000      0x287 ./system/src/stm32f1-stdperiph/stm32f10x_rcc.o
 .debug_macro   0x0000000000000287      0x3dc ./system/src/stm32f1-stdperiph/stm32f10x_rcc.o
 .debug_macro   0x0000000000000663      0x1b4 ./system/src/newlib/_exit.o
 .debug_macro   0x0000000000000817       0x34 ./system/src/newlib/_exit.o
 .debug_macro   0x000000000000084b      0x10e ./system/src/newlib/_exit.o
 .debug_macro   0x0000000000000959       0x8d ./system/src/newlib/_exit.o
 .debug_macro   0x00000000000009e6       0x43 ./system/src/newlib/_exit.o
 .debug_macro   0x0000000000000a29      0x339 ./system/src/newlib/_exit.o
 .debug_macro   0x0000000000000d62       0x35 ./system/src/newlib/_exit.o
 .debug_macro   0x0000000000000d97      0x169 ./system/src/newlib/_sbrk.o
 .debug_macro   0x0000000000000f00      0x174 ./system/src/newlib/_sbrk.o
 .debug_macro   0x0000000000001074       0x10 ./system/src/newlib/_sbrk.o
 .debug_macro   0x0000000000001084      0x23b ./system/src/newlib/_sbrk.o
 .debug_macro   0x00000000000012bf      0x173 ./system/src/newlib/_startup.o
 .debug_macro   0x0000000000001432      0x1f3 ./system/src/newlib/_syscalls.o
 .debug_macro   0x0000000000001625       0x1c ./system/src/newlib/_syscalls.o
 .debug_macro   0x0000000000001641       0x10 ./system/src/newlib/_syscalls.o
 .debug_macro   0x0000000000001651       0x10 ./system/src/newlib/_syscalls.o
 .debug_macro   0x0000000000001661       0x10 ./system/src/newlib/_syscalls.o
 .debug_macro   0x0000000000001671       0x35 ./system/src/newlib/_syscalls.o
 .debug_macro   0x00000000000016a6      0x122 ./system/src/newlib/_syscalls.o
 .debug_macro   0x00000000000017c8       0x88 ./system/src/newlib/_syscalls.o
 .debug_macro   0x0000000000001850      0x10c ./system/src/newlib/_syscalls.o
 .debug_macro   0x000000000000195c      0x189 ./system/src/newlib/_syscalls.o
 .debug_macro   0x0000000000001ae5       0x16 ./system/src/newlib/_syscalls.o
 .debug_macro   0x0000000000001afb      0x1fb ./system/src/diag/Trace.o
 .debug_macro   0x0000000000001cf6       0x16 ./system/src/diag/Trace.o
 .debug_macro   0x0000000000001d0c       0x97 ./system/src/diag/Trace.o
 .debug_macro   0x0000000000001da3       0xfd ./system/src/diag/Trace.o
 .debug_macro   0x0000000000001ea0       0x10 ./system/src/diag/Trace.o
 .debug_macro   0x0000000000001eb0       0x16 ./system/src/diag/Trace.o
 .debug_macro   0x0000000000001ec6      0x16f ./system/src/diag/Trace.o
 .debug_macro   0x0000000000002035       0x4c ./system/src/diag/Trace.o
 .debug_macro   0x0000000000002081       0x16 ./system/src/diag/Trace.o
 .debug_macro   0x0000000000002097      0x2da ./system/src/diag/trace_impl.o
 .debug_macro   0x0000000000002371       0x10 ./system/src/diag/trace_impl.o
 .debug_macro   0x0000000000002381       0xcf ./system/src/diag/trace_impl.o
 .debug_macro   0x0000000000002450       0xbe ./system/src/diag/trace_impl.o
 .debug_macro   0x000000000000250e       0x22 ./system/src/diag/trace_impl.o
 .debug_macro   0x0000000000002530      0x16b ./system/src/cortexm/_initialize_hardware.o
 .debug_macro   0x000000000000269b      0x324 ./system/src/cortexm/exception_handlers.o
 .debug_macro   0x00000000000029bf       0x3b ./system/src/cortexm/exception_handlers.o
 .debug_macro   0x00000000000029fa       0x10 ./system/src/cortexm/exception_handlers.o
 .debug_macro   0x0000000000002a0a      0x16e ./system/src/cmsis/system_stm32f10x.o
 .debug_macro   0x0000000000002b78       0x34 ./system/src/cmsis/vectors_stm32f10x.o
 .debug_macro   0x0000000000002bac      0x345 ./src/main.o
