Archive member included to satisfy reference by file (symbol)

/Users/sankalpagrawal/Library/xPacks/@gnu-mcu-eclipse/arm-none-eabi-gcc/8.2.1-1.1.1/.content/bin/../lib/gcc/arm-none-eabi/8.2.1/../../../../arm-none-eabi/lib/thumb/v7-m/nofp/libg_nano.a(lib_a-errno.o)
                              ./system/src/newlib/_sbrk.o (__errno)
/Users/sankalpagrawal/Library/xPacks/@gnu-mcu-eclipse/arm-none-eabi-gcc/8.2.1-1.1.1/.content/bin/../lib/gcc/arm-none-eabi/8.2.1/../../../../arm-none-eabi/lib/thumb/v7-m/nofp/libg_nano.a(lib_a-impure.o)
                              /Users/sankalpagrawal/Library/xPacks/@gnu-mcu-eclipse/arm-none-eabi-gcc/8.2.1-1.1.1/.content/bin/../lib/gcc/arm-none-eabi/8.2.1/../../../../arm-none-eabi/lib/thumb/v7-m/nofp/libg_nano.a(lib_a-errno.o) (_impure_ptr)
/Users/sankalpagrawal/Library/xPacks/@gnu-mcu-eclipse/arm-none-eabi-gcc/8.2.1-1.1.1/.content/bin/../lib/gcc/arm-none-eabi/8.2.1/../../../../arm-none-eabi/lib/thumb/v7-m/nofp/libg_nano.a(lib_a-strlen.o)
                              ./system/src/diag/Trace.o (strlen)
/Users/sankalpagrawal/Library/xPacks/@gnu-mcu-eclipse/arm-none-eabi-gcc/8.2.1-1.1.1/.content/bin/../lib/gcc/arm-none-eabi/8.2.1/../../../../arm-none-eabi/lib/thumb/v7-m/nofp/libg_nano.a(lib_a-vsnprintf.o)
                              ./system/src/diag/Trace.o (vsnprintf)
/Users/sankalpagrawal/Library/xPacks/@gnu-mcu-eclipse/arm-none-eabi-gcc/8.2.1-1.1.1/.content/bin/../lib/gcc/arm-none-eabi/8.2.1/../../../../arm-none-eabi/lib/thumb/v7-m/nofp/libg_nano.a(lib_a-nano-svfprintf.o)
                              /Users/sankalpagrawal/Library/xPacks/@gnu-mcu-eclipse/arm-none-eabi-gcc/8.2.1-1.1.1/.content/bin/../lib/gcc/arm-none-eabi/8.2.1/../../../../arm-none-eabi/lib/thumb/v7-m/nofp/libg_nano.a(lib_a-vsnprintf.o) (_svfprintf_r)
/Users/sankalpagrawal/Library/xPacks/@gnu-mcu-eclipse/arm-none-eabi-gcc/8.2.1-1.1.1/.content/bin/../lib/gcc/arm-none-eabi/8.2.1/../../../../arm-none-eabi/lib/thumb/v7-m/nofp/libg_nano.a(lib_a-nano-vfprintf_i.o)
                              /Users/sankalpagrawal/Library/xPacks/@gnu-mcu-eclipse/arm-none-eabi-gcc/8.2.1-1.1.1/.content/bin/../lib/gcc/arm-none-eabi/8.2.1/../../../../arm-none-eabi/lib/thumb/v7-m/nofp/libg_nano.a(lib_a-nano-svfprintf.o) (_printf_i)
/Users/sankalpagrawal/Library/xPacks/@gnu-mcu-eclipse/arm-none-eabi-gcc/8.2.1-1.1.1/.content/bin/../lib/gcc/arm-none-eabi/8.2.1/../../../../arm-none-eabi/lib/thumb/v7-m/nofp/libg_nano.a(lib_a-memchr-stub.o)
                              /Users/sankalpagrawal/Library/xPacks/@gnu-mcu-eclipse/arm-none-eabi-gcc/8.2.1-1.1.1/.content/bin/../lib/gcc/arm-none-eabi/8.2.1/../../../../arm-none-eabi/lib/thumb/v7-m/nofp/libg_nano.a(lib_a-nano-svfprintf.o) (memchr)
/Users/sankalpagrawal/Library/xPacks/@gnu-mcu-eclipse/arm-none-eabi-gcc/8.2.1-1.1.1/.content/bin/../lib/gcc/arm-none-eabi/8.2.1/../../../../arm-none-eabi/lib/thumb/v7-m/nofp/libg_nano.a(lib_a-memcpy-stub.o)
                              /Users/sankalpagrawal/Library/xPacks/@gnu-mcu-eclipse/arm-none-eabi-gcc/8.2.1-1.1.1/.content/bin/../lib/gcc/arm-none-eabi/8.2.1/../../../../arm-none-eabi/lib/thumb/v7-m/nofp/libg_nano.a(lib_a-nano-svfprintf.o) (memcpy)
/Users/sankalpagrawal/Library/xPacks/@gnu-mcu-eclipse/arm-none-eabi-gcc/8.2.1-1.1.1/.content/bin/../lib/gcc/arm-none-eabi/8.2.1/../../../../arm-none-eabi/lib/thumb/v7-m/nofp/libg_nano.a(lib_a-memmove.o)
                              /Users/sankalpagrawal/Library/xPacks/@gnu-mcu-eclipse/arm-none-eabi-gcc/8.2.1-1.1.1/.content/bin/../lib/gcc/arm-none-eabi/8.2.1/../../../../arm-none-eabi/lib/thumb/v7-m/nofp/libg_nano.a(lib_a-nano-svfprintf.o) (memmove)
/Users/sankalpagrawal/Library/xPacks/@gnu-mcu-eclipse/arm-none-eabi-gcc/8.2.1-1.1.1/.content/bin/../lib/gcc/arm-none-eabi/8.2.1/../../../../arm-none-eabi/lib/thumb/v7-m/nofp/libg_nano.a(lib_a-nano-freer.o)
                              /Users/sankalpagrawal/Library/xPacks/@gnu-mcu-eclipse/arm-none-eabi-gcc/8.2.1-1.1.1/.content/bin/../lib/gcc/arm-none-eabi/8.2.1/../../../../arm-none-eabi/lib/thumb/v7-m/nofp/libg_nano.a(lib_a-nano-svfprintf.o) (_free_r)
/Users/sankalpagrawal/Library/xPacks/@gnu-mcu-eclipse/arm-none-eabi-gcc/8.2.1-1.1.1/.content/bin/../lib/gcc/arm-none-eabi/8.2.1/../../../../arm-none-eabi/lib/thumb/v7-m/nofp/libg_nano.a(lib_a-nano-mallocr.o)
                              /Users/sankalpagrawal/Library/xPacks/@gnu-mcu-eclipse/arm-none-eabi-gcc/8.2.1-1.1.1/.content/bin/../lib/gcc/arm-none-eabi/8.2.1/../../../../arm-none-eabi/lib/thumb/v7-m/nofp/libg_nano.a(lib_a-nano-svfprintf.o) (_malloc_r)
/Users/sankalpagrawal/Library/xPacks/@gnu-mcu-eclipse/arm-none-eabi-gcc/8.2.1-1.1.1/.content/bin/../lib/gcc/arm-none-eabi/8.2.1/../../../../arm-none-eabi/lib/thumb/v7-m/nofp/libg_nano.a(lib_a-nano-reallocr.o)
                              /Users/sankalpagrawal/Library/xPacks/@gnu-mcu-eclipse/arm-none-eabi-gcc/8.2.1-1.1.1/.content/bin/../lib/gcc/arm-none-eabi/8.2.1/../../../../arm-none-eabi/lib/thumb/v7-m/nofp/libg_nano.a(lib_a-nano-svfprintf.o) (_realloc_r)
[...]
Memory Configuration

Name             Origin             Length             Attributes
RAM              0x0000000020000000 0x0000000000005000 xrw
CCMRAM           0x0000000000000000 0x0000000000000000 xrw
FLASH            0x0000000008000000 0x0000000000020000 xr
FLASHB1          0x0000000000000000 0x0000000000000000 xr
EXTMEMB0         0x0000000000000000 0x0000000000000000 xr
EXTMEMB1         0x0000000000000000 0x0000000000000000 xr
EXTMEMB2         0x0000000000000000 0x0000000000000000 xr
EXTMEMB3         0x0000000000000000 0x0000000000000000 xr
MEMORY_ARRAY     0x0000000000000000 0x0000000000000000 xrw
*default*        0x0000000000000000 0xffffffffffffffff

Linker script and memory map

LOAD ./system/src/stm32f1-stdperiph/misc.o
LOAD ./system/src/stm32f1-stdperiph/stm32f10x_gpio.o
LOAD ./system/src/stm32f1-stdperiph/stm32f10x_i2c.o
LOAD ./system/src/stm32f1-stdperiph/stm32f10x_rcc.o
LOAD ./system/src/newlib/_cxx.o
LOAD ./system/src/newlib/_exit.o
LOAD ./system/src/newlib/_sbrk.o
LOAD ./system/src/newlib/_startup.o
LOAD ./system/src/newlib/_syscalls.o
LOAD ./system/src/newlib/assert.o
LOAD ./system/src/diag/Trace.o
LOAD ./system/src/diag/trace_impl.o
LOAD ./system/src/cortexm/_initialize_hardware.o
LOAD ./system/src/cortexm/_reset_hardware.o
LOAD ./system/src/cortexm/exception_handlers.o
LOAD ./system/src/cmsis/system_stm32f10x.o
LOAD ./system/src/cmsis/vectors_stm32f10x.o
LOAD ./src/_write.o
LOAD ./src/main.o
LOAD /Users/sankalpagrawal/Library/xPacks/@gnu-mcu-eclipse/arm-none-eabi-gcc/8.2.1-1.1.1/.content/bin/../lib/gcc/arm-none-eabi/8.2.1/../../../../arm-none-eabi/lib/thumb/v7-m/nofp/libstdc++_nano.a
LOAD /Users/sankalpagrawal/Library/xPacks/@gnu-mcu-eclipse/arm-none-eabi-gcc/8.2.1-1.1.1/.content/bin/../lib/gcc/arm-none-eabi/8.2.1/../../../../arm-none-eabi/lib/thumb/v7-m/nofp/libm.a
START GROUP
LOAD /Users/sankalpagrawal/Library/xPacks/@gnu-mcu-eclipse/arm-none-eabi-gcc/8.2.1-1.1.1/.content/bin/../lib/gcc/arm-none-eabi/8.2.1/thumb/v7-m/nofp/libgcc.a
LOAD /Users/sankalpagrawal/Library/xPacks/@gnu-mcu-eclipse/arm-none-eabi-gcc/8.2.1-1.1.1/.content/bin/../lib/gcc/arm-none-eabi/8.2.1/../../../../arm-none-eabi/lib/thumb/v7-m/nofp/libg_nano.a
LOAD /Users/sankalpagrawal/Library/xPacks/@gnu-mcu-eclipse/arm-none-eabi-gcc/8.2.1-1.1.1/.content/bin/../lib/gcc/arm-none-eabi/8.2.1/../../../../arm-none-eabi/lib/thumb/v7-m/nofp/libc_nano.a
END GROUP
START GROUP
LOAD /Users/sankalpagrawal/Library/xPacks/@gnu-mcu-eclipse/arm-none-eabi-gcc/8.2.1-1.1.1/.content/bin/../lib/gcc/arm-none-eabi/8.2.1/thumb/v7-m/nofp/libgcc.a
LOAD /Users/sankalpagrawal/Library/xPacks/@gnu-mcu-eclipse/arm-none-eabi-gcc/8.2.1-1.1.1/.content/bin/../lib/gcc/arm-none-eabi/8.2.1/../../../../arm-none-eabi/lib/thumb/v7-m/nofp/libc_nano.a
END GROUP
                0x0000000020005000                __stack = (ORIGIN (RAM) + LENGTH (RAM))
                0x0000000020005000                _estack = __stack
                0x0000000000000400                __Main_Stack_Size = 0x400
                [!provide]                        PROVIDE (_Main_Stack_Size = __Main_Stack_Size)
                0x0000000020004c00                __Main_Stack_Limit = (__stack - __Main_Stack_Size)
                [!provide]                        PROVIDE (_Main_Stack_Limit = __Main_Stack_Limit)
                0x0000000000000100                _Minimum_Stack_Size = 0x100
                0x0000000020000144                PROVIDE (_Heap_Begin = _end_noinit)
                0x0000000020004c00                PROVIDE (_Heap_Limit = (__stack - __Main_Stack_Size))

.isr_vector     0x0000000008000000      0x350
 FILL mask 0xff
                0x0000000008000000                __vectors_start = ABSOLUTE (.)
                0x0000000008000000                __vectors_start__ = ABSOLUTE (.)
 *(.isr_vector)
 .isr_vector    0x0000000008000000      0x10c ./system/src/cmsis/vectors_stm32f10x.o
                0x0000000008000000                __isr_vectors
 *(.cfmconfig)
 *(.after_vectors .after_vectors.*)
 .after_vectors
                0x000000000800010c      0x114 ./system/src/newlib/_startup.o
                0x000000000800010c                _start
 .after_vectors
                0x0000000008000220      0x12c ./system/src/cortexm/exception_handlers.o
                0x0000000008000220                Reset_Handler
                0x0000000008000226                NMI_Handler
                0x000000000800022a                HardFault_Handler
                0x000000000800023e                HardFault_Handler_C
                0x000000000800029c                MemManage_Handler
                0x00000000080002a0                BusFault_Handler
                0x00000000080002b4                BusFault_Handler_C
                0x00000000080002e8                UsageFault_Handler
                0x00000000080002fc                UsageFault_Handler_C
                0x0000000008000330                SVC_Handler
                0x0000000008000334                DebugMon_Handler
                0x0000000008000338                PendSV_Handler
                0x000000000800033c                SysTick_Handler
 .after_vectors
                0x000000000800034c        0x4 ./system/src/cmsis/vectors_stm32f10x.o
                0x000000000800034c                TIM1_BRK_TIM15_IRQHandler
                0x000000000800034c                TIM8_TRG_COM_IRQHandler
                0x000000000800034c                TIM8_CC_IRQHandler
                0x000000000800034c                TIM1_CC_IRQHandler
                0x000000000800034c                TIM6_IRQHandler
                0x000000000800034c                PVD_IRQHandler
                0x000000000800034c                SDIO_IRQHandler
                0x000000000800034c                CAN2_RX1_IRQHandler
                0x000000000800034c                EXTI3_IRQHandler
                0x000000000800034c                TIM8_TRG_COM_TIM14_IRQHandler
                0x000000000800034c                TIM1_UP_TIM10_IRQHandler
                0x000000000800034c                TIM8_UP_TIM13_IRQHandler
                0x000000000800034c                EXTI0_IRQHandler
                0x000000000800034c                I2C2_EV_IRQHandler
                0x000000000800034c                CAN1_RX0_IRQHandler
                0x000000000800034c                TIM1_UP_TIM16_IRQHandler
                0x000000000800034c                CAN2_SCE_IRQHandler
                0x000000000800034c                ADC1_2_IRQHandler
                0x000000000800034c                SPI1_IRQHandler
                0x000000000800034c                TAMPER_IRQHandler
                0x000000000800034c                TIM6_DAC_IRQHandler
                0x000000000800034c                TIM1_BRK_TIM9_IRQHandler
                0x000000000800034c                CAN2_RX0_IRQHandler
                0x000000000800034c                TIM8_UP_IRQHandler
                0x000000000800034c                DMA2_Channel2_IRQHandler
                0x000000000800034c                DMA1_Channel4_IRQHandler
                0x000000000800034c                USART3_IRQHandler
                0x000000000800034c                RTC_IRQHandler
                0x000000000800034c                DMA1_Channel7_IRQHandler
                0x000000000800034c                CAN1_RX1_IRQHandler
                0x000000000800034c                UART5_IRQHandler
                0x000000000800034c                ADC3_IRQHandler
                0x000000000800034c                TIM4_IRQHandler
                0x000000000800034c                DMA2_Channel1_IRQHandler
                0x000000000800034c                I2C1_EV_IRQHandler
                0x000000000800034c                DMA1_Channel6_IRQHandler
                0x000000000800034c                UART4_IRQHandler
                0x000000000800034c                DMA2_Channel4_IRQHandler
                0x000000000800034c                TIM3_IRQHandler
                0x000000000800034c                RCC_IRQHandler
                0x000000000800034c                TIM8_BRK_TIM12_IRQHandler
                0x000000000800034c                TIM1_TRG_COM_IRQHandler
                0x000000000800034c                DMA1_Channel1_IRQHandler
                0x000000000800034c                Default_Handler
                0x000000000800034c                CEC_IRQHandler
                0x000000000800034c                EXTI15_10_IRQHandler
                0x000000000800034c                TIM14_IRQHandler
                0x000000000800034c                TIM13_IRQHandler
                0x000000000800034c                TIM12_IRQHandler
                0x000000000800034c                TIM7_IRQHandler
                0x000000000800034c                CAN2_TX_IRQHandler
                0x000000000800034c                TIM5_IRQHandler
                0x000000000800034c                EXTI9_5_IRQHandler
                0x000000000800034c                ETH_WKUP_IRQHandler
                0x000000000800034c                SPI2_IRQHandler
                0x000000000800034c                CAN1_TX_IRQHandler
                0x000000000800034c                DMA2_Channel5_IRQHandler
                0x000000000800034c                DMA1_Channel5_IRQHandler
                0x000000000800034c                EXTI4_IRQHandler
                0x000000000800034c                USB_LP_CAN1_RX0_IRQHandler
                0x000000000800034c                TIM1_TRG_COM_TIM17_IRQHandler
                0x000000000800034c                USB_HP_CAN1_TX_IRQHandler
                0x000000000800034c                DMA1_Channel3_IRQHandler
                0x000000000800034c                FSMC_IRQHandler
                0x000000000800034c                ETH_IRQHandler
                0x000000000800034c                TIM1_UP_IRQHandler
                0x000000000800034c                WWDG_IRQHandler
                0x000000000800034c                TIM2_IRQHandler
                0x000000000800034c                OTG_FS_WKUP_IRQHandler
                0x000000000800034c                TIM1_TRG_COM_TIM11_IRQHandler
                0x000000000800034c                TIM1_BRK_IRQHandler
                0x000000000800034c                EXTI1_IRQHandler
                0x000000000800034c                RTCAlarm_IRQHandler
                0x000000000800034c                DMA2_Channel4_5_IRQHandler
                0x000000000800034c                USART2_IRQHandler
                0x000000000800034c                I2C2_ER_IRQHandler
                0x000000000800034c                DMA1_Channel2_IRQHandler
                0x000000000800034c                TIM8_BRK_IRQHandler
                0x000000000800034c                CAN1_SCE_IRQHandler
                0x000000000800034c                FLASH_IRQHandler
                0x000000000800034c                USART1_IRQHandler
                0x000000000800034c                OTG_FS_IRQHandler
                0x000000000800034c                SPI3_IRQHandler
                0x000000000800034c                I2C1_ER_IRQHandler
                0x000000000800034c                USBWakeUp_IRQHandler
                0x000000000800034c                DMA2_Channel3_IRQHandler
                0x000000000800034c                EXTI2_IRQHandler

.inits          0x0000000008000350       0x28
                0x0000000008000350                __data_regions_array_start = .
                0x0000000008000350        0x4 LONG 0x8001b74 LOADADDR (.data)
                0x0000000008000354        0x4 LONG 0x20000000 ADDR (.data)
                0x0000000008000358        0x4 LONG 0x2000009c (ADDR (.data) + SIZEOF (.data))
                0x000000000800035c        0x4 LONG 0x8001b74 LOADADDR (.data_CCMRAM)
                0x0000000008000360        0x4 LONG 0x0 ADDR (.data_CCMRAM)
                0x0000000008000364        0x4 LONG 0x0 (ADDR (.data_CCMRAM) + SIZEOF (.data_CCMRAM))
                0x0000000008000368                __data_regions_array_end = .
                0x0000000008000368                __bss_regions_array_start = .
                0x0000000008000368        0x4 LONG 0x2000009c ADDR (.bss)
                0x000000000800036c        0x4 LONG 0x20000144 (ADDR (.bss) + SIZEOF (.bss))
                0x0000000008000370        0x4 LONG 0x0 ADDR (.bss_CCMRAM)
                0x0000000008000374        0x4 LONG 0x0 (ADDR (.bss_CCMRAM) + SIZEOF (.bss_CCMRAM))
                0x0000000008000378                __bss_regions_array_end = .
 *(.init)
 *(.fini)
                0x0000000008000378                . = ALIGN (0x4)
                0x0000000008000378                PROVIDE (__preinit_array_start = .)
 *(.preinit_array_sysinit .preinit_array_sysinit.*)
 *(.preinit_array_platform .preinit_array_platform.*)
 *(.preinit_array .preinit_array.*)
                0x0000000008000378                PROVIDE (__preinit_array_end = .)
                0x0000000008000378                . = ALIGN (0x4)
                0x0000000008000378                PROVIDE (__init_array_start = .)
 *(SORT_BY_NAME(.init_array.*))
 *(.init_array)
                0x0000000008000378                PROVIDE (__init_array_end = .)
                0x0000000008000378                . = ALIGN (0x4)
                0x0000000008000378                PROVIDE (__fini_array_start = .)
 *(SORT_BY_NAME(.fini_array.*))
 *(.fini_array)
                0x0000000008000378                PROVIDE (__fini_array_end = .)

.flashtext
 *(.flashtext .flashtext.*)

.text           0x0000000008000378     0x17fb
 *(.text .text.*)
 .text.GPIO_Init
                0x0000000008000378      0x134 ./system/src/stm32f1-stdperiph/stm32f10x_gpio.o
                0x0000000008000378                GPIO_Init
 .text.I2C_Init
                0x00000000080004ac      0x17c ./system/src/stm32f1-stdperiph/stm32f10x_i2c.o
                0x00000000080004ac                I2C_Init
 .text.I2C_Cmd  0x0000000008000628       0x50 ./system/src/stm32f1-stdperiph/stm32f10x_i2c.o
                0x0000000008000628                I2C_Cmd
 .text.I2C_GenerateSTART
                0x0000000008000678       0x50 ./system/src/stm32f1-stdperiph/stm32f10x_i2c.o
                0x0000000008000678                I2C_GenerateSTART
 .text.I2C_GenerateSTOP
                0x00000000080006c8       0x50 ./system/src/stm32f1-stdperiph/stm32f10x_i2c.o
                0x00000000080006c8                I2C_GenerateSTOP
 .text.I2C_SendData
                0x0000000008000718       0x2c ./system/src/stm32f1-stdperiph/stm32f10x_i2c.o
                0x0000000008000718                I2C_SendData
 .text.I2C_Send7bitAddress
                0x0000000008000744       0x4c ./system/src/stm32f1-stdperiph/stm32f10x_i2c.o
                0x0000000008000744                I2C_Send7bitAddress
 .text.I2C_CheckEvent
                0x0000000008000790       0xf0 ./system/src/stm32f1-stdperiph/stm32f10x_i2c.o
                0x0000000008000790                I2C_CheckEvent
 .text.I2C_GetFlagStatus
                0x0000000008000880       0xf8 ./system/src/stm32f1-stdperiph/stm32f10x_i2c.o
                0x0000000008000880                I2C_GetFlagStatus
 .text.RCC_GetClocksFreq
                0x0000000008000978       0xbc ./system/src/stm32f1-stdperiph/stm32f10x_rcc.o
                0x0000000008000978                RCC_GetClocksFreq
 .text.RCC_APB2PeriphClockCmd
                0x0000000008000a34       0x4c ./system/src/stm32f1-stdperiph/stm32f10x_rcc.o
                0x0000000008000a34                RCC_APB2PeriphClockCmd
 .text.RCC_APB1PeriphClockCmd
                0x0000000008000a80       0x4c ./system/src/stm32f1-stdperiph/stm32f10x_rcc.o
                0x0000000008000a80                RCC_APB1PeriphClockCmd
 .text._exit    0x0000000008000acc        0x2 ./system/src/newlib/_exit.o
                0x0000000008000acc                _exit
 *fill*         0x0000000008000ace        0x2 
 .text.abort    0x0000000008000ad0       0x14 ./system/src/newlib/_exit.o
                0x0000000008000ad0                abort
 .text._sbrk    0x0000000008000ae4       0x44 ./system/src/newlib/_sbrk.o
                0x0000000008000ae4                _sbrk
 .text.__initialize_args
                0x0000000008000b28       0x10 ./system/src/newlib/_syscalls.o
                0x0000000008000b28                __initialize_args
 .text.assert_failed
                0x0000000008000b38       0x14 ./system/src/newlib/assert.o
                0x0000000008000b38                assert_failed
 .text.trace_printf
                0x0000000008000b4c       0x34 ./system/src/diag/Trace.o
                0x0000000008000b4c                trace_printf
 .text.trace_puts
                0x0000000008000b80       0x20 ./system/src/diag/Trace.o
                0x0000000008000b80                trace_puts
 .text._trace_write_semihosting_debug
                0x0000000008000ba0       0x60 ./system/src/diag/trace_impl.o
 .text.trace_write
                0x0000000008000c00        0x8 ./system/src/diag/trace_impl.o
                0x0000000008000c00                trace_write
 .text.__initialize_hardware_early
                0x0000000008000c08       0x18 ./system/src/cortexm/_initialize_hardware.o
                0x0000000008000c08                __initialize_hardware_early
 .text.__initialize_hardware
                0x0000000008000c20        0x8 ./system/src/cortexm/_initialize_hardware.o
                0x0000000008000c20                __initialize_hardware
 .text.dumpExceptionStack
                0x0000000008000c28       0xf4 ./system/src/cortexm/exception_handlers.o
                0x0000000008000c28                dumpExceptionStack
 .text.isSemihosting
                0x0000000008000d1c       0x20 ./system/src/cortexm/exception_handlers.o
                0x0000000008000d1c                isSemihosting
 .text.SetSysClockTo72
                0x0000000008000d3c       0xc4 ./system/src/cmsis/system_stm32f10x.o
 .text.SetSysClock
                0x0000000008000e00        0x8 ./system/src/cmsis/system_stm32f10x.o
 .text.SystemInit
                0x0000000008000e08       0x50 ./system/src/cmsis/system_stm32f10x.o
                0x0000000008000e08                SystemInit
 .text.SystemCoreClockUpdate
                0x0000000008000e58       0x94 ./system/src/cmsis/system_stm32f10x.o
                0x0000000008000e58                SystemCoreClockUpdate
 .text._Z15GPIO_Init_localv
                0x0000000008000eec       0x34 ./src/main.o
                0x0000000008000eec                GPIO_Init_local()
 .text._Z14I2C_Init_localit
                0x0000000008000f20       0x78 ./src/main.o
                0x0000000008000f20                I2C_Init_local(int, unsigned short)
 .text._Z19i2c_start_conditionv
                0x0000000008000f98       0x30 ./src/main.o
                0x0000000008000f98                i2c_start_condition()
 .text._Z18i2c_stop_conditionv
                0x0000000008000fc8       0x20 ./src/main.o
                0x0000000008000fc8                i2c_stop_condition()
 .text._Z23i2c_setAddressDirectionhh
                0x0000000008000fe8       0x3c ./src/main.o
                0x0000000008000fe8                i2c_setAddressDirection(unsigned char, unsigned char)
 .text._Z12i2c_sendDatah
                0x0000000008001024       0x20 ./src/main.o
                0x0000000008001024                i2c_sendData(unsigned char)
 .text._Z9i2c_writehh
                0x0000000008001044       0x22 ./src/main.o
                0x0000000008001044                i2c_write(unsigned char, unsigned char)
 *fill*         0x0000000008001066        0x2 
 .text.main     0x0000000008001068       0x1c ./src/main.o
                0x0000000008001068                main
 .text.__errno  0x0000000008001084        0xc /Users/sankalpagrawal/Library/xPacks/@gnu-mcu-eclipse/arm-none-eabi-gcc/8.2.1-1.1.1/.content/bin/../lib/gcc/arm-none-eabi/8.2.1/../../../../arm-none-eabi/lib/thumb/v7-m/nofp/libg_nano.a(lib_a-errno.o)
                0x0000000008001084                __errno
 .text          0x0000000008001090       0x10 /Users/sankalpagrawal/Library/xPacks/@gnu-mcu-eclipse/arm-none-eabi-gcc/8.2.1-1.1.1/.content/bin/../lib/gcc/arm-none-eabi/8.2.1/../../../../arm-none-eabi/lib/thumb/v7-m/nofp/libg_nano.a(lib_a-strlen.o)
                0x0000000008001090                strlen
 .text._vsnprintf_r
                0x00000000080010a0       0x58 /Users/sankalpagrawal/Library/xPacks/@gnu-mcu-eclipse/arm-none-eabi-gcc/8.2.1-1.1.1/.content/bin/../lib/gcc/arm-none-eabi/8.2.1/../../../../arm-none-eabi/lib/thumb/v7-m/nofp/libg_nano.a(lib_a-vsnprintf.o)
                0x00000000080010a0                _vsnprintf_r
                0x00000000080010a0                _vsniprintf_r
 .text.vsnprintf
                0x00000000080010f8       0x1c /Users/sankalpagrawal/Library/xPacks/@gnu-mcu-eclipse/arm-none-eabi-gcc/8.2.1-1.1.1/.content/bin/../lib/gcc/arm-none-eabi/8.2.1/../../../../arm-none-eabi/lib/thumb/v7-m/nofp/libg_nano.a(lib_a-vsnprintf.o)
                0x00000000080010f8                vsnprintf
                0x00000000080010f8                vsniprintf
 .text.__ssputs_r
                0x0000000008001114       0xb6 /Users/sankalpagrawal/Library/xPacks/@gnu-mcu-eclipse/arm-none-eabi-gcc/8.2.1-1.1.1/.content/bin/../lib/gcc/arm-none-eabi/8.2.1/../../../../arm-none-eabi/lib/thumb/v7-m/nofp/libg_nano.a(lib_a-nano-svfprintf.o)
                0x0000000008001114                __ssputs_r
 *fill*         0x00000000080011ca        0x2 
 .text._svfprintf_r
                0x00000000080011cc      0x1f0 /Users/sankalpagrawal/Library/xPacks/@gnu-mcu-eclipse/arm-none-eabi-gcc/8.2.1-1.1.1/.content/bin/../lib/gcc/arm-none-eabi/8.2.1/../../../../arm-none-eabi/lib/thumb/v7-m/nofp/libg_nano.a(lib_a-nano-svfprintf.o)
                0x00000000080011cc                _svfprintf_r
                0x00000000080011cc                _svfiprintf_r
 .text._printf_common
                0x00000000080013bc       0xec /Users/sankalpagrawal/Library/xPacks/@gnu-mcu-eclipse/arm-none-eabi-gcc/8.2.1-1.1.1/.content/bin/../lib/gcc/arm-none-eabi/8.2.1/../../../../arm-none-eabi/lib/thumb/v7-m/nofp/libg_nano.a(lib_a-nano-vfprintf_i.o)
                0x00000000080013bc                _printf_common
 .text._printf_i
                0x00000000080014a8      0x22c /Users/sankalpagrawal/Library/xPacks/@gnu-mcu-eclipse/arm-none-eabi-gcc/8.2.1-1.1.1/.content/bin/../lib/gcc/arm-none-eabi/8.2.1/../../../../arm-none-eabi/lib/thumb/v7-m/nofp/libg_nano.a(lib_a-nano-vfprintf_i.o)
                0x00000000080014a8                _printf_i
 .text.memchr   0x00000000080016d4       0x1c /Users/sankalpagrawal/Library/xPacks/@gnu-mcu-eclipse/arm-none-eabi-gcc/8.2.1-1.1.1/.content/bin/../lib/gcc/arm-none-eabi/8.2.1/../../../../arm-none-eabi/lib/thumb/v7-m/nofp/libg_nano.a(lib_a-memchr-stub.o)
                0x00000000080016d4                memchr
 .text.memcpy   0x00000000080016f0       0x1c /Users/sankalpagrawal/Library/xPacks/@gnu-mcu-eclipse/arm-none-eabi-gcc/8.2.1-1.1.1/.content/bin/../lib/gcc/arm-none-eabi/8.2.1/../../../../arm-none-eabi/lib/thumb/v7-m/nofp/libg_nano.a(lib_a-memcpy-stub.o)
                0x00000000080016f0                memcpy
 .text.memmove  0x000000000800170c       0x34 /Users/sankalpagrawal/Library/xPacks/@gnu-mcu-eclipse/arm-none-eabi-gcc/8.2.1-1.1.1/.content/bin/../lib/gcc/arm-none-eabi/8.2.1/../../../../arm-none-eabi/lib/thumb/v7-m/nofp/libg_nano.a(lib_a-memmove.o)
                0x000000000800170c                memmove
 .text._free_r  0x0000000008001740       0x98 /Users/sankalpagrawal/Library/xPacks/@gnu-mcu-eclipse/arm-none-eabi-gcc/8.2.1-1.1.1/.content/bin/../lib/gcc/arm-none-eabi/8.2.1/../../../../arm-none-eabi/lib/thumb/v7-m/nofp/libg_nano.a(lib_a-nano-freer.o)
                0x0000000008001740                _free_r
 .text._malloc_r
                0x00000000080017d8       0xb4 /Users/sankalpagrawal/Library/xPacks/@gnu-mcu-eclipse/arm-none-eabi-gcc/8.2.1-1.1.1/.content/bin/../lib/gcc/arm-none-eabi/8.2.1/../../../../arm-none-eabi/lib/thumb/v7-m/nofp/libg_nano.a(lib_a-nano-mallocr.o)
                0x00000000080017d8                _malloc_r
 .text._realloc_r
                0x000000000800188c       0x4c /Users/sankalpagrawal/Library/xPacks/@gnu-mcu-eclipse/arm-none-eabi-gcc/8.2.1-1.1.1/.content/bin/../lib/gcc/arm-none-eabi/8.2.1/../../../../arm-none-eabi/lib/thumb/v7-m/nofp/libg_nano.a(lib_a-nano-reallocr.o)
                0x000000000800188c                _realloc_r
 .text._sbrk_r  0x00000000080018d8       0x20 /Users/sankalpagrawal/Library/xPacks/@gnu-mcu-eclipse/arm-none-eabi-gcc/8.2.1-1.1.1/.content/bin/../lib/gcc/arm-none-eabi/8.2.1/../../../../arm-none-eabi/lib/thumb/v7-m/nofp/libg_nano.a(lib_a-sbrkr.o)
                0x00000000080018d8                _sbrk_r
 .text.__malloc_lock
                0x00000000080018f8        0xc /Users/sankalpagrawal/Library/xPacks/@gnu-mcu-eclipse/arm-none-eabi-gcc/8.2.1-1.1.1/.content/bin/../lib/gcc/arm-none-eabi/8.2.1/../../../../arm-none-eabi/lib/thumb/v7-m/nofp/libg_nano.a(lib_a-mlock.o)
                0x00000000080018f8                __malloc_lock
 .text.__malloc_unlock
                0x0000000008001904        0xc /Users/sankalpagrawal/Library/xPacks/@gnu-mcu-eclipse/arm-none-eabi-gcc/8.2.1-1.1.1/.content/bin/../lib/gcc/arm-none-eabi/8.2.1/../../../../arm-none-eabi/lib/thumb/v7-m/nofp/libg_nano.a(lib_a-mlock.o)
                0x0000000008001904                __malloc_unlock
 .text._malloc_usable_size_r
                0x0000000008001910       0x10 /Users/sankalpagrawal/Library/xPacks/@gnu-mcu-eclipse/arm-none-eabi-gcc/8.2.1-1.1.1/.content/bin/../lib/gcc/arm-none-eabi/8.2.1/../../../../arm-none-eabi/lib/thumb/v7-m/nofp/libg_nano.a(lib_a-nano-msizer.o)
                0x0000000008001910                _malloc_usable_size_r
 .text.__retarget_lock_acquire_recursive
                0x0000000008001920        0x2 /Users/sankalpagrawal/Library/xPacks/@gnu-mcu-eclipse/arm-none-eabi-gcc/8.2.1-1.1.1/.content/bin/../lib/gcc/arm-none-eabi/8.2.1/../../../../arm-none-eabi/lib/thumb/v7-m/nofp/libg_nano.a(lib_a-lock.o)
                0x0000000008001920                __retarget_lock_acquire_recursive
 .text.__retarget_lock_release_recursive
                0x0000000008001922        0x2 /Users/sankalpagrawal/Library/xPacks/@gnu-mcu-eclipse/arm-none-eabi-gcc/8.2.1-1.1.1/.content/bin/../lib/gcc/arm-none-eabi/8.2.1/../../../../arm-none-eabi/lib/thumb/v7-m/nofp/libg_nano.a(lib_a-lock.o)
                0x0000000008001922                __retarget_lock_release_recursive
 *(.rodata .rodata.* .constdata .constdata.*)
 .rodata.GPIO_DeInit.str1.4
                0x0000000008001924       0x31 ./system/src/stm32f1-stdperiph/stm32f10x_gpio.o
 *fill*         0x0000000008001955        0x3 
 .rodata.I2C_DeInit.str1.4
                0x0000000008001958       0x30 ./system/src/stm32f1-stdperiph/stm32f10x_i2c.o
 .rodata.RCC_HSEConfig.str1.4
                0x0000000008001988       0x30 ./system/src/stm32f1-stdperiph/stm32f10x_rcc.o
 .rodata.abort.str1.4
                0x00000000080019b8       0x14 ./system/src/newlib/_exit.o
 .rodata.assert_failed.str1.4
                0x00000000080019cc       0x2b ./system/src/newlib/assert.o
 .rodata.trace_puts.str1.4
                0x00000000080019f7       0x2b ./system/src/diag/Trace.o
                                          0x2 (size before relaxing)
 *fill*         0x00000000080019f7        0x1 
 .rodata.dumpExceptionStack.str1.4
                0x00000000080019f8      0x11a ./system/src/cortexm/exception_handlers.o
 *fill*         0x0000000008001b12        0x2 
 .rodata.str1.4
                0x0000000008001b14       0x2c ./system/src/cortexm/exception_handlers.o
                                         0x2a (size before relaxing)
 .rodata._svfprintf_r.str1.1
                0x0000000008001b40       0x11 /Users/sankalpagrawal/Library/xPacks/@gnu-mcu-eclipse/arm-none-eabi-gcc/8.2.1-1.1.1/.content/bin/../lib/gcc/arm-none-eabi/8.2.1/../../../../arm-none-eabi/lib/thumb/v7-m/nofp/libg_nano.a(lib_a-nano-svfprintf.o)
 .rodata._printf_i.str1.1
                0x0000000008001b51       0x22 /Users/sankalpagrawal/Library/xPacks/@gnu-mcu-eclipse/arm-none-eabi-gcc/8.2.1-1.1.1/.content/bin/../lib/gcc/arm-none-eabi/8.2.1/../../../../arm-none-eabi/lib/thumb/v7-m/nofp/libg_nano.a(lib_a-nano-vfprintf_i.o)
 *(vtable)
 *(.eh_frame*)
 *(.glue_7)
 .glue_7        0x0000000008001b73        0x0 linker stubs
 *(.glue_7t)
 .glue_7t       0x0000000008001b73        0x0 linker stubs

.vfp11_veneer   0x0000000008001b74        0x0
 .vfp11_veneer  0x0000000008001b74        0x0 linker stubs

.v4_bx          0x0000000008001b74        0x0
 .v4_bx         0x0000000008001b74        0x0 linker stubs

.iplt           0x0000000008001b74        0x0
 .iplt          0x0000000008001b74        0x0 ./system/src/stm32f1-stdperiph/stm32f10x_gpio.o

.rel.dyn        0x0000000008001b74        0x0
 .rel.iplt      0x0000000008001b74        0x0 ./system/src/stm32f1-stdperiph/stm32f10x_gpio.o

.ARM.extab
 *(.ARM.extab* .gnu.linkonce.armextab.*)
                0x0000000008001b74                . = ALIGN (0x4)
                0x0000000008001b74                __exidx_start = .

.ARM.exidx
 *(.ARM.exidx* .gnu.linkonce.armexidx.*)
                0x0000000008001b74                __exidx_end = .
                0x0000000008001b74                . = ALIGN (0x4)
                0x0000000008001b74                _etext = .
                0x0000000008001b74                __etext = .

.data_CCMRAM    0x0000000000000000        0x0 load address 0x0000000008001b74
 FILL mask 0xff
 *(.data.CCMRAM .data.CCMRAM.*)
                0x0000000000000000                . = ALIGN (0x4)
                0x0000000008001b74                _sidata = LOADADDR (.data)

.data           0x0000000020000000       0x9c load address 0x0000000008001b74
 FILL mask 0xff
                0x0000000020000000                _sdata = .
                0x0000000020000000                __data_start__ = .
 *(.data_begin .data_begin.*)
 .data_begin    0x0000000020000000        0x4 ./system/src/newlib/_startup.o
 *(.data .data.*)
 .data.ADCPrescTable
                0x0000000020000004        0x4 ./system/src/stm32f1-stdperiph/stm32f10x_rcc.o
 .data.APBAHBPrescTable
                0x0000000020000008       0x10 ./system/src/stm32f1-stdperiph/stm32f10x_rcc.o
 .data.argv.4374
                0x0000000020000018        0x8 ./system/src/newlib/_syscalls.o
 .data.AHBPrescTable
                0x0000000020000020       0x10 ./system/src/cmsis/system_stm32f10x.o
                0x0000000020000020                AHBPrescTable
 .data.SystemCoreClock
                0x0000000020000030        0x4 ./system/src/cmsis/system_stm32f10x.o
                0x0000000020000030                SystemCoreClock
 .data._impure_ptr
                0x0000000020000034        0x4 /Users/sankalpagrawal/Library/xPacks/@gnu-mcu-eclipse/arm-none-eabi-gcc/8.2.1-1.1.1/.content/bin/../lib/gcc/arm-none-eabi/8.2.1/../../../../arm-none-eabi/lib/thumb/v7-m/nofp/libg_nano.a(lib_a-impure.o)
                0x0000000020000034                _impure_ptr
 .data.impure_data
                0x0000000020000038       0x60 /Users/sankalpagrawal/Library/xPacks/@gnu-mcu-eclipse/arm-none-eabi-gcc/8.2.1-1.1.1/.content/bin/../lib/gcc/arm-none-eabi/8.2.1/../../../../arm-none-eabi/lib/thumb/v7-m/nofp/libg_nano.a(lib_a-impure.o)
 *(.data_end .data_end.*)
 .data_end      0x0000000020000098        0x4 ./system/src/newlib/_startup.o
                0x000000002000009c                . = ALIGN (0x4)
                0x000000002000009c                _edata = .
                0x000000002000009c                __data_end__ = .

.igot.plt       0x000000002000009c        0x0 load address 0x0000000008001c10
 .igot.plt      0x000000002000009c        0x0 ./system/src/stm32f1-stdperiph/stm32f10x_gpio.o

.bss_CCMRAM     0x0000000000000000        0x0
 *(.bss.CCMRAM .bss.CCMRAM.*)

.bss            0x000000002000009c       0xa8
                0x000000002000009c                __bss_start__ = .
                0x000000002000009c                _sbss = .
 *(.bss_begin .bss_begin.*)
 .bss_begin     0x000000002000009c        0x4 ./system/src/newlib/_startup.o
 *(.bss .bss.*)
 .bss.current_heap_end.4004
                0x00000000200000a0        0x4 ./system/src/newlib/_sbrk.o
 .bss.name.4373
                0x00000000200000a4        0x1 ./system/src/newlib/_syscalls.o
 *fill*         0x00000000200000a5        0x3 
 .bss.buf.5248  0x00000000200000a8       0x80 ./system/src/diag/Trace.o
 .bss.__malloc_free_list
                0x0000000020000128        0x4 /Users/sankalpagrawal/Library/xPacks/@gnu-mcu-eclipse/arm-none-eabi-gcc/8.2.1-1.1.1/.content/bin/../lib/gcc/arm-none-eabi/8.2.1/../../../../arm-none-eabi/lib/thumb/v7-m/nofp/libg_nano.a(lib_a-nano-mallocr.o)
                0x0000000020000128                __malloc_free_list
 .bss.__malloc_sbrk_start
                0x000000002000012c        0x4 /Users/sankalpagrawal/Library/xPacks/@gnu-mcu-eclipse/arm-none-eabi-gcc/8.2.1-1.1.1/.content/bin/../lib/gcc/arm-none-eabi/8.2.1/../../../../arm-none-eabi/lib/thumb/v7-m/nofp/libg_nano.a(lib_a-nano-mallocr.o)
                0x000000002000012c                __malloc_sbrk_start
 *(COMMON)
 COMMON         0x0000000020000130        0x4 ./system/src/newlib/_syscalls.o
                0x0000000020000130                errno
 COMMON         0x0000000020000134        0x9 /Users/sankalpagrawal/Library/xPacks/@gnu-mcu-eclipse/arm-none-eabi-gcc/8.2.1-1.1.1/.content/bin/../lib/gcc/arm-none-eabi/8.2.1/../../../../arm-none-eabi/lib/thumb/v7-m/nofp/libg_nano.a(lib_a-lock.o)
                0x0000000020000134                __lock___atexit_recursive_mutex
                0x0000000020000135                __lock___arc4random_mutex
                0x0000000020000136                __lock___env_recursive_mutex
                0x0000000020000137                __lock___sinit_recursive_mutex
                0x0000000020000138                __lock___malloc_recursive_mutex
                0x0000000020000139                __lock___at_quick_exit_mutex
                0x000000002000013a                __lock___dd_hash_mutex
                0x000000002000013b                __lock___tz_mutex
                0x000000002000013c                __lock___sfp_recursive_mutex
 *(.bss_end .bss_end.*)
 *fill*         0x000000002000013d        0x3 
 .bss_end       0x0000000020000140        0x4 ./system/src/newlib/_startup.o
                0x0000000020000144                . = ALIGN (0x4)
                0x0000000020000144                __bss_end__ = .
                0x0000000020000144                _ebss = .

.noinit_CCMRAM
 *(.noinit.CCMRAM .noinit.CCMRAM.*)

.noinit         0x0000000020000144        0x0
                0x0000000020000144                _noinit = .
 *(.noinit .noinit.*)
                0x0000000020000144                . = ALIGN (0x4)
                0x0000000020000144                _end_noinit = .
                [!provide]                        PROVIDE (end = _end_noinit)
                [!provide]                        PROVIDE (_end = _end_noinit)
                [!provide]                        PROVIDE (__end = _end_noinit)
                [!provide]                        PROVIDE (__end__ = _end_noinit)

._check_stack   0x0000000020000144      0x100
                0x0000000020000244                . = (. + _Minimum_Stack_Size)
 *fill*         0x0000000020000144      0x100 

.b1text
 *(.b1text)
 *(.b1rodata)
 *(.b1rodata.*)

.eb0text
 *(.eb0text)
 *(.eb0rodata)
 *(.eb0rodata.*)

.eb1text
 *(.eb1text)
 *(.eb1rodata)
 *(.eb1rodata.*)

.eb2text
 *(.eb2text)
 *(.eb2rodata)
 *(.eb2rodata.*)

.eb3text
 *(.eb3text)
 *(.eb3rodata)
 *(.eb3rodata.*)

.stab
 *(.stab)

.stabstr
 *(.stabstr)

.stab.excl
 *(.stab.excl)

.stab.exclstr
 *(.stab.exclstr)

.stab.index
 *(.stab.index)

.stab.indexstr
 *(.stab.indexstr)

.comment        0x0000000000000000       0x68
 *(.comment)
 .comment       0x0000000000000000       0x68 ./system/src/stm32f1-stdperiph/stm32f10x_gpio.o
                                         0x69 (size before relaxing)
 .comment       0x0000000000000068       0x69 ./system/src/stm32f1-stdperiph/stm32f10x_i2c.o
 .comment       0x0000000000000068       0x69 ./system/src/stm32f1-stdperiph/stm32f10x_rcc.o
 .comment       0x0000000000000068       0x69 ./system/src/newlib/_exit.o
 .comment       0x0000000000000068       0x69 ./system/src/newlib/_sbrk.o
 .comment       0x0000000000000068       0x69 ./system/src/newlib/_startup.o
 .comment       0x0000000000000068       0x69 ./system/src/newlib/_syscalls.o
 .comment       0x0000000000000068       0x69 ./system/src/newlib/assert.o
 .comment       0x0000000000000068       0x69 ./system/src/diag/Trace.o
 .comment       0x0000000000000068       0x69 ./system/src/diag/trace_impl.o
 .comment       0x0000000000000068       0x69 ./system/src/cortexm/_initialize_hardware.o
 .comment       0x0000000000000068       0x69 ./system/src/cortexm/exception_handlers.o
 .comment       0x0000000000000068       0x69 ./system/src/cmsis/system_stm32f10x.o
 .comment       0x0000000000000068       0x69 ./system/src/cmsis/vectors_stm32f10x.o
 .comment       0x0000000000000068       0x69 ./src/main.o

.ARM.attributes
                0x0000000000000000       0x2b
 .ARM.attributes
                0x0000000000000000       0x2d ./system/src/stm32f1-stdperiph/stm32f10x_gpio.o
 .ARM.attributes
                0x000000000000002d       0x2d ./system/src/stm32f1-stdperiph/stm32f10x_i2c.o
 .ARM.attributes
                0x000000000000005a       0x2d ./system/src/stm32f1-stdperiph/stm32f10x_rcc.o
 .ARM.attributes
                0x0000000000000087       0x2d ./system/src/newlib/_exit.o
 .ARM.attributes
                0x00000000000000b4       0x2d ./system/src/newlib/_sbrk.o
 .ARM.attributes
                0x00000000000000e1       0x2d ./system/src/newlib/_startup.o
 .ARM.attributes
                0x000000000000010e       0x2d ./system/src/newlib/_syscalls.o
 .ARM.attributes
                0x000000000000013b       0x2d ./system/src/newlib/assert.o
 .ARM.attributes
                0x0000000000000168       0x2d ./system/src/diag/Trace.o
 .ARM.attributes
                0x0000000000000195       0x2d ./system/src/diag/trace_impl.o
 .ARM.attributes
                0x00000000000001c2       0x2d ./system/src/cortexm/_initialize_hardware.o
 .ARM.attributes
                0x00000000000001ef       0x2d ./system/src/cortexm/exception_handlers.o
 .ARM.attributes
                0x000000000000021c       0x2d ./system/src/cmsis/system_stm32f10x.o
 .ARM.attributes
                0x0000000000000249       0x2d ./system/src/cmsis/vectors_stm32f10x.o
 .ARM.attributes
                0x0000000000000276       0x2d ./src/main.o
 .ARM.attributes
                0x00000000000002a3       0x2d /Users/sankalpagrawal/Library/xPacks/@gnu-mcu-eclipse/arm-none-eabi-gcc/8.2.1-1.1.1/.content/bin/../lib/gcc/arm-none-eabi/8.2.1/../../../../arm-none-eabi/lib/thumb/v7-m/nofp/libg_nano.a(lib_a-errno.o)
 .ARM.attributes
                0x00000000000002d0       0x2d /Users/sankalpagrawal/Library/xPacks/@gnu-mcu-eclipse/arm-none-eabi-gcc/8.2.1-1.1.1/.content/bin/../lib/gcc/arm-none-eabi/8.2.1/../../../../arm-none-eabi/lib/thumb/v7-m/nofp/libg_nano.a(lib_a-impure.o)
 .ARM.attributes
                0x00000000000002fd       0x17 /Users/sankalpagrawal/Library/xPacks/@gnu-mcu-eclipse/arm-none-eabi-gcc/8.2.1-1.1.1/.content/bin/../lib/gcc/arm-none-eabi/8.2.1/../../../../arm-none-eabi/lib/thumb/v7-m/nofp/libg_nano.a(lib_a-strlen.o)
 .ARM.attributes
                0x0000000000000314       0x2d /Users/sankalpagrawal/Library/xPacks/@gnu-mcu-eclipse/arm-none-eabi-gcc/8.2.1-1.1.1/.content/bin/../lib/gcc/arm-none-eabi/8.2.1/../../../../arm-none-eabi/lib/thumb/v7-m/nofp/libg_nano.a(lib_a-vsnprintf.o)
 .ARM.attributes
                0x0000000000000341       0x2d /Users/sankalpagrawal/Library/xPacks/@gnu-mcu-eclipse/arm-none-eabi-gcc/8.2.1-1.1.1/.content/bin/../lib/gcc/arm-none-eabi/8.2.1/../../../../arm-none-eabi/lib/thumb/v7-m/nofp/libg_nano.a(lib_a-nano-svfprintf.o)
 .ARM.attributes
                0x000000000000036e       0x2d /Users/sankalpagrawal/Library/xPacks/@gnu-mcu-eclipse/arm-none-eabi-gcc/8.2.1-1.1.1/.content/bin/../lib/gcc/arm-none-eabi/8.2.1/../../../../arm-none-eabi/lib/thumb/v7-m/nofp/libg_nano.a(lib_a-nano-vfprintf_i.o)
 .ARM.attributes
                0x000000000000039b       0x2d /Users/sankalpagrawal/Library/xPacks/@gnu-mcu-eclipse/arm-none-eabi-gcc/8.2.1-1.1.1/.content/bin/../lib/gcc/arm-none-eabi/8.2.1/../../../../arm-none-eabi/lib/thumb/v7-m/nofp/libg_nano.a(lib_a-memchr-stub.o)
 .ARM.attributes
                0x00000000000003c8       0x2d /Users/sankalpagrawal/Library/xPacks/@gnu-mcu-eclipse/arm-none-eabi-gcc/8.2.1-1.1.1/.content/bin/../lib/gcc/arm-none-eabi/8.2.1/../../../../arm-none-eabi/lib/thumb/v7-m/nofp/libg_nano.a(lib_a-memcpy-stub.o)
 .ARM.attributes
                0x00000000000003f5       0x2d /Users/sankalpagrawal/Library/xPacks/@gnu-mcu-eclipse/arm-none-eabi-gcc/8.2.1-1.1.1/.content/bin/../lib/gcc/arm-none-eabi/8.2.1/../../../../arm-none-eabi/lib/thumb/v7-m/nofp/libg_nano.a(lib_a-memmove.o)
 .ARM.attributes
                0x0000000000000422       0x2d /Users/sankalpagrawal/Library/xPacks/@gnu-mcu-eclipse/arm-none-eabi-gcc/8.2.1-1.1.1/.content/bin/../lib/gcc/arm-none-eabi/8.2.1/../../../../arm-none-eabi/lib/thumb/v7-m/nofp/libg_nano.a(lib_a-nano-freer.o)
 .ARM.attributes
                0x000000000000044f       0x2d /Users/sankalpagrawal/Library/xPacks/@gnu-mcu-eclipse/arm-none-eabi-gcc/8.2.1-1.1.1/.content/bin/../lib/gcc/arm-none-eabi/8.2.1/../../../../arm-none-eabi/lib/thumb/v7-m/nofp/libg_nano.a(lib_a-nano-mallocr.o)
 .ARM.attributes
                0x000000000000047c       0x2d /Users/sankalpagrawal/Library/xPacks/@gnu-mcu-eclipse/arm-none-eabi-gcc/8.2.1-1.1.1/.content/bin/../lib/gcc/arm-none-eabi/8.2.1/../../../../arm-none-eabi/lib/thumb/v7-m/nofp/libg_nano.a(lib_a-nano-reallocr.o)
 .ARM.attributes
                0x00000000000004a9       0x2d /Users/sankalpagrawal/Library/xPacks/@gnu-mcu-eclipse/arm-none-eabi-gcc/8.2.1-1.1.1/.content/bin/../lib/gcc/arm-none-eabi/8.2.1/../../../../arm-none-eabi/lib/thumb/v7-m/nofp/libg_nano.a(lib_a-sbrkr.o)
 .ARM.attributes
                0x00000000000004d6       0x2d /Users/sankalpagrawal/Library/xPacks/@gnu-mcu-eclipse/arm-none-eabi-gcc/8.2.1-1.1.1/.content/bin/../lib/gcc/arm-none-eabi/8.2.1/../../../../arm-none-eabi/lib/thumb/v7-m/nofp/libg_nano.a(lib_a-mlock.o)
 .ARM.attributes
                0x0000000000000503       0x2d /Users/sankalpagrawal/Library/xPacks/@gnu-mcu-eclipse/arm-none-eabi-gcc/8.2.1-1.1.1/.content/bin/../lib/gcc/arm-none-eabi/8.2.1/../../../../arm-none-eabi/lib/thumb/v7-m/nofp/libg_nano.a(lib_a-nano-msizer.o)
 .ARM.attributes
                0x0000000000000530       0x2d /Users/sankalpagrawal/Library/xPacks/@gnu-mcu-eclipse/arm-none-eabi-gcc/8.2.1-1.1.1/.content/bin/../lib/gcc/arm-none-eabi/8.2.1/../../../../arm-none-eabi/lib/thumb/v7-m/nofp/libg_nano.a(lib_a-lock.o)

.debug
 *(.debug)

.line
 *(.line)

.debug_srcinfo
 *(.debug_srcinfo)

.debug_sfnames
 *(.debug_sfnames)

.debug_aranges  0x0000000000000000      0x5a8
 *(.debug_aranges)
 .debug_aranges
                0x0000000000000000       0xa8 ./system/src/stm32f1-stdperiph/stm32f10x_gpio.o
 .debug_aranges
                0x00000000000000a8      0x120 ./system/src/stm32f1-stdperiph/stm32f10x_i2c.o
 .debug_aranges
                0x00000000000001c8      0x118 ./system/src/stm32f1-stdperiph/stm32f10x_rcc.o
 .debug_aranges
                0x00000000000002e0       0x28 ./system/src/newlib/_exit.o
 .debug_aranges
                0x0000000000000308       0x20 ./system/src/newlib/_sbrk.o
 .debug_aranges
                0x0000000000000328       0x40 ./system/src/newlib/_startup.o
 .debug_aranges
                0x0000000000000368       0x30 ./system/src/newlib/_syscalls.o
 .debug_aranges
                0x0000000000000398       0x28 ./system/src/newlib/assert.o
 .debug_aranges
                0x00000000000003c0       0x38 ./system/src/diag/Trace.o
 .debug_aranges
                0x00000000000003f8       0x30 ./system/src/diag/trace_impl.o
 .debug_aranges
                0x0000000000000428       0x28 ./system/src/cortexm/_initialize_hardware.o
 .debug_aranges
                0x0000000000000450       0x90 ./system/src/cortexm/exception_handlers.o
 .debug_aranges
                0x00000000000004e0       0x38 ./system/src/cmsis/system_stm32f10x.o
 .debug_aranges
                0x0000000000000518       0x20 ./system/src/cmsis/vectors_stm32f10x.o
 .debug_aranges
                0x0000000000000538       0x70 ./src/main.o

.debug_pubnames
 *(.debug_pubnames)

.debug_info     0x0000000000000000     0xa302
 *(.debug_info .gnu.linkonce.wi.*)
 .debug_info    0x0000000000000000      0xce4 ./system/src/stm32f1-stdperiph/stm32f10x_gpio.o
 .debug_info    0x0000000000000ce4     0x14b8 ./system/src/stm32f1-stdperiph/stm32f10x_i2c.o
 .debug_info    0x000000000000219c      0xdbb ./system/src/stm32f1-stdperiph/stm32f10x_rcc.o
 .debug_info    0x0000000000002f57      0x9e7 ./system/src/newlib/_exit.o
 .debug_info    0x000000000000393e      0x9d4 ./system/src/newlib/_sbrk.o
 .debug_info    0x0000000000004312      0x4ce ./system/src/newlib/_startup.o
 .debug_info    0x00000000000047e0      0xab9 ./system/src/newlib/_syscalls.o
 .debug_info    0x0000000000005299      0xaaa ./system/src/newlib/assert.o
 .debug_info    0x0000000000005d43      0xbdb ./system/src/diag/Trace.o
 .debug_info    0x000000000000691e      0x3be ./system/src/diag/trace_impl.o
 .debug_info    0x0000000000006cdc      0x2d6 ./system/src/cortexm/_initialize_hardware.o
 .debug_info    0x0000000000006fb2     0x127b ./system/src/cortexm/exception_handlers.o
 .debug_info    0x000000000000822d      0x4e0 ./system/src/cmsis/system_stm32f10x.o
 .debug_info    0x000000000000870d       0xce ./system/src/cmsis/vectors_stm32f10x.o
 .debug_info    0x00000000000087db     0x1b27 ./src/main.o

.debug_abbrev   0x0000000000000000     0x20f5
 *(.debug_abbrev)
 .debug_abbrev  0x0000000000000000      0x24b ./system/src/stm32f1-stdperiph/stm32f10x_gpio.o
 .debug_abbrev  0x000000000000024b      0x22b ./system/src/stm32f1-stdperiph/stm32f10x_i2c.o
 .debug_abbrev  0x0000000000000476      0x240 ./system/src/stm32f1-stdperiph/stm32f10x_rcc.o
 .debug_abbrev  0x00000000000006b6      0x222 ./system/src/newlib/_exit.o
 .debug_abbrev  0x00000000000008d8      0x232 ./system/src/newlib/_sbrk.o
 .debug_abbrev  0x0000000000000b0a      0x1d7 ./system/src/newlib/_startup.o
 .debug_abbrev  0x0000000000000ce1      0x26d ./system/src/newlib/_syscalls.o
 .debug_abbrev  0x0000000000000f4e      0x222 ./system/src/newlib/assert.o
 .debug_abbrev  0x0000000000001170      0x2c6 ./system/src/diag/Trace.o
 .debug_abbrev  0x0000000000001436      0x221 ./system/src/diag/trace_impl.o
 .debug_abbrev  0x0000000000001657       0xfc ./system/src/cortexm/_initialize_hardware.o
 .debug_abbrev  0x0000000000001753      0x372 ./system/src/cortexm/exception_handlers.o
 .debug_abbrev  0x0000000000001ac5      0x19d ./system/src/cmsis/system_stm32f10x.o
 .debug_abbrev  0x0000000000001c62       0xa5 ./system/src/cmsis/vectors_stm32f10x.o
 .debug_abbrev  0x0000000000001d07      0x3ee ./src/main.o

.debug_line     0x0000000000000000     0x6e25
 *(.debug_line)
 .debug_line    0x0000000000000000      0xd10 ./system/src/stm32f1-stdperiph/stm32f10x_gpio.o
 .debug_line    0x0000000000000d10     0x10d7 ./system/src/stm32f1-stdperiph/stm32f10x_i2c.o
 .debug_line    0x0000000000001de7      0xdef ./system/src/stm32f1-stdperiph/stm32f10x_rcc.o
 .debug_line    0x0000000000002bd6      0x3fe ./system/src/newlib/_exit.o
 .debug_line    0x0000000000002fd4      0x3ef ./system/src/newlib/_sbrk.o
 .debug_line    0x00000000000033c3      0x610 ./system/src/newlib/_startup.o
 .debug_line    0x00000000000039d3      0x4fb ./system/src/newlib/_syscalls.o
 .debug_line    0x0000000000003ece      0x441 ./system/src/newlib/assert.o
 .debug_line    0x000000000000430f      0x4da ./system/src/diag/Trace.o
 .debug_line    0x00000000000047e9      0x752 ./system/src/diag/trace_impl.o
 .debug_line    0x0000000000004f3b      0x3ac ./system/src/cortexm/_initialize_hardware.o
 .debug_line    0x00000000000052e7      0x93f ./system/src/cortexm/exception_handlers.o
 .debug_line    0x0000000000005c26      0x5b8 ./system/src/cmsis/system_stm32f10x.o
 .debug_line    0x00000000000061de      0x137 ./system/src/cmsis/vectors_stm32f10x.o
 .debug_line    0x0000000000006315      0xb10 ./src/main.o

.debug_frame    0x0000000000000000     0x120c
 *(.debug_frame)
 .debug_frame   0x0000000000000000      0x1e8 ./system/src/stm32f1-stdperiph/stm32f10x_gpio.o
 .debug_frame   0x00000000000001e8      0x3ac ./system/src/stm32f1-stdperiph/stm32f10x_i2c.o
 .debug_frame   0x0000000000000594      0x320 ./system/src/stm32f1-stdperiph/stm32f10x_rcc.o
 .debug_frame   0x00000000000008b4       0x38 ./system/src/newlib/_exit.o
 .debug_frame   0x00000000000008ec       0x28 ./system/src/newlib/_sbrk.o
 .debug_frame   0x0000000000000914       0x7c ./system/src/newlib/_startup.o
 .debug_frame   0x0000000000000990       0x50 ./system/src/newlib/_syscalls.o
 .debug_frame   0x00000000000009e0       0x40 ./system/src/newlib/assert.o
 .debug_frame   0x0000000000000a20       0x94 ./system/src/diag/Trace.o
 .debug_frame   0x0000000000000ab4       0x64 ./system/src/diag/trace_impl.o
 .debug_frame   0x0000000000000b18       0x40 ./system/src/cortexm/_initialize_hardware.o
 .debug_frame   0x0000000000000b58      0x158 ./system/src/cortexm/exception_handlers.o
 .debug_frame   0x0000000000000cb0       0x6c ./system/src/cmsis/system_stm32f10x.o
 .debug_frame   0x0000000000000d1c       0x20 ./system/src/cmsis/vectors_stm32f10x.o
 .debug_frame   0x0000000000000d3c      0x12c ./src/main.o
 .debug_frame   0x0000000000000e68       0x20 /Users/sankalpagrawal/Library/xPacks/@gnu-mcu-eclipse/arm-none-eabi-gcc/8.2.1-1.1.1/.content/bin/../lib/gcc/arm-none-eabi/8.2.1/../../../../arm-none-eabi/lib/thumb/v7-m/nofp/libg_nano.a(lib_a-errno.o)
 .debug_frame   0x0000000000000e88       0x4c /Users/sankalpagrawal/Library/xPacks/@gnu-mcu-eclipse/arm-none-eabi-gcc/8.2.1-1.1.1/.content/bin/../lib/gcc/arm-none-eabi/8.2.1/../../../../arm-none-eabi/lib/thumb/v7-m/nofp/libg_nano.a(lib_a-vsnprintf.o)
 .debug_frame   0x0000000000000ed4       0x90 /Users/sankalpagrawal/Library/xPacks/@gnu-mcu-eclipse/arm-none-eabi-gcc/8.2.1-1.1.1/.content/bin/../lib/gcc/arm-none-eabi/8.2.1/../../../../arm-none-eabi/lib/thumb/v7-m/nofp/libg_nano.a(lib_a-nano-svfprintf.o)
 .debug_frame   0x0000000000000f64       0x60 /Users/sankalpagrawal/Library/xPacks/@gnu-mcu-eclipse/arm-none-eabi-gcc/8.2.1-1.1.1/.content/bin/../lib/gcc/arm-none-eabi/8.2.1/../../../../arm-none-eabi/lib/thumb/v7-m/nofp/libg_nano.a(lib_a-nano-vfprintf_i.o)
 .debug_frame   0x0000000000000fc4       0x28 /Users/sankalpagrawal/Library/xPacks/@gnu-mcu-eclipse/arm-none-eabi-gcc/8.2.1-1.1.1/.content/bin/../lib/gcc/arm-none-eabi/8.2.1/../../../../arm-none-eabi/lib/thumb/v7-m/nofp/libg_nano.a(lib_a-memchr-stub.o)
 .debug_frame   0x0000000000000fec       0x28 /Users/sankalpagrawal/Library/xPacks/@gnu-mcu-eclipse/arm-none-eabi-gcc/8.2.1-1.1.1/.content/bin/../lib/gcc/arm-none-eabi/8.2.1/../../../../arm-none-eabi/lib/thumb/v7-m/nofp/libg_nano.a(lib_a-memcpy-stub.o)
 .debug_frame   0x0000000000001014       0x28 /Users/sankalpagrawal/Library/xPacks/@gnu-mcu-eclipse/arm-none-eabi-gcc/8.2.1-1.1.1/.content/bin/../lib/gcc/arm-none-eabi/8.2.1/../../../../arm-none-eabi/lib/thumb/v7-m/nofp/libg_nano.a(lib_a-memmove.o)
 .debug_frame   0x000000000000103c       0x38 /Users/sankalpagrawal/Library/xPacks/@gnu-mcu-eclipse/arm-none-eabi-gcc/8.2.1-1.1.1/.content/bin/../lib/gcc/arm-none-eabi/8.2.1/../../../../arm-none-eabi/lib/thumb/v7-m/nofp/libg_nano.a(lib_a-nano-freer.o)
 .debug_frame   0x0000000000001074       0x30 /Users/sankalpagrawal/Library/xPacks/@gnu-mcu-eclipse/arm-none-eabi-gcc/8.2.1-1.1.1/.content/bin/../lib/gcc/arm-none-eabi/8.2.1/../../../../arm-none-eabi/lib/thumb/v7-m/nofp/libg_nano.a(lib_a-nano-mallocr.o)
 .debug_frame   0x00000000000010a4       0x3c /Users/sankalpagrawal/Library/xPacks/@gnu-mcu-eclipse/arm-none-eabi-gcc/8.2.1-1.1.1/.content/bin/../lib/gcc/arm-none-eabi/8.2.1/../../../../arm-none-eabi/lib/thumb/v7-m/nofp/libg_nano.a(lib_a-nano-reallocr.o)
 .debug_frame   0x00000000000010e0       0x2c /Users/sankalpagrawal/Library/xPacks/@gnu-mcu-eclipse/arm-none-eabi-gcc/8.2.1-1.1.1/.content/bin/../lib/gcc/arm-none-eabi/8.2.1/../../../../arm-none-eabi/lib/thumb/v7-m/nofp/libg_nano.a(lib_a-sbrkr.o)
 .debug_frame   0x000000000000110c       0x30 /Users/sankalpagrawal/Library/xPacks/@gnu-mcu-eclipse/arm-none-eabi-gcc/8.2.1-1.1.1/.content/bin/../lib/gcc/arm-none-eabi/8.2.1/../../../../arm-none-eabi/lib/thumb/v7-m/nofp/libg_nano.a(lib_a-mlock.o)
 .debug_frame   0x000000000000113c       0x20 /Users/sankalpagrawal/Library/xPacks/@gnu-mcu-eclipse/arm-none-eabi-gcc/8.2.1-1.1.1/.content/bin/../lib/gcc/arm-none-eabi/8.2.1/../../../../arm-none-eabi/lib/thumb/v7-m/nofp/libg_nano.a(lib_a-nano-msizer.o)
 .debug_frame   0x000000000000115c       0xb0 /Users/sankalpagrawal/Library/xPacks/@gnu-mcu-eclipse/arm-none-eabi-gcc/8.2.1-1.1.1/.content/bin/../lib/gcc/arm-none-eabi/8.2.1/../../../../arm-none-eabi/lib/thumb/v7-m/nofp/libg_nano.a(lib_a-lock.o)

.debug_str      0x0000000000000000    0x594a3
 *(.debug_str)
 .debug_str     0x0000000000000000    0x4ec2a ./system/src/stm32f1-stdperiph/stm32f10x_gpio.o
                                      0x4ee08 (size before relaxing)
 .debug_str     0x000000000004ec2a      0x920 ./system/src/stm32f1-stdperiph/stm32f10x_i2c.o
                                      0x4f1bc (size before relaxing)
 .debug_str     0x000000000004f54a      0xaaa ./system/src/stm32f1-stdperiph/stm32f10x_rcc.o
                                      0x4f3d7 (size before relaxing)
 .debug_str     0x000000000004fff4     0x4eed ./system/src/newlib/_exit.o
                                       0x7eb0 (size before relaxing)
 .debug_str     0x0000000000054ee1      0x4ed ./system/src/newlib/_sbrk.o
                                       0x7262 (size before relaxing)
 .debug_str     0x00000000000553ce      0x260 ./system/src/newlib/_startup.o
                                       0x699d (size before relaxing)
 .debug_str     0x000000000005562e      0xdef ./system/src/newlib/_syscalls.o
                                       0x80ae (size before relaxing)
 .debug_str     0x000000000005641d       0xd0 ./system/src/newlib/assert.o
                                       0x89b5 (size before relaxing)
 .debug_str     0x00000000000564ed      0x819 ./system/src/diag/Trace.o
                                       0x8628 (size before relaxing)
 .debug_str     0x0000000000056d06      0x37b ./system/src/diag/trace_impl.o
                                      0x52a0e (size before relaxing)
 .debug_str     0x0000000000057081       0xb2 ./system/src/cortexm/_initialize_hardware.o
                                      0x4e8f2 (size before relaxing)
 .debug_str     0x0000000000057133      0x19d ./system/src/cortexm/exception_handlers.o
                                      0x53c33 (size before relaxing)
 .debug_str     0x00000000000572d0       0x96 ./system/src/cmsis/system_stm32f10x.o
                                      0x4e98c (size before relaxing)
 .debug_str     0x0000000000057366       0x57 ./system/src/cmsis/vectors_stm32f10x.o
                                       0x3931 (size before relaxing)
 .debug_str     0x00000000000573bd     0x20e6 ./src/main.o
                                      0x55f55 (size before relaxing)

.debug_loc      0x0000000000000000     0x332c
 *(.debug_loc)
 .debug_loc     0x0000000000000000      0x9f6 ./system/src/stm32f1-stdperiph/stm32f10x_gpio.o
 .debug_loc     0x00000000000009f6      0xe13 ./system/src/stm32f1-stdperiph/stm32f10x_i2c.o
 .debug_loc     0x0000000000001809      0xd2e ./system/src/stm32f1-stdperiph/stm32f10x_rcc.o
 .debug_loc     0x0000000000002537       0x15 ./system/src/newlib/_exit.o
 .debug_loc     0x000000000000254c       0x97 ./system/src/newlib/_sbrk.o
 .debug_loc     0x00000000000025e3      0x2a6 ./system/src/newlib/_startup.o
 .debug_loc     0x0000000000002889       0x6f ./system/src/newlib/_syscalls.o
 .debug_loc     0x00000000000028f8      0x160 ./system/src/newlib/assert.o
 .debug_loc     0x0000000000002a58      0x118 ./system/src/diag/Trace.o
 .debug_loc     0x0000000000002b70      0x1a1 ./system/src/diag/trace_impl.o
 .debug_loc     0x0000000000002d11      0x35c ./system/src/cortexm/exception_handlers.o
 .debug_loc     0x000000000000306d       0xff ./system/src/cmsis/system_stm32f10x.o
 .debug_loc     0x000000000000316c      0x1c0 ./src/main.o

.debug_macinfo
 *(.debug_macinfo)

.debug_weaknames
 *(.debug_weaknames)

.debug_funcnames
 *(.debug_funcnames)

.debug_typenames
 *(.debug_typenames)

.debug_varnames
 *(.debug_varnames)
OUTPUT(i2c_test.elf elf32-littlearm)

.debug_ranges   0x0000000000000000      0x500
 .debug_ranges  0x0000000000000000       0x98 ./system/src/stm32f1-stdperiph/stm32f10x_gpio.o
 .debug_ranges  0x0000000000000098      0x110 ./system/src/stm32f1-stdperiph/stm32f10x_i2c.o
 .debug_ranges  0x00000000000001a8      0x108 ./system/src/stm32f1-stdperiph/stm32f10x_rcc.o
 .debug_ranges  0x00000000000002b0       0x18 ./system/src/newlib/_exit.o
 .debug_ranges  0x00000000000002c8       0x10 ./system/src/newlib/_sbrk.o
 .debug_ranges  0x00000000000002d8       0x48 ./system/src/newlib/_startup.o
 .debug_ranges  0x0000000000000320       0x20 ./system/src/newlib/_syscalls.o
 .debug_ranges  0x0000000000000340       0x18 ./system/src/newlib/assert.o
 .debug_ranges  0x0000000000000358       0x28 ./system/src/diag/Trace.o
 .debug_ranges  0x0000000000000380       0x38 ./system/src/diag/trace_impl.o
 .debug_ranges  0x00000000000003b8       0x18 ./system/src/cortexm/_initialize_hardware.o
 .debug_ranges  0x00000000000003d0       0x98 ./system/src/cortexm/exception_handlers.o
 .debug_ranges  0x0000000000000468       0x28 ./system/src/cmsis/system_stm32f10x.o
 .debug_ranges  0x0000000000000490       0x10 ./system/src/cmsis/vectors_stm32f10x.o
 .debug_ranges  0x00000000000004a0       0x60 ./src/main.o

.debug_macro    0x0000000000000000     0x495c
 .debug_macro   0x0000000000000000      0x1b9 ./system/src/stm32f1-stdperiph/stm32f10x_gpio.o
 .debug_macro   0x00000000000001b9       0x8b ./system/src/stm32f1-stdperiph/stm32f10x_gpio.o
 .debug_macro   0x0000000000000244      0x2a6 ./system/src/stm32f1-stdperiph/stm32f10x_gpio.o
 .debug_macro   0x00000000000004ea      0x23d ./system/src/stm32f1-stdperiph/stm32f10x_i2c.o
 .debug_macro   0x0000000000000727      0x2ae ./system/src/stm32f1-stdperiph/stm32f10x_i2c.o
 .debug_macro   0x00000000000009d5      0x287 ./system/src/stm32f1-stdperiph/stm32f10x_rcc.o
 .debug_macro   0x0000000000000c5c      0x3dc ./system/src/stm32f1-stdperiph/stm32f10x_rcc.o
 .debug_macro   0x0000000000001038      0x1b4 ./system/src/newlib/_exit.o
 .debug_macro   0x00000000000011ec       0x34 ./system/src/newlib/_exit.o
 .debug_macro   0x0000000000001220      0x10e ./system/src/newlib/_exit.o
 .debug_macro   0x000000000000132e       0x8d ./system/src/newlib/_exit.o
 .debug_macro   0x00000000000013bb       0x43 ./system/src/newlib/_exit.o
 .debug_macro   0x00000000000013fe      0x339 ./system/src/newlib/_exit.o
 .debug_macro   0x0000000000001737       0x35 ./system/src/newlib/_exit.o
 .debug_macro   0x000000000000176c      0x169 ./system/src/newlib/_sbrk.o
 .debug_macro   0x00000000000018d5      0x174 ./system/src/newlib/_sbrk.o
 .debug_macro   0x0000000000001a49       0x10 ./system/src/newlib/_sbrk.o
 .debug_macro   0x0000000000001a59      0x23b ./system/src/newlib/_sbrk.o
 .debug_macro   0x0000000000001c94      0x173 ./system/src/newlib/_startup.o
 .debug_macro   0x0000000000001e07      0x1f3 ./system/src/newlib/_syscalls.o
 .debug_macro   0x0000000000001ffa       0x1c ./system/src/newlib/_syscalls.o
 .debug_macro   0x0000000000002016       0x10 ./system/src/newlib/_syscalls.o
 .debug_macro   0x0000000000002026       0x10 ./system/src/newlib/_syscalls.o
 .debug_macro   0x0000000000002036       0x10 ./system/src/newlib/_syscalls.o
 .debug_macro   0x0000000000002046       0x35 ./system/src/newlib/_syscalls.o
 .debug_macro   0x000000000000207b      0x122 ./system/src/newlib/_syscalls.o
 .debug_macro   0x000000000000219d       0x88 ./system/src/newlib/_syscalls.o
 .debug_macro   0x0000000000002225      0x10c ./system/src/newlib/_syscalls.o
 .debug_macro   0x0000000000002331      0x189 ./system/src/newlib/_syscalls.o
 .debug_macro   0x00000000000024ba       0x16 ./system/src/newlib/_syscalls.o
 .debug_macro   0x00000000000024d0      0x1d0 ./system/src/newlib/assert.o
 .debug_macro   0x00000000000026a0       0x1c ./system/src/newlib/assert.o
 .debug_macro   0x00000000000026bc      0x1fb ./system/src/diag/Trace.o
 .debug_macro   0x00000000000028b7       0x16 ./system/src/diag/Trace.o
 .debug_macro   0x00000000000028cd       0x97 ./system/src/diag/Trace.o
 .debug_macro   0x0000000000002964       0xfd ./system/src/diag/Trace.o
 .debug_macro   0x0000000000002a61       0x10 ./system/src/diag/Trace.o
 .debug_macro   0x0000000000002a71       0x16 ./system/src/diag/Trace.o
 .debug_macro   0x0000000000002a87      0x16f ./system/src/diag/Trace.o
 .debug_macro   0x0000000000002bf6       0x4c ./system/src/diag/Trace.o
 .debug_macro   0x0000000000002c42       0x16 ./system/src/diag/Trace.o
 .debug_macro   0x0000000000002c58      0x2da ./system/src/diag/trace_impl.o
 .debug_macro   0x0000000000002f32       0x10 ./system/src/diag/trace_impl.o
 .debug_macro   0x0000000000002f42       0xcf ./system/src/diag/trace_impl.o
 .debug_macro   0x0000000000003011       0xbe ./system/src/diag/trace_impl.o
 .debug_macro   0x00000000000030cf       0x22 ./system/src/diag/trace_impl.o
 .debug_macro   0x00000000000030f1      0x16b ./system/src/cortexm/_initialize_hardware.o
 .debug_macro   0x000000000000325c      0x324 ./system/src/cortexm/exception_handlers.o
 .debug_macro   0x0000000000003580       0x3b ./system/src/cortexm/exception_handlers.o
 .debug_macro   0x00000000000035bb       0x10 ./system/src/cortexm/exception_handlers.o
 .debug_macro   0x00000000000035cb      0x16e ./system/src/cmsis/system_stm32f10x.o
 .debug_macro   0x0000000000003739       0x34 ./system/src/cmsis/vectors_stm32f10x.o
 .debug_macro   0x000000000000376d      0x38f ./src/main.o
 .debug_macro   0x0000000000003afc       0x97 ./src/main.o
 .debug_macro   0x0000000000003b93      0x104 ./src/main.o
 .debug_macro   0x0000000000003c97      0x137 ./src/main.o
 .debug_macro   0x0000000000003dce      0xb8e ./src/main.o
